Component: ARM Compiler 5.05 update 1 (build 106) Tool: armlink [4d0efa]

==============================================================================

Section Cross References

    cppforstm32.o(.text) refers to stm32f4xx_usart.o(.text) for USART_GetFlagStatus
    cppforstm32.o(.ARM.exidx) refers to cppforstm32.o(.text) for .text
    main.o(.text) refers to printfa.o(i.__0printf) for __2printf
    main.o(.text) refers to strlen.o(.text) for strlen
    main.o(.text) refers to dji_api.o(.text) for DJI::onboardSDK::CoreAPI::sendToMobile(unsigned char*, unsigned char, void(*)(DJI::onboardSDK::CoreAPI*, DJI::onboardSDK::Header*, void*), void*)
    main.o(.text) refers to oled.o(.text) for OLED_Clear()
    main.o(.text) refers to delay.o(.text) for delay_init
    main.o(.text) refers to main.o(.constdata) for crc32tab
    main.o(.text) refers to main.o(.bss) for can_cache
    main.o(.text) refers to main.o(.data) for sta_start
    main.o(.text) refers to misc.o(.text) for NVIC_PriorityGroupConfig
    main.o(.text) refers to can.o(.text) for CAN1_Mode_Init(unsigned char, unsigned char, unsigned char, unsigned short, unsigned char)
    main.o(.text) refers to bsp.o(.text) for BSPinit()
    main.o(.text) refers to timer.o(.text) for delay_nms(unsigned short)
    main.o(.text) refers to dji_app.o(.text) for DJI::onboardSDK::CoreAPI::setBroadcastCallback(void(*)(DJI::onboardSDK::CoreAPI*, DJI::onboardSDK::Header*, void*), void*)
    main.o(.text) refers to activate.o(.text) for User_Activate()
    main.o(.text) refers to mobilecommand.o(.text) for mobileCommandHandler(DJI::onboardSDK::CoreAPI*, DJI::onboardSDK::Flight*)
    main.o(.text) refers to receive.o(.text) for TerminalCommand::terminalCommandHandler(DJI::onboardSDK::CoreAPI*, DJI::onboardSDK::Flight*)
    main.o(.text) refers to dji_link.o(.text) for DJI::onboardSDK::CoreAPI::sendPoll()
    main.o(.text) refers to stm32f4xx_usart.o(.text) for USART_SendData
    main.o(.text) refers to localnavigation.o(.data) for myFreq
    main.o(.text) refers to localnavigation.o(.bss) for droneState
    main.o(.text) refers to localnavigation.o(.text) for myRecvCallback(DJI::onboardSDK::CoreAPI*, DJI::onboardSDK::Header*, void*)
    main.o(.text) refers to receive.o(.bss) for myTerminal
    main.o(.text) refers to bspusart.o(.data) for USART_RX_STA
    main.o(.text) refers to bspusart.o(.bss) for USART_RX_BUF
    main.o(.text) refers to new.o(i._Znwj) for operator new(unsigned)
    main.o(.text) refers to dji_flight.o(.text) for DJI::onboardSDK::Flight::Flight(DJI::onboardSDK::CoreAPI*)
    main.o(.text) refers to dji_virtualrc.o(.text) for DJI::onboardSDK::VirtualRC::VirtualRC(DJI::onboardSDK::CoreAPI*)
    main.o(.text) refers to dji_harddriver.o(.constdata__ZTVN3DJI10onboardSDK10HardDriverE) for vtable for DJI::onboardSDK::HardDriver
    main.o(.text) refers to driver.o(.constdata__ZTV7STM32F4) for vtable for STM32F4
    main.o(.ARM.exidx) refers to main.o(.text) for .text
    main.o(.data) refers to main.o(.bss) for defaultAPI
    main.o(.init_array) refers to main.o(.text) for __sti___8_main_cpp_BMP1
    main.o(.init_array) refers to cpp_init.o(.text) for __cpp_initialize__aeabi_
    activate.o(.text) refers to dji_api.o(.text) for DJI::onboardSDK::CoreAPI::activate(DJI::onboardSDK::ActivateData*, void(*)(DJI::onboardSDK::CoreAPI*, DJI::onboardSDK::Header*, void*), void*)
    activate.o(.text) refers to activate.o(.data) for key_buf
    activate.o(.text) refers to main.o(.data) for coreApi
    activate.o(.ARM.exidx) refers to activate.o(.text) for .text
    virtualrc.o(.text) refers to dji_virtualrc.o(.text) for DJI::onboardSDK::VirtualRC::setControl(bool, DJI::onboardSDK::VirtualRC::CutOff)
    virtualrc.o(.text) refers to memmovea.o(.text) for __aeabi_memcpy
    virtualrc.o(.text) refers to main.o(.bss) for virtualrc
    virtualrc.o(.text) refers to virtualrc.o(.data) for VRCdataTurnF
    virtualrc.o(.text) refers to main.o(.data) for myVRCdata
    virtualrc.o(.ARM.exidx) refers to virtualrc.o(.text) for .text
    hotpoint.o(.text) refers to dji_app.o(.text) for DJI::onboardSDK::CoreAPI::getBroadcastData() const
    hotpoint.o(.text) refers to memmovea.o(.text) for __aeabi_memcpy4
    hotpoint.o(.text) refers to dji_hotpoint.o(.text) for DJI::onboardSDK::HotPoint::setHotPoint(DJI::onboardSDK::GPSPositionData)
    hotpoint.o(.text) refers to f2d.o(.text) for __aeabi_f2d
    hotpoint.o(.text) refers to hotpoint.o(.bss) for myGPSData
    hotpoint.o(.text) refers to main.o(.data) for coreApi
    hotpoint.o(.ARM.exidx) refers to hotpoint.o(.text) for .text
    hotpoint.o(.init_array) refers to hotpoint.o(.text) for __sti___12_HotPoint_cpp_hotpoint
    hotpoint.o(.init_array) refers to cpp_init.o(.text) for __cpp_initialize__aeabi_
    receive.o(.text) refers to stm32f4xx_usart.o(.text) for USART_GetFlagStatus
[...]
    TIM_ForcedOC1Config                      0x080036cb   Thumb Code    18  stm32f4xx_tim.o(.text)
    TIM_ForcedOC2Config                      0x080036dd   Thumb Code    26  stm32f4xx_tim.o(.text)
    TIM_ForcedOC3Config                      0x080036f7   Thumb Code    18  stm32f4xx_tim.o(.text)
    TIM_ForcedOC4Config                      0x08003709   Thumb Code    26  stm32f4xx_tim.o(.text)
    TIM_OC1PreloadConfig                     0x08003723   Thumb Code    18  stm32f4xx_tim.o(.text)
    TIM_OC2PreloadConfig                     0x08003735   Thumb Code    26  stm32f4xx_tim.o(.text)
    TIM_OC3PreloadConfig                     0x0800374f   Thumb Code    18  stm32f4xx_tim.o(.text)
    TIM_OC4PreloadConfig                     0x08003761   Thumb Code    26  stm32f4xx_tim.o(.text)
    TIM_OC1FastConfig                        0x0800377b   Thumb Code    18  stm32f4xx_tim.o(.text)
    TIM_OC2FastConfig                        0x0800378d   Thumb Code    26  stm32f4xx_tim.o(.text)
    TIM_OC3FastConfig                        0x080037a7   Thumb Code    18  stm32f4xx_tim.o(.text)
    TIM_OC4FastConfig                        0x080037b9   Thumb Code    26  stm32f4xx_tim.o(.text)
    TIM_ClearOC1Ref                          0x080037d3   Thumb Code    18  stm32f4xx_tim.o(.text)
    TIM_ClearOC2Ref                          0x080037e5   Thumb Code    24  stm32f4xx_tim.o(.text)
    TIM_ClearOC3Ref                          0x080037fd   Thumb Code    18  stm32f4xx_tim.o(.text)
    TIM_ClearOC4Ref                          0x0800380f   Thumb Code    24  stm32f4xx_tim.o(.text)
    TIM_OC1PolarityConfig                    0x08003827   Thumb Code    18  stm32f4xx_tim.o(.text)
    TIM_OC1NPolarityConfig                   0x08003839   Thumb Code    18  stm32f4xx_tim.o(.text)
    TIM_OC2PolarityConfig                    0x0800384b   Thumb Code    26  stm32f4xx_tim.o(.text)
    TIM_OC2NPolarityConfig                   0x08003865   Thumb Code    26  stm32f4xx_tim.o(.text)
    TIM_OC3PolarityConfig                    0x0800387f   Thumb Code    26  stm32f4xx_tim.o(.text)
    TIM_OC3NPolarityConfig                   0x08003899   Thumb Code    26  stm32f4xx_tim.o(.text)
    TIM_OC4PolarityConfig                    0x080038b3   Thumb Code    26  stm32f4xx_tim.o(.text)
    TIM_CCxCmd                               0x080038cd   Thumb Code    30  stm32f4xx_tim.o(.text)
    TIM_CCxNCmd                              0x080038eb   Thumb Code    30  stm32f4xx_tim.o(.text)
    TIM_SetIC4Prescaler                      0x08003909   Thumb Code    26  stm32f4xx_tim.o(.text)
    TIM_SetIC3Prescaler                      0x08003973   Thumb Code    18  stm32f4xx_tim.o(.text)
    TIM_SetIC2Prescaler                      0x080039cd   Thumb Code    26  stm32f4xx_tim.o(.text)
    TIM_SetIC1Prescaler                      0x08003a41   Thumb Code    18  stm32f4xx_tim.o(.text)
    TIM_ICInit                               0x08003a8d   Thumb Code   110  stm32f4xx_tim.o(.text)
    TIM_ICStructInit                         0x08003afb   Thumb Code    18  stm32f4xx_tim.o(.text)
    TIM_PWMIConfig                           0x08003b0d   Thumb Code   124  stm32f4xx_tim.o(.text)
    TIM_GetCapture1                          0x08003b89   Thumb Code     6  stm32f4xx_tim.o(.text)
    TIM_GetCapture2                          0x08003b8f   Thumb Code     6  stm32f4xx_tim.o(.text)
    TIM_GetCapture3                          0x08003b95   Thumb Code     6  stm32f4xx_tim.o(.text)
    TIM_GetCapture4                          0x08003b9b   Thumb Code     6  stm32f4xx_tim.o(.text)
    TIM_BDTRConfig                           0x08003ba1   Thumb Code    32  stm32f4xx_tim.o(.text)
    TIM_BDTRStructInit                       0x08003bc1   Thumb Code    18  stm32f4xx_tim.o(.text)
    TIM_CtrlPWMOutputs                       0x08003bd3   Thumb Code    30  stm32f4xx_tim.o(.text)
    TIM_SelectCOM                            0x08003bf1   Thumb Code    24  stm32f4xx_tim.o(.text)
    TIM_CCPreloadControl                     0x08003c09   Thumb Code    24  stm32f4xx_tim.o(.text)
    TIM_ITConfig                             0x08003c21   Thumb Code    18  stm32f4xx_tim.o(.text)
    TIM_GenerateEvent                        0x08003c33   Thumb Code     4  stm32f4xx_tim.o(.text)
    TIM_GetFlagStatus                        0x08003c37   Thumb Code    18  stm32f4xx_tim.o(.text)
    TIM_ClearFlag                            0x08003c49   Thumb Code     6  stm32f4xx_tim.o(.text)
    TIM_GetITStatus                          0x08003c4f   Thumb Code    34  stm32f4xx_tim.o(.text)
    TIM_ClearITPendingBit                    0x08003c71   Thumb Code     6  stm32f4xx_tim.o(.text)
    TIM_DMAConfig                            0x08003c77   Thumb Code    10  stm32f4xx_tim.o(.text)
    TIM_DMACmd                               0x08003c81   Thumb Code    18  stm32f4xx_tim.o(.text)
    TIM_SelectCCDMA                          0x08003c93   Thumb Code    24  stm32f4xx_tim.o(.text)
    TIM_InternalClockConfig                  0x08003cab   Thumb Code    12  stm32f4xx_tim.o(.text)
    TIM_SelectInputTrigger                   0x08003cb7   Thumb Code    18  stm32f4xx_tim.o(.text)
    TIM_ITRxExternalClockConfig              0x08003cc9   Thumb Code    24  stm32f4xx_tim.o(.text)
    TIM_TIxExternalClockConfig               0x08003ce1   Thumb Code    62  stm32f4xx_tim.o(.text)
    TIM_ETRConfig                            0x08003d1f   Thumb Code    28  stm32f4xx_tim.o(.text)
    TIM_ETRClockMode1Config                  0x08003d3b   Thumb Code    54  stm32f4xx_tim.o(.text)
    TIM_ETRClockMode2Config                  0x08003d71   Thumb Code    32  stm32f4xx_tim.o(.text)
    TIM_SelectOutputTrigger                  0x08003d91   Thumb Code    18  stm32f4xx_tim.o(.text)
    TIM_SelectSlaveMode                      0x08003da3   Thumb Code    18  stm32f4xx_tim.o(.text)
    TIM_SelectMasterSlaveMode                0x08003db5   Thumb Code    18  stm32f4xx_tim.o(.text)
    TIM_EncoderInterfaceConfig               0x08003dc7   Thumb Code    66  stm32f4xx_tim.o(.text)
    TIM_SelectHallSensor                     0x08003e09   Thumb Code    24  stm32f4xx_tim.o(.text)
    TIM_RemapConfig                          0x08003e21   Thumb Code     6  stm32f4xx_tim.o(.text)
    USART_DeInit                             0x08003e29   Thumb Code   206  stm32f4xx_usart.o(.text)
    USART_Init                               0x08003ef7   Thumb Code   204  stm32f4xx_usart.o(.text)
    USART_StructInit                         0x08003fc3   Thumb Code    24  stm32f4xx_usart.o(.text)
    USART_ClockInit                          0x08003fdb   Thumb Code    32  stm32f4xx_usart.o(.text)
    USART_ClockStructInit                    0x08003ffb   Thumb Code    12  stm32f4xx_usart.o(.text)
    USART_Cmd                                0x08004007   Thumb Code    24  stm32f4xx_usart.o(.text)
    USART_SetPrescaler                       0x0800401f   Thumb Code    16  stm32f4xx_usart.o(.text)
    USART_OverSampling8Cmd                   0x0800402f   Thumb Code    22  stm32f4xx_usart.o(.text)
    USART_OneBitMethodCmd                    0x08004045   Thumb Code    24  stm32f4xx_usart.o(.text)
    USART_SendData                           0x0800405d   Thumb Code     8  stm32f4xx_usart.o(.text)
    USART_ReceiveData                        0x08004065   Thumb Code    10  stm32f4xx_usart.o(.text)
    USART_SetAddress                         0x0800406f   Thumb Code    18  stm32f4xx_usart.o(.text)
    USART_ReceiverWakeUpCmd                  0x08004081   Thumb Code    24  stm32f4xx_usart.o(.text)
    USART_WakeUpConfig                       0x08004099   Thumb Code    18  stm32f4xx_usart.o(.text)
    USART_LINBreakDetectLengthConfig         0x080040ab   Thumb Code    18  stm32f4xx_usart.o(.text)
    USART_LINCmd                             0x080040bd   Thumb Code    24  stm32f4xx_usart.o(.text)
    USART_SendBreak                          0x080040d5   Thumb Code    10  stm32f4xx_usart.o(.text)
    USART_HalfDuplexCmd                      0x080040df   Thumb Code    24  stm32f4xx_usart.o(.text)
    USART_SetGuardTime                       0x080040f7   Thumb Code    16  stm32f4xx_usart.o(.text)
    USART_SmartCardCmd                       0x08004107   Thumb Code    24  stm32f4xx_usart.o(.text)
    USART_SmartCardNACKCmd                   0x0800411f   Thumb Code    24  stm32f4xx_usart.o(.text)
    USART_IrDAConfig                         0x08004137   Thumb Code    18  stm32f4xx_usart.o(.text)
    USART_IrDACmd                            0x08004149   Thumb Code    24  stm32f4xx_usart.o(.text)
    USART_DMACmd                             0x08004161   Thumb Code    18  stm32f4xx_usart.o(.text)
    USART_ITConfig                           0x08004173   Thumb Code    74  stm32f4xx_usart.o(.text)
    USART_GetFlagStatus                      0x080041bd   Thumb Code    26  stm32f4xx_usart.o(.text)
    USART_ClearFlag                          0x080041d7   Thumb Code    18  stm32f4xx_usart.o(.text)
    USART_GetITStatus                        0x080041e9   Thumb Code   118  stm32f4xx_usart.o(.text)
    USART_ClearITPendingBit                  0x0800425f   Thumb Code    30  stm32f4xx_usart.o(.text)
    SystemInit                               0x08004359   Thumb Code    88  system_stm32f4xx.o(.text)
    SystemCoreClockUpdate                    0x080043b1   Thumb Code   174  system_stm32f4xx.o(.text)
    Reset_Handler                            0x0800448d   Thumb Code     8  startup_stm32f40_41xxx.o(.text)
    NMI_Handler                              0x08004495   Thumb Code     2  startup_stm32f40_41xxx.o(.text)
    HardFault_Handler                        0x08004497   Thumb Code     2  startup_stm32f40_41xxx.o(.text)
    MemManage_Handler                        0x08004499   Thumb Code     2  startup_stm32f40_41xxx.o(.text)
    BusFault_Handler                         0x0800449b   Thumb Code     2  startup_stm32f40_41xxx.o(.text)
    UsageFault_Handler                       0x0800449d   Thumb Code     2  startup_stm32f40_41xxx.o(.text)
    SVC_Handler                              0x0800449f   Thumb Code     2  startup_stm32f40_41xxx.o(.text)
    DebugMon_Handler                         0x080044a1   Thumb Code     2  startup_stm32f40_41xxx.o(.text)
    PendSV_Handler                           0x080044a3   Thumb Code     2  startup_stm32f40_41xxx.o(.text)
    ADC_IRQHandler                           0x080044a7   Thumb Code     0  startup_stm32f40_41xxx.o(.text)
    CAN1_RX0_IRQHandler                      0x080044a7   Thumb Code     0  startup_stm32f40_41xxx.o(.text)
    CAN1_RX1_IRQHandler                      0x080044a7   Thumb Code     0  startup_stm32f40_41xxx.o(.text)
    CAN1_SCE_IRQHandler                      0x080044a7   Thumb Code     0  startup_stm32f40_41xxx.o(.text)
    CAN1_TX_IRQHandler                       0x080044a7   Thumb Code     0  startup_stm32f40_41xxx.o(.text)
    CAN2_RX0_IRQHandler                      0x080044a7   Thumb Code     0  startup_stm32f40_41xxx.o(.text)
    CAN2_RX1_IRQHandler                      0x080044a7   Thumb Code     0  startup_stm32f40_41xxx.o(.text)
    CAN2_SCE_IRQHandler                      0x080044a7   Thumb Code     0  startup_stm32f40_41xxx.o(.text)
    CAN2_TX_IRQHandler                       0x080044a7   Thumb Code     0  startup_stm32f40_41xxx.o(.text)
    CRYP_IRQHandler                          0x080044a7   Thumb Code     0  startup_stm32f40_41xxx.o(.text)
    DCMI_IRQHandler                          0x080044a7   Thumb Code     0  startup_stm32f40_41xxx.o(.text)
    DMA1_Stream0_IRQHandler                  0x080044a7   Thumb Code     0  startup_stm32f40_41xxx.o(.text)
    DMA1_Stream1_IRQHandler                  0x080044a7   Thumb Code     0  startup_stm32f40_41xxx.o(.text)
    DMA1_Stream2_IRQHandler                  0x080044a7   Thumb Code     0  startup_stm32f40_41xxx.o(.text)
    DMA1_Stream3_IRQHandler                  0x080044a7   Thumb Code     0  startup_stm32f40_41xxx.o(.text)
    DMA1_Stream4_IRQHandler                  0x080044a7   Thumb Code     0  startup_stm32f40_41xxx.o(.text)
    DMA1_Stream5_IRQHandler                  0x080044a7   Thumb Code     0  startup_stm32f40_41xxx.o(.text)
    DMA1_Stream6_IRQHandler                  0x080044a7   Thumb Code     0  startup_stm32f40_41xxx.o(.text)
    DMA1_Stream7_IRQHandler                  0x080044a7   Thumb Code     0  startup_stm32f40_41xxx.o(.text)
    DMA2_Stream0_IRQHandler                  0x080044a7   Thumb Code     0  startup_stm32f40_41xxx.o(.text)
    DMA2_Stream1_IRQHandler                  0x080044a7   Thumb Code     0  startup_stm32f40_41xxx.o(.text)
    DMA2_Stream2_IRQHandler                  0x080044a7   Thumb Code     0  startup_stm32f40_41xxx.o(.text)
    DMA2_Stream3_IRQHandler                  0x080044a7   Thumb Code     0  startup_stm32f40_41xxx.o(.text)
    DMA2_Stream4_IRQHandler                  0x080044a7   Thumb Code     0  startup_stm32f40_41xxx.o(.text)
    DMA2_Stream5_IRQHandler                  0x080044a7   Thumb Code     0  startup_stm32f40_41xxx.o(.text)
    DMA2_Stream6_IRQHandler                  0x080044a7   Thumb Code     0  startup_stm32f40_41xxx.o(.text)
    DMA2_Stream7_IRQHandler                  0x080044a7   Thumb Code     0  startup_stm32f40_41xxx.o(.text)
    ETH_IRQHandler                           0x080044a7   Thumb Code     0  startup_stm32f40_41xxx.o(.text)
    ETH_WKUP_IRQHandler                      0x080044a7   Thumb Code     0  startup_stm32f40_41xxx.o(.text)
    EXTI0_IRQHandler                         0x080044a7   Thumb Code     0  startup_stm32f40_41xxx.o(.text)
    EXTI15_10_IRQHandler                     0x080044a7   Thumb Code     0  startup_stm32f40_41xxx.o(.text)
    EXTI1_IRQHandler                         0x080044a7   Thumb Code     0  startup_stm32f40_41xxx.o(.text)
    EXTI2_IRQHandler                         0x080044a7   Thumb Code     0  startup_stm32f40_41xxx.o(.text)
    EXTI3_IRQHandler                         0x080044a7   Thumb Code     0  startup_stm32f40_41xxx.o(.text)
    EXTI4_IRQHandler                         0x080044a7   Thumb Code     0  startup_stm32f40_41xxx.o(.text)
    EXTI9_5_IRQHandler                       0x080044a7   Thumb Code     0  startup_stm32f40_41xxx.o(.text)
    FLASH_IRQHandler                         0x080044a7   Thumb Code     0  startup_stm32f40_41xxx.o(.text)
    FPU_IRQHandler                           0x080044a7   Thumb Code     0  startup_stm32f40_41xxx.o(.text)
    FSMC_IRQHandler                          0x080044a7   Thumb Code     0  startup_stm32f40_41xxx.o(.text)
    HASH_RNG_IRQHandler                      0x080044a7   Thumb Code     0  startup_stm32f40_41xxx.o(.text)
    I2C1_ER_IRQHandler                       0x080044a7   Thumb Code     0  startup_stm32f40_41xxx.o(.text)
    I2C1_EV_IRQHandler                       0x080044a7   Thumb Code     0  startup_stm32f40_41xxx.o(.text)
    I2C2_ER_IRQHandler                       0x080044a7   Thumb Code     0  startup_stm32f40_41xxx.o(.text)
    I2C2_EV_IRQHandler                       0x080044a7   Thumb Code     0  startup_stm32f40_41xxx.o(.text)
    I2C3_ER_IRQHandler                       0x080044a7   Thumb Code     0  startup_stm32f40_41xxx.o(.text)
    I2C3_EV_IRQHandler                       0x080044a7   Thumb Code     0  startup_stm32f40_41xxx.o(.text)
    OTG_FS_IRQHandler                        0x080044a7   Thumb Code     0  startup_stm32f40_41xxx.o(.text)
    OTG_FS_WKUP_IRQHandler                   0x080044a7   Thumb Code     0  startup_stm32f40_41xxx.o(.text)
    OTG_HS_EP1_IN_IRQHandler                 0x080044a7   Thumb Code     0  startup_stm32f40_41xxx.o(.text)
    OTG_HS_EP1_OUT_IRQHandler                0x080044a7   Thumb Code     0  startup_stm32f40_41xxx.o(.text)
    OTG_HS_IRQHandler                        0x080044a7   Thumb Code     0  startup_stm32f40_41xxx.o(.text)
    OTG_HS_WKUP_IRQHandler                   0x080044a7   Thumb Code     0  startup_stm32f40_41xxx.o(.text)
    PVD_IRQHandler                           0x080044a7   Thumb Code     0  startup_stm32f40_41xxx.o(.text)
    RCC_IRQHandler                           0x080044a7   Thumb Code     0  startup_stm32f40_41xxx.o(.text)
    RTC_Alarm_IRQHandler                     0x080044a7   Thumb Code     0  startup_stm32f40_41xxx.o(.text)
    RTC_WKUP_IRQHandler                      0x080044a7   Thumb Code     0  startup_stm32f40_41xxx.o(.text)
    SDIO_IRQHandler                          0x080044a7   Thumb Code     0  startup_stm32f40_41xxx.o(.text)
    SPI1_IRQHandler                          0x080044a7   Thumb Code     0  startup_stm32f40_41xxx.o(.text)
    SPI2_IRQHandler                          0x080044a7   Thumb Code     0  startup_stm32f40_41xxx.o(.text)
    SPI3_IRQHandler                          0x080044a7   Thumb Code     0  startup_stm32f40_41xxx.o(.text)
    TAMP_STAMP_IRQHandler                    0x080044a7   Thumb Code     0  startup_stm32f40_41xxx.o(.text)
    TIM1_BRK_TIM9_IRQHandler                 0x080044a7   Thumb Code     0  startup_stm32f40_41xxx.o(.text)
    TIM1_CC_IRQHandler                       0x080044a7   Thumb Code     0  startup_stm32f40_41xxx.o(.text)
    TIM1_TRG_COM_TIM11_IRQHandler            0x080044a7   Thumb Code     0  startup_stm32f40_41xxx.o(.text)
    TIM3_IRQHandler                          0x080044a7   Thumb Code     0  startup_stm32f40_41xxx.o(.text)
    TIM4_IRQHandler                          0x080044a7   Thumb Code     0  startup_stm32f40_41xxx.o(.text)
    TIM5_IRQHandler                          0x080044a7   Thumb Code     0  startup_stm32f40_41xxx.o(.text)
    TIM6_DAC_IRQHandler                      0x080044a7   Thumb Code     0  startup_stm32f40_41xxx.o(.text)
    TIM7_IRQHandler                          0x080044a7   Thumb Code     0  startup_stm32f40_41xxx.o(.text)
    TIM8_BRK_TIM12_IRQHandler                0x080044a7   Thumb Code     0  startup_stm32f40_41xxx.o(.text)
    TIM8_CC_IRQHandler                       0x080044a7   Thumb Code     0  startup_stm32f40_41xxx.o(.text)
    TIM8_TRG_COM_TIM14_IRQHandler            0x080044a7   Thumb Code     0  startup_stm32f40_41xxx.o(.text)
    TIM8_UP_TIM13_IRQHandler                 0x080044a7   Thumb Code     0  startup_stm32f40_41xxx.o(.text)
    UART4_IRQHandler                         0x080044a7   Thumb Code     0  startup_stm32f40_41xxx.o(.text)
    UART5_IRQHandler                         0x080044a7   Thumb Code     0  startup_stm32f40_41xxx.o(.text)
    USART1_IRQHandler                        0x080044a7   Thumb Code     0  startup_stm32f40_41xxx.o(.text)
    USART6_IRQHandler                        0x080044a7   Thumb Code     0  startup_stm32f40_41xxx.o(.text)
    WWDG_IRQHandler                          0x080044a7   Thumb Code     0  startup_stm32f40_41xxx.o(.text)
    DJI::onboardSDK::CoreAPI::init(DJI::onboardSDK::HardDriver*, DJI::onboardSDK::CallBackHandler, bool) 0x080044b1   Thumb Code   244  dji_api.o(.text)
    DJI::onboardSDK::CoreAPI::CoreAPI(DJI::onboardSDK::HardDriver*, bool, void(*)(DJI::onboardSDK::CoreAPI*, DJI::onboardSDK::Header*, void*), void*) 0x080045a5   Thumb Code    42  dji_api.o(.text)
    DJI::onboardSDK::CoreAPI::CoreAPI__sub_object(DJI::onboardSDK::HardDriver*, bool, void(*)(DJI::onboardSDK::CoreAPI*, DJI::onboardSDK::Header*, void*), void*) 0x080045a5   Thumb Code     0  dji_api.o(.text)
    DJI::onboardSDK::CoreAPI::getFwVersion() const 0x080045cf   Thumb Code     8  dji_api.o(.text)
    DJI::onboardSDK::CoreAPI::CoreAPI(DJI::onboardSDK::HardDriver*, DJI::onboardSDK::CallBackHandler, bool) 0x080045d7   Thumb Code    36  dji_api.o(.text)
    DJI::onboardSDK::CoreAPI::CoreAPI__sub_object(DJI::onboardSDK::HardDriver*, DJI::onboardSDK::CallBackHandler, bool) 0x080045d7   Thumb Code     0  dji_api.o(.text)
    DJI::onboardSDK::CoreAPI::ack(req_id_t, unsigned char*, int) 0x080045fb   Thumb Code    90  dji_api.o(.text)
    DJI::onboardSDK::CoreAPI::send(unsigned char, unsigned char, DJI::onboardSDK::CMD_SET, unsigned char, void*, int, void(*)(DJI::onboardSDK::CoreAPI*, DJI::onboardSDK::Header*, void*), int, int) 0x08004655   Thumb Code   128  dji_api.o(.text)
    DJI::onboardSDK::CoreAPI::send(unsigned char, bool, DJI::onboardSDK::CMD_SET, unsigned char, void*, unsigned, int, int, void(*)(DJI::onboardSDK::CoreAPI*, DJI::onboardSDK::Header*, void*), void*) 0x080046d5   Thumb Code   128  dji_api.o(.text)
    DJI::onboardSDK::CoreAPI::send(DJI::onboardSDK::Command*) 0x08004755   Thumb Code    16  dji_api.o(.text)
    DJI::onboardSDK::CoreAPI::activateCallback(DJI::onboardSDK::CoreAPI*, DJI::onboardSDK::Header*, void*) 0x08004765   Thumb Code  1092  dji_api.o(.text)
    DJI::onboardSDK::CoreAPI::activate(DJI::onboardSDK::ActivateData*, void(*)(DJI::onboardSDK::CoreAPI*, DJI::onboardSDK::Header*, void*), void*) 0x08004ba9   Thumb Code   200  dji_api.o(.text)
    DJI::onboardSDK::CoreAPI::parseDroneVersionInfo(unsigned char*) 0x08004c71   Thumb Code  3096  dji_api.o(.text)
    DJI::onboardSDK::CoreAPI::getDroneVersion(int) 0x08005889   Thumb Code   164  dji_api.o(.text)
    DJI::onboardSDK::CoreAPI::activate(DJI::onboardSDK::ActivateData*, int) 0x0800592d   Thumb Code   188  dji_api.o(.text)
    DJI::onboardSDK::CoreAPI::setControlCallback(DJI::onboardSDK::CoreAPI*, DJI::onboardSDK::Header*, void*) 0x080059e9   Thumb Code   882  dji_api.o(.text)
    DJI::onboardSDK::CoreAPI::setControl(bool, void(*)(DJI::onboardSDK::CoreAPI*, DJI::onboardSDK::Header*, void*), void*) 0x08005d5b   Thumb Code    78  dji_api.o(.text)
    DJI::onboardSDK::CoreAPI::setControl(bool, int) 0x08005da9   Thumb Code   516  dji_api.o(.text)
    DJI::onboardSDK::CoreAPI::getAccountData() const 0x08005fad   Thumb Code    20  dji_api.o(.text)
    DJI::onboardSDK::CoreAPI::setAccountData(const DJI::onboardSDK::ActivateData&) 0x08005fc1   Thumb Code    20  dji_api.o(.text)
    DJI::onboardSDK::CoreAPI::sendToMobileCallback(DJI::onboardSDK::CoreAPI*, DJI::onboardSDK::Header*, void*) 0x08005fd5   Thumb Code   220  dji_api.o(.text)
    DJI::onboardSDK::CoreAPI::sendToMobile(unsigned char*, unsigned char, void(*)(DJI::onboardSDK::CoreAPI*, DJI::onboardSDK::Header*, void*), void*) 0x080060b1   Thumb Code   144  dji_api.o(.text)
    DJI::onboardSDK::CoreAPI::setFrequencyCallback(DJI::onboardSDK::CoreAPI*, DJI::onboardSDK::Header*, void*) 0x08006141   Thumb Code   288  dji_api.o(.text)
    DJI::onboardSDK::CoreAPI::setBroadcastFreq(unsigned char*, void(*)(DJI::onboardSDK::CoreAPI*, DJI::onboardSDK::Header*, void*), void*) 0x08006261   Thumb Code   136  dji_api.o(.text)
    DJI::onboardSDK::CoreAPI::setBroadcastFreq(unsigned char*, int) 0x080062e9   Thumb Code   170  dji_api.o(.text)
    DJI::onboardSDK::CoreAPI::setBroadcastFreqDefaults() 0x08006393   Thumb Code   382  dji_api.o(.text)
    DJI::onboardSDK::CoreAPI::setBroadcastFreqDefaults(int) 0x08006511   Thumb Code   190  dji_api.o(.text)
    DJI::onboardSDK::CoreAPI::setBroadcastFreqToZero() 0x080065cf   Thumb Code    76  dji_api.o(.text)
    DJI::onboardSDK::CoreAPI::getDroneVersionCallback(DJI::onboardSDK::CoreAPI*, DJI::onboardSDK::Header*, void*) 0x0800661b   Thumb Code    42  dji_api.o(.text)
    DJI::onboardSDK::CoreAPI::getDroneVersion(void(*)(DJI::onboardSDK::CoreAPI*, DJI::onboardSDK::Header*, void*), void*) 0x08006645   Thumb Code    86  dji_api.o(.text)
    DJI::onboardSDK::CoreAPI::getHwVersion() const 0x0800669b   Thumb Code     8  dji_api.o(.text)
    DJI::onboardSDK::CoreAPI::getHwSerialNum() const 0x080066a3   Thumb Code     8  dji_api.o(.text)
    DJI::onboardSDK::CoreAPI::getTime() const 0x080066ab   Thumb Code    48  dji_api.o(.text)
    DJI::onboardSDK::CoreAPI::getFlightStatus() const 0x080066db   Thumb Code    32  dji_api.o(.text)
    DJI::onboardSDK::CoreAPI::getDriver() const 0x080066fb   Thumb Code    10  dji_api.o(.text)
    DJI::onboardSDK::CoreAPI::getSimpleACK() const 0x08006705   Thumb Code     8  dji_api.o(.text)
    DJI::onboardSDK::CoreAPI::setFromMobileCallback(DJI::onboardSDK::CallBackHandler) 0x0800670d   Thumb Code    16  dji_api.o(.text)
    DJI::onboardSDK::CoreAPI::parseFromMobileCallback(DJI::onboardSDK::CoreAPI*, DJI::onboardSDK::Header*, void*) 0x0800671d   Thumb Code   762  dji_api.o(.text)
    DJI::onboardSDK::CoreAPI::getFilter() const 0x08006a17   Thumb Code    22  dji_api.o(.text)
    DJI::onboardSDK::CoreAPI::getHotPointData() const 0x08006a2d   Thumb Code    10  dji_api.o(.text)
    DJI::onboardSDK::CoreAPI::getWayPointData() const 0x08006a37   Thumb Code    10  dji_api.o(.text)
    DJI::onboardSDK::CoreAPI::getFollowData() const 0x08006a41   Thumb Code    10  dji_api.o(.text)
    DJI::onboardSDK::CoreAPI::setHotPointData(bool) 0x08006a4b   Thumb Code     8  dji_api.o(.text)
    DJI::onboardSDK::CoreAPI::setWayPointData(bool) 0x08006a53   Thumb Code     8  dji_api.o(.text)
    DJI::onboardSDK::CoreAPI::setFollowData(bool) 0x08006a5b   Thumb Code     8  dji_api.o(.text)
    DJI::onboardSDK::CoreAPI::setDriver(DJI::onboardSDK::HardDriver*) 0x08006a63   Thumb Code     8  dji_api.o(.text)
    getCmdSet(DJI::onboardSDK::Header*)      0x08006a7d   Thumb Code    10  dji_app.o(.text)
    getCmdCode(DJI::onboardSDK::Header*)     0x08006a87   Thumb Code    12  dji_app.o(.text)
    DJI::onboardSDK::CoreAPI::setBroadcastFrameStatus(bool) 0x08006a93   Thumb Code     6  dji_app.o(.text)
    DJI::onboardSDK::CoreAPI::getBroadcastFrameStatus() 0x08006a99   Thumb Code     8  dji_app.o(.text)
    DJI::onboardSDK::CoreAPI::getBroadcastData() const 0x08006aa1   Thumb Code    62  dji_app.o(.text)
    DJI::onboardSDK::CoreAPI::getCtrlInfo() const 0x08006adf   Thumb Code    40  dji_app.o(.text)
    DJI::onboardSDK::CoreAPI::getBatteryCapacity() const 0x08006b07   Thumb Code    32  dji_app.o(.text)
    DJI::onboardSDK::CoreAPI::setBroadcastCallback(void(*)(DJI::onboardSDK::CoreAPI*, DJI::onboardSDK::Header*, void*), void*) 0x08006b27   Thumb Code    12  dji_app.o(.text)
    DJI::onboardSDK::CoreAPI::setFromMobileCallback(void(*)(DJI::onboardSDK::CoreAPI*, DJI::onboardSDK::Header*, void*), void*) 0x08006b33   Thumb Code    12  dji_app.o(.text)
    DJI::onboardSDK::CoreAPI::broadcast(DJI::onboardSDK::Header*) 0x08006b3f   Thumb Code   728  dji_app.o(.text)
    DJI::onboardSDK::CoreAPI::recvReqData(DJI::onboardSDK::Header*) 0x08006e17   Thumb Code  1154  dji_app.o(.text)
    rj_xtime(unsigned char)                  0x0800739d   Thumb Code    22  dji_codec.o(.text)
    aes_subBytes(unsigned char*)             0x080073b3   Thumb Code    24  dji_codec.o(.text)
    aes_subBytes_inv(unsigned char*)         0x080073cb   Thumb Code    24  dji_codec.o(.text)
    aes_addRoundKey(unsigned char*, unsigned char*) 0x080073e3   Thumb Code    28  dji_codec.o(.text)
    aes_addRoundKey_cpy(unsigned char*, unsigned char*, unsigned char*) 0x080073ff   Thumb Code    38  dji_codec.o(.text)
    aes_shiftRows(unsigned char*)            0x08007425   Thumb Code    50  dji_codec.o(.text)
    aes_shiftRows_inv(unsigned char*)        0x08007457   Thumb Code    50  dji_codec.o(.text)
    aes_mixColumns(unsigned char*)           0x08007489   Thumb Code   124  dji_codec.o(.text)
    aes_mixColumns_inv(unsigned char*)       0x08007505   Thumb Code   182  dji_codec.o(.text)
    aes_expandEncKey(unsigned char*, unsigned char*) 0x080075bb   Thumb Code   244  dji_codec.o(.text)
    aes_expandDecKey(unsigned char*, unsigned char*) 0x080076af   Thumb Code   254  dji_codec.o(.text)
    aes256_init(tagAES256Context*, unsigned char*) 0x080077ad   Thumb Code    58  dji_codec.o(.text)
    aes256_done(tagAES256Context*)           0x080077e7   Thumb Code    30  dji_codec.o(.text)
    aes256_encrypt_ecb(tagAES256Context*, unsigned char*) 0x08007805   Thumb Code   116  dji_codec.o(.text)
    aes256_decrypt_ecb(tagAES256Context*, unsigned char*) 0x08007879   Thumb Code   108  dji_codec.o(.text)
    crc16_update(unsigned short, unsigned char) 0x080078e5   Thumb Code    22  dji_codec.o(.text)
    crc32_update(unsigned, unsigned char)    0x080078fb   Thumb Code    22  dji_codec.o(.text)
    sdk_stream_crc16_calc(const unsigned char*, unsigned) 0x08007911   Thumb Code    34  dji_codec.o(.text)
    sdk_stream_crc32_calc(const unsigned char*, unsigned) 0x08007933   Thumb Code    34  dji_codec.o(.text)
    sdk_stream_prepare_lambda(DJI::onboardSDK::SDKFilter*) 0x08007955   Thumb Code    34  dji_codec.o(.text)
    encodeData(DJI::onboardSDK::SDKFilter*, DJI::onboardSDK::Header*, void(*)(tagAES256Context*, unsigned char*)) 0x08007977   Thumb Code   136  dji_codec.o(.text)
    sdk_stream_shift_data_lambda(DJI::onboardSDK::SDKFilter*) 0x080079ff   Thumb Code    30  dji_codec.o(.text)
    sdk_stream_update_reuse_part_lambda(DJI::onboardSDK::SDKFilter*) 0x08007a1d   Thumb Code    60  dji_codec.o(.text)
    calculateCRC(void*)                      0x08007a59   Thumb Code   110  dji_codec.o(.text)
    transformTwoByte(const char*, unsigned char*) 0x08007ac7   Thumb Code    60  dji_codec.o(.text)
    DJI::onboardSDK::CoreAPI::callApp(DJI::onboardSDK::SDKFilter*) 0x08007b03   Thumb Code    36  dji_codec.o(.text)
    DJI::onboardSDK::CoreAPI::verifyData(DJI::onboardSDK::SDKFilter*) 0x08007b27   Thumb Code    40  dji_codec.o(.text)
    DJI::onboardSDK::CoreAPI::verifyHead(DJI::onboardSDK::SDKFilter*) 0x08007b4f   Thumb Code    84  dji_codec.o(.text)
    DJI::onboardSDK::CoreAPI::checkStream(DJI::onboardSDK::SDKFilter*) 0x08007ba3   Thumb Code    56  dji_codec.o(.text)
    DJI::onboardSDK::CoreAPI::storeData(DJI::onboardSDK::SDKFilter*, unsigned char) 0x08007bdb   Thumb Code   108  dji_codec.o(.text)
    DJI::onboardSDK::CoreAPI::streamHandler(DJI::onboardSDK::SDKFilter*, unsigned char) 0x08007c47   Thumb Code    28  dji_codec.o(.text)
    DJI::onboardSDK::CoreAPI::byteHandler(unsigned char) 0x08007c63   Thumb Code    88  dji_codec.o(.text)
    DJI::onboardSDK::CoreAPI::byteStreamHandler(unsigned char*, unsigned) 0x08007cbb   Thumb Code     2  dji_codec.o(.text)
    DJI::onboardSDK::CoreAPI::decodeACKStatus(unsigned short) 0x08007cbd   Thumb Code   570  dji_codec.o(.text)
    DJI::onboardSDK::CoreAPI::setBroadcastActivation(unsigned) 0x08007ef7   Thumb Code     6  dji_codec.o(.text)
    DJI::onboardSDK::CoreAPI::encrypt(unsigned char*, const unsigned char*, unsigned short, unsigned char, unsigned char, unsigned char, unsigned short) 0x08007efd   Thumb Code   344  dji_codec.o(.text)
    DJI::onboardSDK::Flight::Flight(DJI::onboardSDK::CoreAPI*) 0x08008179   Thumb Code     4  dji_flight.o(.text)
    DJI::onboardSDK::Flight::Flight__sub_object(DJI::onboardSDK::CoreAPI*) 0x08008179   Thumb Code     0  dji_flight.o(.text)
    DJI::onboardSDK::Flight::taskCallback(DJI::onboardSDK::CoreAPI*, DJI::onboardSDK::Header*, void*) 0x0800817d   Thumb Code   206  dji_flight.o(.text)
    DJI::onboardSDK::Flight::task(DJI::onboardSDK::Flight::TASK, void(*)(DJI::onboardSDK::CoreAPI*, DJI::onboardSDK::Header*, void*), void*) 0x0800824b   Thumb Code    82  dji_flight.o(.text)
    DJI::onboardSDK::Flight::task(DJI::onboardSDK::Flight::TASK, int) 0x0800829d   Thumb Code   158  dji_flight.o(.text)
    DJI::onboardSDK::Flight::armCallback(DJI::onboardSDK::CoreAPI*, DJI::onboardSDK::Header*, void*) 0x0800833b   Thumb Code   448  dji_flight.o(.text)
    DJI::onboardSDK::Flight::setArm(bool, void(*)(DJI::onboardSDK::CoreAPI*, DJI::onboardSDK::Header*, void*), void*) 0x080084fb   Thumb Code    76  dji_flight.o(.text)
    DJI::onboardSDK::Flight::setArm(bool, int) 0x08008547   Thumb Code   510  dji_flight.o(.text)
    DJI::onboardSDK::Flight::setFlight(DJI::onboardSDK::FlightData*) 0x08008745   Thumb Code    58  dji_flight.o(.text)
    DJI::onboardSDK::Flight::control(unsigned char, float, float, float, float) 0x0800877f   Thumb Code    80  dji_flight.o(.text)
    DJI::onboardSDK::Flight::setMovementControl(unsigned char, float, float, float, float) 0x080087cf   Thumb Code   564  dji_flight.o(.text)
    DJI::onboardSDK::Flight::getQuaternion() const 0x08008a03   Thumb Code    56  dji_flight.o(.text)
    DJI::onboardSDK::Flight::toEulerAngle(DJI::onboardSDK::QuaternionData) 0x08008a3b   Thumb Code   546  dji_flight.o(.text)
    DJI::onboardSDK::Flight::getEulerAngle() const 0x08008c5d   Thumb Code    84  dji_flight.o(.text)
    DJI::onboardSDK::Flight::getPosition() const 0x08008cb1   Thumb Code    40  dji_flight.o(.text)
    DJI::onboardSDK::Flight::getVelocity() const 0x08008cd9   Thumb Code    42  dji_flight.o(.text)
    DJI::onboardSDK::Flight::getAcceleration() const 0x08008d03   Thumb Code    58  dji_flight.o(.text)
    DJI::onboardSDK::Flight::getYawRate() const 0x08008d3d   Thumb Code    40  dji_flight.o(.text)
    DJI::onboardSDK::Flight::getMagnet() const 0x08008d65   Thumb Code    42  dji_flight.o(.text)
    DJI::onboardSDK::Flight::getControlDevice() const 0x08008d8f   Thumb Code    42  dji_flight.o(.text)
    DJI::onboardSDK::Flight::getStatus() const 0x08008db9   Thumb Code    52  dji_flight.o(.text)
    DJI::onboardSDK::Flight::getControlMode() const 0x08008ded   Thumb Code    54  dji_flight.o(.text)
    DJI::onboardSDK::Flight::getYaw() const  0x08008e23   Thumb Code    76  dji_flight.o(.text)
    DJI::onboardSDK::Flight::getRoll() const 0x08008e6f   Thumb Code    76  dji_flight.o(.text)
    DJI::onboardSDK::Flight::getPitch() const 0x08008ebb   Thumb Code    76  dji_flight.o(.text)
    DJI::onboardSDK::Flight::toEulerianAngle(DJI::onboardSDK::QuaternionData) 0x08008f07   Thumb Code   522  dji_flight.o(.text)
    DJI::onboardSDK::Flight::toQuaternion(DJI::EulerianAngle) 0x08009111   Thumb Code   702  dji_flight.o(.text)
    DJI::onboardSDK::Flight::getApi() const  0x080093cf   Thumb Code     6  dji_flight.o(.text)
    DJI::onboardSDK::Flight::setApi(DJI::onboardSDK::CoreAPI*) 0x080093d5   Thumb Code     4  dji_flight.o(.text)
    DJI::onboardSDK::HardDriver::displayLog(const char*) 0x080093e9   Thumb Code    28  dji_harddriver.o(.text)
    DJI::onboardSDK::HotPoint::initData()    0x0800940d   Thumb Code   190  dji_hotpoint.o(.text)
    DJI::onboardSDK::HotPoint::HotPoint(DJI::onboardSDK::CoreAPI*) 0x080094cb   Thumb Code    18  dji_hotpoint.o(.text)
    DJI::onboardSDK::HotPoint::HotPoint__sub_object(DJI::onboardSDK::CoreAPI*) 0x080094cb   Thumb Code     0  dji_hotpoint.o(.text)
    DJI::onboardSDK::HotPoint::startCallback(DJI::onboardSDK::CoreAPI*, DJI::onboardSDK::Header*, void*) 0x080094dd   Thumb Code   318  dji_hotpoint.o(.text)
    DJI::onboardSDK::HotPoint::start(void(*)(DJI::onboardSDK::CoreAPI*, DJI::onboardSDK::Header*, void*), void*) 0x0800961b   Thumb Code    74  dji_hotpoint.o(.text)
    DJI::onboardSDK::HotPoint::start(int)    0x08009665   Thumb Code   158  dji_hotpoint.o(.text)
    DJI::onboardSDK::HotPoint::stop(void(*)(DJI::onboardSDK::CoreAPI*, DJI::onboardSDK::Header*, void*), void*) 0x08009703   Thumb Code    76  dji_hotpoint.o(.text)
    DJI::onboardSDK::HotPoint::stop(int)     0x0800974f   Thumb Code   152  dji_hotpoint.o(.text)
    DJI::onboardSDK::HotPoint::pause(bool, void(*)(DJI::onboardSDK::CoreAPI*, DJI::onboardSDK::Header*, void*), void*) 0x080097e7   Thumb Code    80  dji_hotpoint.o(.text)
    DJI::onboardSDK::HotPoint::pause(bool, int) 0x08009837   Thumb Code   388  dji_hotpoint.o(.text)
    DJI::onboardSDK::HotPoint::updateYawRate(DJI::onboardSDK::HotPoint::YawRate&, void(*)(DJI::onboardSDK::CoreAPI*, DJI::onboardSDK::Header*, void*), void*) 0x080099bb   Thumb Code    94  dji_hotpoint.o(.text)
    DJI::onboardSDK::HotPoint::updateYawRate(DJI::onboardSDK::HotPoint::YawRate&, int) 0x08009a19   Thumb Code   172  dji_hotpoint.o(.text)
    DJI::onboardSDK::HotPoint::updateYawRate(float, bool, void(*)(DJI::onboardSDK::CoreAPI*, DJI::onboardSDK::Header*, void*), void*) 0x08009ac5   Thumb Code    52  dji_hotpoint.o(.text)
    DJI::onboardSDK::HotPoint::updateRadius(float, void(*)(DJI::onboardSDK::CoreAPI*, DJI::onboardSDK::Header*, void*), void*) 0x08009af9   Thumb Code    76  dji_hotpoint.o(.text)
    DJI::onboardSDK::HotPoint::updateRadius(float, int) 0x08009b45   Thumb Code   154  dji_hotpoint.o(.text)
    DJI::onboardSDK::HotPoint::resetYaw(void(*)(DJI::onboardSDK::CoreAPI*, DJI::onboardSDK::Header*, void*), void*) 0x08009bdf   Thumb Code    76  dji_hotpoint.o(.text)
    DJI::onboardSDK::HotPoint::resetYaw(int) 0x08009c2b   Thumb Code   152  dji_hotpoint.o(.text)
    DJI::onboardSDK::HotPoint::readData(void(*)(DJI::onboardSDK::CoreAPI*, DJI::onboardSDK::Header*, void*), void*) 0x08009cc3   Thumb Code    76  dji_hotpoint.o(.text)
    DJI::onboardSDK::HotPoint::readData(int) 0x08009d0f   Thumb Code   152  dji_hotpoint.o(.text)
    DJI::onboardSDK::HotPoint::setData(const DJI::onboardSDK::HotPointData&) 0x08009da7   Thumb Code    30  dji_hotpoint.o(.text)
    DJI::onboardSDK::HotPoint::setHotPoint(double, double, double) 0x08009dc5   Thumb Code    50  dji_hotpoint.o(.text)
    DJI::onboardSDK::HotPoint::setHotPoint(DJI::onboardSDK::GPSPositionData) 0x08009df7   Thumb Code    46  dji_hotpoint.o(.text)
    DJI::onboardSDK::HotPoint::setRadius(double) 0x08009e25   Thumb Code    18  dji_hotpoint.o(.text)
    DJI::onboardSDK::HotPoint::setYawRate(float) 0x08009e37   Thumb Code    10  dji_hotpoint.o(.text)
    DJI::onboardSDK::HotPoint::setClockwise(bool) 0x08009e41   Thumb Code     6  dji_hotpoint.o(.text)
    DJI::onboardSDK::HotPoint::setCameraView(DJI::onboardSDK::HotPoint::View) 0x08009e47   Thumb Code     6  dji_hotpoint.o(.text)
    DJI::onboardSDK::HotPoint::setYawMode(DJI::onboardSDK::HotPoint::YawMode) 0x08009e4d   Thumb Code     6  dji_hotpoint.o(.text)
    DJI::onboardSDK::HotPoint::getData() const 0x08009e53   Thumb Code    18  dji_hotpoint.o(.text)
    DJI::onboardSDK::HotPoint::readCallback(DJI::onboardSDK::CoreAPI*, DJI::onboardSDK::Header*, void*) 0x08009e65   Thumb Code   250  dji_hotpoint.o(.text)
    calculateLength(unsigned short, unsigned short) 0x08009f69   Thumb Code    46  dji_link.o(.text)
    DJI::onboardSDK::CoreAPI::sendData(unsigned char*) 0x08009f97   Thumb Code   178  dji_link.o(.text)
    DJI::onboardSDK::CoreAPI::sendPoll()     0x0800a049   Thumb Code   302  dji_link.o(.text)
    DJI::onboardSDK::CoreAPI::readPoll()     0x0800a177   Thumb Code    56  dji_link.o(.text)
    DJI::onboardSDK::CoreAPI::callbackPoll(DJI::onboardSDK::CoreAPI*) 0x0800a1af   Thumb Code    66  dji_link.o(.text)
    DJI::onboardSDK::CoreAPI::allocateACK(DJI::onboardSDK::Header*) 0x0800a1f1   Thumb Code    40  dji_link.o(.text)
    DJI::onboardSDK::CoreAPI::notifyCaller(DJI::onboardSDK::Header*) 0x0800a219   Thumb Code    58  dji_link.o(.text)
    DJI::onboardSDK::CoreAPI::notifyNonBlockingCaller(DJI::onboardSDK::Header*) 0x0800a253   Thumb Code    90  dji_link.o(.text)
    DJI::onboardSDK::CoreAPI::setActivation(bool) 0x0800a2ad   Thumb Code    52  dji_link.o(.text)
    DJI::onboardSDK::CoreAPI::setACKFrameStatus(unsigned) 0x0800a2e1   Thumb Code     6  dji_link.o(.text)
    DJI::onboardSDK::CoreAPI::getACKFrameStatus() 0x0800a2e7   Thumb Code     8  dji_link.o(.text)
    DJI::onboardSDK::CoreAPI::setSyncFreq(unsigned) 0x0800a2ef   Thumb Code    46  dji_link.o(.text)
    DJI::onboardSDK::CoreAPI::setKey(const char*) 0x0800a31d   Thumb Code    24  dji_link.o(.text)
    DJI::onboardSDK::CoreAPI::appHandler(DJI::onboardSDK::Header*) 0x0800a335   Thumb Code   846  dji_link.o(.text)
    DJI::onboardSDK::CoreAPI::sendInterface(DJI::onboardSDK::Command*) 0x0800a683   Thumb Code  2406  dji_link.o(.text)
    DJI::onboardSDK::CoreAPI::ackInterface(DJI::onboardSDK::Ack*) 0x0800afe9   Thumb Code   484  dji_link.o(.text)
    DJI::onboardSDK::CoreAPI::setup()        0x0800b1cd   Thumb Code    18  dji_link.o(.text)
    freeMemory(DJI::onboardSDK::MMU_Tab*)    0x0800b1e1   Thumb Code    28  dji_memory.o(.text)
    DJI::onboardSDK::CoreAPI::setupMMU()     0x0800b1fd   Thumb Code   154  dji_memory.o(.text)
    DJI::onboardSDK::CoreAPI::setupSession() 0x0800b297   Thumb Code   148  dji_memory.o(.text)
    DJI::onboardSDK::CoreAPI::allocMemory(unsigned short) 0x0800b32b   Thumb Code   872  dji_memory.o(.text)
    DJI::onboardSDK::CoreAPI::freeSession(DJI::onboardSDK::CMDSession*) 0x0800b693   Thumb Code    30  dji_memory.o(.text)
    DJI::onboardSDK::CoreAPI::allocSession(unsigned short, unsigned short) 0x0800b6b1   Thumb Code   346  dji_memory.o(.text)
    DJI::onboardSDK::CoreAPI::freeACK(DJI::onboardSDK::ACKSession*) 0x0800b80b   Thumb Code    14  dji_memory.o(.text)
    DJI::onboardSDK::CoreAPI::allocACK(unsigned short, unsigned short) 0x0800b819   Thumb Code   244  dji_memory.o(.text)
    DJI::onboardSDK::CoreAPI::setWayPointEventCallback(DJI::onboardSDK::CallBackHandler) 0x0800b96d   Thumb Code    16  dji_mission.o(.text)
    DJI::onboardSDK::CoreAPI::setMisssionCallback(void(*)(DJI::onboardSDK::CoreAPI*, DJI::onboardSDK::Header*, void*), void*) 0x0800b97d   Thumb Code    12  dji_mission.o(.text)
    DJI::onboardSDK::CoreAPI::setHotPointCallback(void(*)(DJI::onboardSDK::CoreAPI*, DJI::onboardSDK::Header*, void*), void*) 0x0800b989   Thumb Code    12  dji_mission.o(.text)
    DJI::onboardSDK::CoreAPI::setWayPointCallback(void(*)(DJI::onboardSDK::CoreAPI*, DJI::onboardSDK::Header*, void*), void*) 0x0800b995   Thumb Code    12  dji_mission.o(.text)
    DJI::onboardSDK::CoreAPI::setFollowCallback(void(*)(DJI::onboardSDK::CoreAPI*, DJI::onboardSDK::Header*, void*), void*) 0x0800b9a1   Thumb Code    12  dji_mission.o(.text)
    DJI::onboardSDK::CoreAPI::setWayPointEventCallback(void(*)(DJI::onboardSDK::CoreAPI*, DJI::onboardSDK::Header*, void*), void*) 0x0800b9ad   Thumb Code    12  dji_mission.o(.text)
    DJI::onboardSDK::CoreAPI::decodeMissionStatus(unsigned char) 0x0800b9b9   Thumb Code   118  dji_mission.o(.text)
    DJI::onboardSDK::missionCallback(DJI::onboardSDK::CoreAPI*, DJI::onboardSDK::Header*, void*) 0x0800ba2f   Thumb Code   216  dji_mission.o(.text)
    DJI::onboardSDK::VirtualRC::resetData()  0x0800bbc5   Thumb Code    40  dji_virtualrc.o(.text)
    DJI::onboardSDK::VirtualRC::VirtualRC(DJI::onboardSDK::CoreAPI*) 0x0800bbed   Thumb Code    18  dji_virtualrc.o(.text)
    DJI::onboardSDK::VirtualRC::VirtualRC__sub_object(DJI::onboardSDK::CoreAPI*) 0x0800bbed   Thumb Code     0  dji_virtualrc.o(.text)
    DJI::onboardSDK::VirtualRC::setControl(bool, DJI::onboardSDK::VirtualRC::CutOff) 0x0800bbff   Thumb Code    82  dji_virtualrc.o(.text)
    DJI::onboardSDK::VirtualRC::sendData(DJI::onboardSDK::VirtualRCData) 0x0800bc51   Thumb Code    72  dji_virtualrc.o(.text)
    DJI::onboardSDK::VirtualRC::sendData()   0x0800bc99   Thumb Code    56  dji_virtualrc.o(.text)
    DJI::onboardSDK::VirtualRC::sendSafeModeData() 0x0800bcd1   Thumb Code    18  dji_virtualrc.o(.text)
    DJI::onboardSDK::VirtualRC::neutralVRCSticks() 0x0800bce3   Thumb Code    18  dji_virtualrc.o(.text)
    DJI::onboardSDK::VirtualRC::getVRCData() const 0x0800bcf5   Thumb Code    18  dji_virtualrc.o(.text)
    DJI::onboardSDK::VirtualRC::getRCData() const 0x0800bd07   Thumb Code    48  dji_virtualrc.o(.text)
    DJI::onboardSDK::VirtualRC::setVRCData(const DJI::onboardSDK::VirtualRCData&) 0x0800bd37   Thumb Code    18  dji_virtualrc.o(.text)
    DJI::onboardSDK::VirtualRC::isVirtualRC() const 0x0800bd49   Thumb Code    42  dji_virtualrc.o(.text)
    DJI::onboardSDK::VirtualRC::toRadioData(DJI::onboardSDK::VirtualRCData&) 0x0800bd73   Thumb Code   166  dji_virtualrc.o(.text)
    DJI::onboardSDK::VirtualRC::toRCData(DJI::onboardSDK::VirtualRCData&) 0x0800be19   Thumb Code   166  dji_virtualrc.o(.text)
    DJI::onboardSDK::VirtualRC::toVirtualRCData(DJI::onboardSDK::RadioData&) 0x0800bebf   Thumb Code   192  dji_virtualrc.o(.text)
    DJI::onboardSDK::VirtualRC::getApi() const 0x0800bf7f   Thumb Code     6  dji_virtualrc.o(.text)
    DJI::onboardSDK::VirtualRC::setApi(DJI::onboardSDK::CoreAPI*) 0x0800bf85   Thumb Code     4  dji_virtualrc.o(.text)
    CAN1_Mode_Init(unsigned char, unsigned char, unsigned char, unsigned short, unsigned char) 0x0800bf95   Thumb Code   208  can.o(.text)
    CAN1_Send_Msg(unsigned char*, unsigned char) 0x0800c065   Thumb Code   104  can.o(.text)
    CAN1_Receive_Msg(unsigned char*)         0x0800c0cd   Thumb Code    60  can.o(.text)
    OLED_WR_Byte(unsigned char, unsigned char) 0x0800c111   Thumb Code   108  oled.o(.text)
    OLED_Set_Pos(unsigned char, unsigned char) 0x0800c17d   Thumb Code    46  oled.o(.text)
    OLED_Display_On()                        0x0800c1ab   Thumb Code    28  oled.o(.text)
    OLED_Display_Off()                       0x0800c1c7   Thumb Code    28  oled.o(.text)
    OLED_Clear()                             0x0800c1e3   Thumb Code    64  oled.o(.text)
    OLED_ShowChar(unsigned char, unsigned char, unsigned char) 0x0800c223   Thumb Code   106  oled.o(.text)
    oled_pow(unsigned char, unsigned char)   0x0800c28d   Thumb Code    22  oled.o(.text)
    OLED_ShowNum(unsigned char, unsigned char, unsigned, unsigned char, unsigned char) 0x0800c2a3   Thumb Code   132  oled.o(.text)
    OLED_ShowString(unsigned char, unsigned char, char*) 0x0800c327   Thumb Code    54  oled.o(.text)
    OLED_ShowCHinese(unsigned char, unsigned char, unsigned char) 0x0800c35d   Thumb Code    98  oled.o(.text)
    OLED_DrawBMP(unsigned char, unsigned char, unsigned char, unsigned char, unsigned char*) 0x0800c3bf   Thumb Code   118  oled.o(.text)
    OLED_Init()                              0x0800c435   Thumb Code   348  oled.o(.text)
    OLED_DrawPoint(unsigned char, unsigned char, unsigned char) 0x0800c591   Thumb Code    92  oled.o(.text)
    OLED_Refresh_Gram()                      0x0800c5ed   Thumb Code    70  oled.o(.text)
    delay_init                               0x0800c639   Thumb Code    52  delay.o(.text)
    delay_us                                 0x0800c66d   Thumb Code    72  delay.o(.text)
    delay_xms(unsigned short)                0x0800c6b5   Thumb Code    72  delay.o(.text)
    delay_ms                                 0x0800c6fd   Thumb Code    56  delay.o(.text)
    arm_cos_f32                              0x0800c73d   Thumb Code   108  arm_cos_f32.o(.text)
    arm_sin_f32                              0x0800c7b5   Thumb Code   104  arm_sin_f32.o(.text)
    ___aeabi_memcpy8$move                    0x0800c829   Thumb Code     0  memmovea.o(.text)
    __aeabi_memcpy                           0x0800c829   Thumb Code    64  memmovea.o(.text)
    __aeabi_memcpy4                          0x0800c829   Thumb Code     0  memmovea.o(.text)
    __aeabi_memmove                          0x0800c829   Thumb Code     0  memmovea.o(.text)
    __aeabi_memmove4                         0x0800c829   Thumb Code     0  memmovea.o(.text)
    __aeabi_memmove8                         0x0800c829   Thumb Code     0  memmovea.o(.text)
    __aeabi_memset                           0x0800c869   Thumb Code    14  memseta.o(.text)
    __aeabi_memset4                          0x0800c869   Thumb Code     0  memseta.o(.text)
    __aeabi_memset8                          0x0800c869   Thumb Code     0  memseta.o(.text)
    __aeabi_memclr                           0x0800c877   Thumb Code     4  memseta.o(.text)
    __aeabi_memclr4                          0x0800c877   Thumb Code     0  memseta.o(.text)
    __aeabi_memclr8                          0x0800c877   Thumb Code     0  memseta.o(.text)
    _memset$wrapper                          0x0800c87b   Thumb Code    18  memseta.o(.text)
    strlen                                   0x0800c88d   Thumb Code    14  strlen.o(.text)
    strcmp                                   0x0800c89b   Thumb Code    28  strcmp.o(.text)
    __0sscanf                                0x0800c8b9   Thumb Code    48  __0sscanf.o(.text)
    _scanf_int                               0x0800c8f1   Thumb Code   332  _scanf_int.o(.text)
    __cpp_initialize__aeabi_                 0x0800ca3d   Thumb Code    22  cpp_init.o(.text)
    __aeabi_dadd                             0x0800ca5d   Thumb Code   322  dadd.o(.text)
    __aeabi_dsub                             0x0800cb9f   Thumb Code     6  dadd.o(.text)
    __aeabi_drsub                            0x0800cba5   Thumb Code     6  dadd.o(.text)
    __aeabi_dmul                             0x0800cbab   Thumb Code   228  dmul.o(.text)
    __aeabi_ui2d                             0x0800cc8f   Thumb Code    26  dfltui.o(.text)
    __aeabi_f2d                              0x0800cca9   Thumb Code    38  f2d.o(.text)
    __aeabi_cdcmpeq                          0x0800ccd1   Thumb Code     0  cdcmple.o(.text)
    __aeabi_cdcmple                          0x0800ccd1   Thumb Code    48  cdcmple.o(.text)
    __aeabi_cdrcmple                         0x0800cd01   Thumb Code    48  cdrcmple.o(.text)
    __aeabi_d2f                              0x0800cd31   Thumb Code    56  d2f.o(.text)
    __default_new_handler()                  0x0800cd69   Thumb Code     4  arm_newhandler_noexceptions.o(.text)
    __aeabi_uidiv                            0x0800cd6d   Thumb Code     0  uidiv.o(.text)
    __aeabi_uidivmod                         0x0800cd6d   Thumb Code    44  uidiv.o(.text)
    __aeabi_uldivmod                         0x0800cd99   Thumb Code    98  uldiv.o(.text)
    __aeabi_llsl                             0x0800cdfb   Thumb Code    30  llshl.o(.text)
    _ll_shift_l                              0x0800cdfb   Thumb Code     0  llshl.o(.text)
    __aeabi_lasr                             0x0800ce19   Thumb Code    36  llsshr.o(.text)
    _ll_sshift_r                             0x0800ce19   Thumb Code     0  llsshr.o(.text)
    _chval                                   0x0800ce3d   Thumb Code    28  _chval.o(.text)
    __vfscanf_char                           0x0800ce65   Thumb Code    20  scanf_char.o(.text)
    _sgetc                                   0x0800ce81   Thumb Code    30  _sgetc.o(.text)
    _sbackspace                              0x0800ce9f   Thumb Code    34  _sgetc.o(.text)
    __I$use$fp                               0x0800cec1   Thumb Code     0  iusefp.o(.text)
    __rt_new_handler_addr                    0x0800cec1   Thumb Code     4  cpp_memory.o(.text)
    __rt_SIGPVFN                             0x0800cec9   Thumb Code     2  cpp_signal.o(.text)
    __aeabi_unwind_cpp_pr0                   0x0800cecd   Thumb Code     4  cpp_unwinder.o(.text)
    __aeabi_unwind_cpp_pr1                   0x0800ced1   Thumb Code     4  cpp_unwinder.o(.text)
    _Unwind_DeleteException                  0x0800ced5   Thumb Code     2  cpp_unwinder.o(.text)
    _Unwind_Activity                         0x0800ced7   Thumb Code     2  cpp_unwinder.o(.text)
    _Unwind_RaiseException                   0x0800ced9   Thumb Code     4  cpp_unwinder.o(.text)
    __rt_eh_globals_addr                     0x0800cedd   Thumb Code    10  cpp_unwinder.o(.text)
    _float_round                             0x0800ceed   Thumb Code    18  fepilogue.o(.text)
    _float_epilogue                          0x0800ceff   Thumb Code    92  fepilogue.o(.text)
    _double_round                            0x0800cf5b   Thumb Code    30  depilogue.o(.text)
    _double_epilogue                         0x0800cf79   Thumb Code   156  depilogue.o(.text)
    __aeabi_ddiv                             0x0800d015   Thumb Code   222  ddiv.o(.text)
    __aeabi_d2ulz                            0x0800d0f3   Thumb Code    48  dfixul.o(.text)
    std::terminate()                         0x0800d123   Thumb Code    26  arm_exceptions_terminate.o(.text)
    __cxa_get_globals                        0x0800d143   Thumb Code    62  arm_exceptions_globs.o(.text)
    __scatterload                            0x0800d18d   Thumb Code    28  init.o(.text)
    __scatterload_rt2                        0x0800d18d   Thumb Code     0  init.o(.text)
    __aeabi_llsr                             0x0800d1b1   Thumb Code    32  llushr.o(.text)
    _ll_ushift_r                             0x0800d1b1   Thumb Code     0  llushr.o(.text)
    isspace                                  0x0800d1d1   Thumb Code    10  isspace_c.o(.text)
    __vfscanf                                0x0800d1dd   Thumb Code   808  _scanf.o(.text)
    _dsqrt                                   0x0800d509   Thumb Code   162  dsqrt.o(.text)
    __aeabi_i2d                              0x0800d5ab   Thumb Code    34  dflti.o(.text)
    __aeabi_d2iz                             0x0800d5cd   Thumb Code    62  dfixi.o(.text)
    __ARM_exceptions_buffer_init             0x0800d60b   Thumb Code    18  arm_exceptions_mem.o(.text)
    __ARM_exceptions_buffer_allocate         0x0800d61d   Thumb Code    22  arm_exceptions_mem.o(.text)
    __ARM_exceptions_buffer_free             0x0800d633   Thumb Code    20  arm_exceptions_mem.o(.text)
    __ctype_lookup                           0x0800d649   Thumb Code    34  ctype_c.o(.text)
    __decompress                             0x0800d671   Thumb Code     0  __dczerorl2.o(.text)
    __decompress1                            0x0800d671   Thumb Code    86  __dczerorl2.o(.text)
    passData(unsigned short, unsigned short&, void*, unsigned char*, unsigned, unsigned&) 0x0800d6c7   Thumb Code    58  dji_app.o(i._Z8passDatatRtPvPhjRj)
    DJI::onboardSDK::HardDriver::nonBlockWait() 0x0800d701   Thumb Code     2  driver.o(i._ZN3DJI10onboardSDK10HardDriver12nonBlockWaitEv)
    DJI::onboardSDK::HardDriver::freeNonBlockCBAck() 0x0800d703   Thumb Code     2  driver.o(i._ZN3DJI10onboardSDK10HardDriver17freeNonBlockCBAckEv)
    DJI::onboardSDK::HardDriver::lockNonBlockCBAck() 0x0800d705   Thumb Code     2  driver.o(i._ZN3DJI10onboardSDK10HardDriver17lockNonBlockCBAckEv)
    DJI::onboardSDK::HardDriver::freeProtocolHeader() 0x0800d707   Thumb Code     2  driver.o(i._ZN3DJI10onboardSDK10HardDriver18freeProtocolHeaderEv)
    DJI::onboardSDK::HardDriver::lockProtocolHeader() 0x0800d709   Thumb Code     2  driver.o(i._ZN3DJI10onboardSDK10HardDriver18lockProtocolHeaderEv)
    DJI::onboardSDK::HardDriver::notifyNonBlockCBAckRecv() 0x0800d70b   Thumb Code     2  driver.o(i._ZN3DJI10onboardSDK10HardDriver23notifyNonBlockCBAckRecvEv)
    STM32F4::freeMemory()                    0x0800d70d   Thumb Code     2  driver.o(i._ZN7STM32F410freeMemoryEv)
    STM32F4::lockMemory()                    0x0800d70f   Thumb Code     2  driver.o(i._ZN7STM32F410lockMemoryEv)
    STM32F4::wait(int)                       0x0800d711   Thumb Code     2  driver.o(i._ZN7STM32F44waitEi)
    STM32F4::notify()                        0x0800d713   Thumb Code     2  driver.o(i._ZN7STM32F46notifyEv)
    STM32F4::freeACK()                       0x0800d715   Thumb Code     2  driver.o(i._ZN7STM32F47freeACKEv)
    STM32F4::freeMSG()                       0x0800d717   Thumb Code     2  driver.o(i._ZN7STM32F47freeMSGEv)
    STM32F4::lockACK()                       0x0800d719   Thumb Code     2  driver.o(i._ZN7STM32F47lockACKEv)
    STM32F4::lockMSG()                       0x0800d71b   Thumb Code     2  driver.o(i._ZN7STM32F47lockMSGEv)
    STM32F4::readall(unsigned char*, unsigned) 0x0800d71d   Thumb Code     6  driver.o(i._ZN7STM32F47readallEPhj)
    operator new(unsigned)                   0x0800d725   Thumb Code    34  new.o(i._Znwj)
    __0printf                                0x0800d74d   Thumb Code    22  printfa.o(i.__0printf)
    __1printf                                0x0800d74d   Thumb Code     0  printfa.o(i.__0printf)
    __2printf                                0x0800d74d   Thumb Code     0  printfa.o(i.__0printf)
    __c89printf                              0x0800d74d   Thumb Code     0  printfa.o(i.__0printf)
    printf                                   0x0800d74d   Thumb Code     0  printfa.o(i.__0printf)
    __0sprintf                               0x0800d76d   Thumb Code    34  printfa.o(i.__0sprintf)
    __1sprintf                               0x0800d76d   Thumb Code     0  printfa.o(i.__0sprintf)
    __2sprintf                               0x0800d76d   Thumb Code     0  printfa.o(i.__0sprintf)
    __c89sprintf                             0x0800d76d   Thumb Code     0  printfa.o(i.__0sprintf)
    sprintf                                  0x0800d76d   Thumb Code     0  printfa.o(i.__0sprintf)
    __ARM_fpclassify                         0x0800d795   Thumb Code    48  fpclassify.o(i.__ARM_fpclassify)
    __cxa_pure_virtual                       0x0800d7c5   Thumb Code     6  pure_virt.o(i.__cxa_pure_virtual)
    __hardfp_asin                            0x0800d7d1   Thumb Code   770  asin.o(i.__hardfp_asin)
    __hardfp_atan                            0x0800db31   Thumb Code   622  atan.o(i.__hardfp_atan)
    __hardfp_atan2                           0x0800de09   Thumb Code   432  atan2.o(i.__hardfp_atan2)
    __hardfp_cos                             0x0800dff9   Thumb Code   180  cos.o(i.__hardfp_cos)
    __hardfp_sin                             0x0800e0c1   Thumb Code   180  sin.o(i.__hardfp_sin)
    __ieee754_rem_pio2                       0x0800e189   Thumb Code   938  rred.o(i.__ieee754_rem_pio2)
    __kernel_cos                             0x0800e5c1   Thumb Code   322  cos_i.o(i.__kernel_cos)
    __kernel_poly                            0x0800e731   Thumb Code   248  poly.o(i.__kernel_poly)
    __kernel_sin                             0x0800e829   Thumb Code   280  sin_i.o(i.__kernel_sin)
    __mathlib_dbl_infnan                     0x0800e959   Thumb Code    20  dunder.o(i.__mathlib_dbl_infnan)
    __mathlib_dbl_infnan2                    0x0800e96d   Thumb Code    20  dunder.o(i.__mathlib_dbl_infnan2)
    __mathlib_dbl_invalid                    0x0800e981   Thumb Code    24  dunder.o(i.__mathlib_dbl_invalid)
    __mathlib_dbl_underflow                  0x0800e9a1   Thumb Code    24  dunder.o(i.__mathlib_dbl_underflow)
    __scatterload_copy                       0x0800e9c1   Thumb Code    14  handlers.o(i.__scatterload_copy)
    __scatterload_null                       0x0800e9cf   Thumb Code     2  handlers.o(i.__scatterload_null)
    __scatterload_zeroinit                   0x0800e9d1   Thumb Code    14  handlers.o(i.__scatterload_zeroinit)
    __set_errno                              0x0800e9e1   Thumb Code     6  errno.o(i.__set_errno)
    atan                                     0x0800f289   Thumb Code    16  atan.o(i.atan)
    fabs                                     0x0800f299   Thumb Code    24  fabs.o(i.fabs)
    malloc                                   0x0800f2b1   Thumb Code    92  malloc.o(i.malloc)
    sqrt                                     0x0800f31d   Thumb Code   110  sqrt_full.o(i.sqrt)
    sinTable_f32                             0x08010330   Data        2052  arm_common_tables.o(.constdata)
    __mathlib_zero                           0x08010c50   Data           8  qnan.o(.constdata)
    __ctype_categories                       0x08010d48   Data          64  ctype_c.o(.constdata)
    vtable for STM32F4                       0x08010d88   Data          96  driver.o(.constdata__ZTV7STM32F4)
    vtable for DJI::onboardSDK::HardDriver   0x08010de8   Data          96  dji_harddriver.o(.constdata__ZTVN3DJI10onboardSDK10HardDriverE)
    Region$$Table$$Base                      0x08011668   Number         0  anon$$obj.o(Region$$Table)
    Region$$Table$$Limit                     0x08011688   Number         0  anon$$obj.o(Region$$Table)
    SHT$$INIT_ARRAY$$Base                    0x08011688   Number         0  main.o(.init_array)
    SHT$$INIT_ARRAY$$Limit                   0x08011694   Number         0  cpp_init.o(.init_array)
    BMP1                                     0x20000000   Data        1024  main.o(.data)
    BMP2                                     0x20000400   Data         128  main.o(.data)
    driver                                   0x20000480   Data           4  main.o(.data)
    coreApi                                  0x20000484   Data           4  main.o(.data)
    flight                                   0x20000488   Data           8  main.o(.data)
    myVRCdata                                0x20000490   Data          64  main.o(.data)
    flag_error_getDroneVersion               0x200004d0   Data           4  main.o(.data)
    flag_testsend                            0x200004d4   Data           4  main.o(.data)
    flag_start                               0x200004d8   Data           4  main.o(.data)
    sta_start                                0x200004dc   Data           1  main.o(.data)
    flag_menu                                0x200004e0   Data           4  main.o(.data)
    co                                       0x200004e4   Data           4  main.o(.data)
    so2                                      0x200004e8   Data           4  main.o(.data)
    o3                                       0x200004ec   Data           4  main.o(.data)
    no2                                      0x200004f0   Data           4  main.o(.data)
    pm25                                     0x200004f4   Data           4  main.o(.data)
    pm10                                     0x200004f8   Data           4  main.o(.data)
    VRCdataTurnF                             0x2000053d   Data          64  virtualrc.o(.data)
    myFreq                                   0x2000057d   Data          16  localnavigation.o(.data)
    USART_RX_STA                             0x2000058e   Data           2  bspusart.o(.data)
    tick                                     0x20000590   Data           4  timer.o(.data)
    SystemCoreClock                          0x200005a4   Data           4  system_stm32f4xx.o(.data)
    AHBPrescTable                            0x200005a8   Data          16  system_stm32f4xx.o(.data)
    Dyhx_Open                                0x200005b8   Data          18  dji_api.o(.data)
    Dyhx_Close                               0x200005ca   Data          18  dji_api.o(.data)
    DJI::onboardSDK::encrypt                 0x200005dc   Data           1  dji_api.o(.data)
    crc_tab16                                0x200005ec   Data         512  dji_codec.o(.data)
    crc_tab32                                0x200007ec   Data        1024  dji_codec.o(.data)
    callBack                                 0x20000bec   Data           4  dji_link.o(.data)
    data                                     0x20000bf0   Data           4  dji_link.o(.data)
    protHeader                               0x20000bf4   Data           4  dji_link.o(.data)
    DJI::onboardSDK::missionACKMAP           0x20000bf8   Data         480  dji_mission.o(.data)
    Hzk                                      0x20000dd8   Data        2304  oled.o(.data)
    __stdout                                 0x200016dc   Data           4  stdout.o(.data)
    __microlib_freelist                      0x200016f0   Data           4  mvars.o(.data)
    __microlib_freelist_initialised          0x200016f4   Data           4  mvars.o(.data)
    defaultAPI                               0x200016f8   Data        5400  main.o(.bss)
    flightData                               0x20002c10   Data          17  main.o(.bss)
    virtualrc                                0x20002c24   Data          68  main.o(.bss)
    can_cache                                0x20002c68   Data         255  main.o(.bss)
    mobile_data_send                         0x20002d67   Data          21  main.o(.bss)
    mobile_data_t                            0x20002d7c   Data         200  main.o(.bss)
    hotpoint                                 0x20002e44   Data          56  hotpoint.o(.bss)
    myGPSData                                0x20002e7c   Data          24  hotpoint.o(.bss)
    myHotPointData                           0x20002e94   Data          51  hotpoint.o(.bss)
    myTerminal                               0x20002ec8   Data          44  receive.o(.bss)
    droneState                               0x20002ef4   Data          64  localnavigation.o(.bss)
    USART_RX_BUF                             0x20002f34   Data         200  bspusart.o(.bss)
    DJI::onboardSDK::buffer                  0x20002ffc   Data        1024  dji_harddriver.o(.bss)
    OLED_GRAM                                0x200033fc   Data        1024  oled.o(.bss)
    __heap_base                              0x20003800   Data           0  startup_stm32f40_41xxx.o(HEAP)
    __heap_limit                             0x20007800   Data           0  startup_stm32f40_41xxx.o(HEAP)
    __initial_sp                             0x20007c00   Data           0  startup_stm32f40_41xxx.o(STACK)



==============================================================================

Memory Map of the image

  Image Entry point : 0x08000189

  Load Region LR_IROM1 (Base: 0x08000000, Size: 0x00012d8c, Max: 0x00080000, ABSOLUTE, COMPRESSED[0x00012408])

    Execution Region ER_IROM1 (Base: 0x08000000, Size: 0x00011694, Max: 0x00080000, ABSOLUTE)

    Base Addr    Size         Type   Attr      Idx    E Section Name        Object

    0x08000000   0x00000188   Data   RO         1564    RESET               startup_stm32f40_41xxx.o
    0x08000188   0x00000000   Code   RO         2506  * .ARM.Collect$$$$00000000  mc_w.l(entry.o)
    0x08000188   0x00000004   Code   RO         2901    .ARM.Collect$$$$00000001  mc_w.l(entry2.o)
    0x0800018c   0x00000004   Code   RO         2904    .ARM.Collect$$$$00000004  mc_w.l(entry5.o)
    0x08000190   0x00000000   Code   RO         2906    .ARM.Collect$$$$00000008  mc_w.l(entry7b.o)
    0x08000190   0x00000004   Code   RO         2907    .ARM.Collect$$$$00000009  mc_w.l(entry8a.o)
    0x08000194   0x00000000   Code   RO         2908    .ARM.Collect$$$$0000000A  mc_w.l(entry8b.o)
    0x08000194   0x00000008   Code   RO         2909    .ARM.Collect$$$$0000000B  mc_w.l(entry9a.o)
    0x0800019c   0x00000000   Code   RO         2911    .ARM.Collect$$$$0000000D  mc_w.l(entry10a.o)
    0x0800019c   0x00000000   Code   RO         2913    .ARM.Collect$$$$0000000F  mc_w.l(entry11a.o)
    0x0800019c   0x00000004   Code   RO         2902    .ARM.Collect$$$$00002712  mc_w.l(entry2.o)
    0x080001a0   0x00000024   Code   RO            3    .text               cppforstm32.o
    0x080001c4   0x00000b70   Code   RO           99    .text               main.o
    0x08000d34   0x00000034   Code   RO          275    .text               activate.o
    0x08000d68   0x00000058   Code   RO          329    .text               virtualrc.o
    0x08000dc0   0x000000f0   Code   RO          357    .text               hotpoint.o
    0x08000eb0   0x00000478   Code   RO          411    .text               receive.o
    0x08001328   0x0000004c   Code   RO          442    .text               driver.o
    0x08001374   0x00000258   Code   RO          601    .text               mobilecommand.o
    0x080015cc   0x000003b8   Code   RO          727    .text               localnavigation.o
    0x08001984   0x00000308   Code   RO          853    .text               bspusart.o
    0x08001c8c   0x00000014   Code   RO          894    .text               bsp.o
    0x08001ca0   0x00000220   Code   RO          927    .text               timer.o
    0x08001ec0   0x000000e0   Code   RO          980    .text               misc.o
    0x08001fa0   0x000009f0   Code   RO         1083    .text               stm32f4xx_can.o
    0x08002990   0x0000025c   Code   RO         1255    .text               stm32f4xx_gpio.o
    0x08002bec   0x00000598   Code   RO         1341    .text               stm32f4xx_rcc.o
    0x08003184   0x00000ca2   Code   RO         1475    .text               stm32f4xx_tim.o
    0x08003e26   0x00000002   PAD
    0x08003e28   0x00000454   Code   RO         1495    .text               stm32f4xx_usart.o
    0x0800427c   0x00000210   Code   RO         1538    .text               system_stm32f4xx.o
    0x0800448c   0x00000024   Code   RO         1565    .text               startup_stm32f40_41xxx.o
    0x080044b0   0x000025cc   Code   RO         1571    .text               dji_api.o
    0x08006a7c   0x00000920   Code   RO         1605    .text               dji_app.o
    0x0800739c   0x00000ddc   Code   RO         1670    .text               dji_codec.o
    0x08008178   0x00001270   Code   RO         1751    .text               dji_flight.o
    0x080093e8   0x00000024   Code   RO         1792    .text               dji_harddriver.o
    0x0800940c   0x00000b5c   Code   RO         1833    .text               dji_hotpoint.o
    0x08009f68   0x00001276   Code   RO         1856    .text               dji_link.o
    0x0800b1de   0x00000002   PAD
    0x0800b1e0   0x0000078c   Code   RO         1901    .text               dji_memory.o
    0x0800b96c   0x00000258   Code   RO         1923    .text               dji_mission.o
    0x0800bbc4   0x000003d0   Code   RO         1940    .text               dji_virtualrc.o
    0x0800bf94   0x0000017c   Code   RO         1971    .text               can.o
    0x0800c110   0x00000528   Code   RO         1992    .text               oled.o
    0x0800c638   0x00000104   Code   RO         2025    .text               delay.o
    0x0800c73c   0x00000078   Code   RO         2180    .text               arm_cortexM4lf_math.lib(arm_cos_f32.o)
    0x0800c7b4   0x00000074   Code   RO         2233    .text               arm_cortexM4lf_math.lib(arm_sin_f32.o)
    0x0800c828   0x00000040   Code   RO         2511    .text               mc_w.l(memmovea.o)
    0x0800c868   0x00000024   Code   RO         2513    .text               mc_w.l(memseta.o)
    0x0800c88c   0x0000000e   Code   RO         2515    .text               mc_w.l(strlen.o)
    0x0800c89a   0x0000001c   Code   RO         2517    .text               mc_w.l(strcmp.o)
    0x0800c8b6   0x00000002   PAD
    0x0800c8b8   0x00000038   Code   RO         2784    .text               mc_w.l(__0sscanf.o)
    0x0800c8f0   0x0000014c   Code   RO         2786    .text               mc_w.l(_scanf_int.o)
    0x0800ca3c   0x00000020   Code   RO         2791    .text               mc_w.l(cpp_init.o)
    0x0800ca5c   0x0000014e   Code   RO         2793    .text               mf_w.l(dadd.o)
    0x0800cbaa   0x000000e4   Code   RO         2795    .text               mf_w.l(dmul.o)
    0x0800cc8e   0x0000001a   Code   RO         2797    .text               mf_w.l(dfltui.o)
    0x0800cca8   0x00000026   Code   RO         2799    .text               mf_w.l(f2d.o)
    0x0800ccce   0x00000002   PAD
    0x0800ccd0   0x00000030   Code   RO         2801    .text               mf_w.l(cdcmple.o)
    0x0800cd00   0x00000030   Code   RO         2803    .text               mf_w.l(cdrcmple.o)
    0x0800cd30   0x00000038   Code   RO         2805    .text               mf_w.l(d2f.o)
    0x0800cd68   0x00000004   Code   RO         2810    .text               cpprt_w.l(arm_newhandler_noexceptions.o)
    0x0800cd6c   0x0000002c   Code   RO         2916    .text               mc_w.l(uidiv.o)
    0x0800cd98   0x00000062   Code   RO         2918    .text               mc_w.l(uldiv.o)
    0x0800cdfa   0x0000001e   Code   RO         2920    .text               mc_w.l(llshl.o)
    0x0800ce18   0x00000024   Code   RO         2922    .text               mc_w.l(llsshr.o)
    0x0800ce3c   0x0000001c   Code   RO         2959    .text               mc_w.l(_chval.o)
    0x0800ce58   0x00000028   Code   RO         2961    .text               mc_w.l(scanf_char.o)
    0x0800ce80   0x00000040   Code   RO         2963    .text               mc_w.l(_sgetc.o)
    0x0800cec0   0x00000000   Code   RO         2965    .text               mc_w.l(iusefp.o)
    0x0800cec0   0x00000008   Code   RO         2966    .text               mc_w.l(cpp_memory.o)
    0x0800cec8   0x00000002   Code   RO         2969    .text               mc_w.l(cpp_signal.o)
    0x0800ceca   0x00000002   PAD
    0x0800cecc   0x00000020   Code   RO         2971    .text               mc_w.l(cpp_unwinder.o)
    0x0800ceec   0x0000006e   Code   RO         2974    .text               mf_w.l(fepilogue.o)
    0x0800cf5a   0x000000ba   Code   RO         2976    .text               mf_w.l(depilogue.o)
    0x0800d014   0x000000de   Code   RO         2978    .text               mf_w.l(ddiv.o)
    0x0800d0f2   0x00000030   Code   RO         2982    .text               mf_w.l(dfixul.o)
    0x0800d122   0x0000001a   Code   RO         3004    .text               cpprt_w.l(arm_exceptions_terminate.o)
    0x0800d13c   0x00000050   Code   RO         3007    .text               cpprt_w.l(arm_exceptions_globs.o)
    0x0800d18c   0x00000024   Code   RO         3010    .text               mc_w.l(init.o)
    0x0800d1b0   0x00000020   Code   RO         3012    .text               mc_w.l(llushr.o)
    0x0800d1d0   0x0000000a   Code   RO         3014    .text               mc_w.l(isspace_c.o)
    0x0800d1da   0x00000002   PAD
    0x0800d1dc   0x0000032c   Code   RO         3018    .text               mc_w.l(_scanf.o)
    0x0800d508   0x000000a2   Code   RO         3020    .text               mf_w.l(dsqrt.o)
    0x0800d5aa   0x00000022   Code   RO         3022    .text               mf_w.l(dflti.o)
    0x0800d5cc   0x0000003e   Code   RO         3024    .text               mf_w.l(dfixi.o)
    0x0800d60a   0x0000003c   Code   RO         3029    .text               cpprt_w.l(arm_exceptions_mem.o)
    0x0800d646   0x00000002   PAD
    0x0800d648   0x00000028   Code   RO         3032    .text               mc_w.l(ctype_c.o)
    0x0800d670   0x00000056   Code   RO         3045    .text               mc_w.l(__dczerorl2.o)
    0x0800d6c6   0x0000003a   Code   RO         1618    i._Z8passDatatRtPvPhjRj  dji_app.o
    0x0800d700   0x00000002   Code   RO          561    i._ZN3DJI10onboardSDK10HardDriver12nonBlockWaitEv  driver.o
    0x0800d702   0x00000002   Code   RO          549    i._ZN3DJI10onboardSDK10HardDriver17freeNonBlockCBAckEv  driver.o
    0x0800d704   0x00000002   Code   RO          543    i._ZN3DJI10onboardSDK10HardDriver17lockNonBlockCBAckEv  driver.o
    0x0800d706   0x00000002   Code   RO          537    i._ZN3DJI10onboardSDK10HardDriver18freeProtocolHeaderEv  driver.o
    0x0800d708   0x00000002   Code   RO          531    i._ZN3DJI10onboardSDK10HardDriver18lockProtocolHeaderEv  driver.o
    0x0800d70a   0x00000002   Code   RO          555    i._ZN3DJI10onboardSDK10HardDriver23notifyNonBlockCBAckRecvEv  driver.o
    0x0800d70c   0x00000002   Code   RO          486    i._ZN7STM32F410freeMemoryEv  driver.o
    0x0800d70e   0x00000002   Code   RO          480    i._ZN7STM32F410lockMemoryEv  driver.o
    0x0800d710   0x00000002   Code   RO          522    i._ZN7STM32F44waitEi  driver.o
    0x0800d712   0x00000002   Code   RO          516    i._ZN7STM32F46notifyEv  driver.o
    0x0800d714   0x00000002   Code   RO          510    i._ZN7STM32F47freeACKEv  driver.o
    0x0800d716   0x00000002   Code   RO          498    i._ZN7STM32F47freeMSGEv  driver.o
    0x0800d718   0x00000002   Code   RO          504    i._ZN7STM32F47lockACKEv  driver.o
    0x0800d71a   0x00000002   Code   RO          492    i._ZN7STM32F47lockMSGEv  driver.o
    0x0800d71c   0x00000006   Code   RO          474    i._ZN7STM32F47readallEPhj  driver.o
    0x0800d722   0x00000002   PAD
    0x0800d724   0x00000028   Code   RO         2343    i._Znwj             cpprt_w.l(new.o)
    0x0800d74c   0x00000020   Code   RO         2756    i.__0printf         mc_w.l(printfa.o)
    0x0800d76c   0x00000028   Code   RO         2758    i.__0sprintf        mc_w.l(printfa.o)
    0x0800d794   0x00000030   Code   RO         2873    i.__ARM_fpclassify  m_wm.l(fpclassify.o)
    0x0800d7c4   0x00000006   Code   RO         2347    i.__cxa_pure_virtual  cpprt_w.l(pure_virt.o)
    0x0800d7ca   0x00000006   PAD
    0x0800d7d0   0x00000360   Code   RO         2456    i.__hardfp_asin     m_wm.l(asin.o)
    0x0800db30   0x000002d8   Code   RO         2836    i.__hardfp_atan     m_wm.l(atan.o)
    0x0800de08   0x000001f0   Code   RO         2470    i.__hardfp_atan2    m_wm.l(atan2.o)
    0x0800dff8   0x000000c8   Code   RO         2482    i.__hardfp_cos      m_wm.l(cos.o)
    0x0800e0c0   0x000000c8   Code   RO         2494    i.__hardfp_sin      m_wm.l(sin.o)
    0x0800e188   0x00000438   Code   RO         2878    i.__ieee754_rem_pio2  m_wm.l(rred.o)
    0x0800e5c0   0x00000170   Code   RO         2850    i.__kernel_cos      m_wm.l(cos_i.o)
    0x0800e730   0x000000f8   Code   RO         2875    i.__kernel_poly     m_wm.l(poly.o)
    0x0800e828   0x00000130   Code   RO         2883    i.__kernel_sin      m_wm.l(sin_i.o)
    0x0800e958   0x00000014   Code   RO         2854    i.__mathlib_dbl_infnan  m_wm.l(dunder.o)
    0x0800e96c   0x00000014   Code   RO         2855    i.__mathlib_dbl_infnan2  m_wm.l(dunder.o)
    0x0800e980   0x00000020   Code   RO         2856    i.__mathlib_dbl_invalid  m_wm.l(dunder.o)
    0x0800e9a0   0x00000020   Code   RO         2859    i.__mathlib_dbl_underflow  m_wm.l(dunder.o)
    0x0800e9c0   0x0000000e   Code   RO         3039    i.__scatterload_copy  mc_w.l(handlers.o)
    0x0800e9ce   0x00000002   Code   RO         3040    i.__scatterload_null  mc_w.l(handlers.o)
    0x0800e9d0   0x0000000e   Code   RO         3041    i.__scatterload_zeroinit  mc_w.l(handlers.o)
    0x0800e9de   0x00000002   PAD
    0x0800e9e0   0x0000000c   Code   RO         2954    i.__set_errno       mc_w.l(errno.o)
    0x0800e9ec   0x00000164   Code   RO         2763    i._fp_digits        mc_w.l(printfa.o)
    0x0800eb50   0x000006dc   Code   RO         2764    i._printf_core      mc_w.l(printfa.o)
    0x0800f22c   0x00000024   Code   RO         2765    i._printf_post_padding  mc_w.l(printfa.o)
    0x0800f250   0x0000002e   Code   RO         2766    i._printf_pre_padding  mc_w.l(printfa.o)
    0x0800f27e   0x0000000a   Code   RO         2768    i._sputc            mc_w.l(printfa.o)
    0x0800f288   0x00000010   Code   RO         2838    i.atan              m_wm.l(atan.o)
    0x0800f298   0x00000018   Code   RO         2869    i.fabs              m_wm.l(fabs.o)
    0x0800f2b0   0x0000006c   Code   RO         2925    i.malloc            mc_w.l(malloc.o)
    0x0800f31c   0x0000006e   Code   RO         2891    i.sqrt              m_wm.l(sqrt_full.o)
    0x0800f38a   0x00000002   PAD
    0x0800f38c   0x00000400   Data   RO          102    .constdata          main.o
    0x0800f78c   0x00000083   Data   RO         1573    .constdata          dji_api.o
    0x0800f80f   0x00000016   Data   RO         1608    .constdata          dji_app.o
    0x0800f825   0x00000222   Data   RO         1673    .constdata          dji_codec.o
    0x0800fa47   0x0000002c   Data   RO         1754    .constdata          dji_flight.o
    0x0800fa73   0x0000001b   Data   RO         1836    .constdata          dji_hotpoint.o
    0x0800fa8e   0x00000038   Data   RO         1859    .constdata          dji_link.o
    0x0800fac6   0x00000002   PAD
    0x0800fac8   0x0000002a   Data   RO         1904    .constdata          dji_memory.o
    0x0800faf2   0x00000024   Data   RO         1926    .constdata          dji_mission.o
    0x0800fb16   0x00000818   Data   RO         1995    .constdata          oled.o
    0x0801032e   0x00000002   PAD
    0x08010330   0x00000804   Data   RO         2313    .constdata          arm_cortexM4lf_math.lib(arm_common_tables.o)
    0x08010b34   0x00000004   PAD
    0x08010b38   0x00000050   Data   RO         2459    .constdata          m_wm.l(asin.o)
    0x08010b88   0x00000098   Data   RO         2839    .constdata          m_wm.l(atan.o)
    0x08010c20   0x00000030   Data   RO         2851    .constdata          m_wm.l(cos_i.o)
    0x08010c50   0x00000008   Data   RO         2877    .constdata          m_wm.l(qnan.o)
    0x08010c58   0x000000c8   Data   RO         2880    .constdata          m_wm.l(rred.o)
    0x08010d20   0x00000028   Data   RO         2884    .constdata          m_wm.l(sin_i.o)
    0x08010d48   0x00000040   Data   RO         3033    .constdata          mc_w.l(ctype_c.o)
    0x08010d88   0x00000060   Data   RO          458    .constdata__ZTV7STM32F4  driver.o
    0x08010de8   0x00000060   Data   RO         1804    .constdata__ZTVN3DJI10onboardSDK10HardDriverE  dji_harddriver.o
    0x08010e48   0x00000107   Data   RO         1574    .conststring        dji_api.o
    0x08010f4f   0x00000001   PAD
    0x08010f50   0x0000005f   Data   RO         1674    .conststring        dji_codec.o
    0x08010faf   0x00000001   PAD
    0x08010fb0   0x00000043   Data   RO         1755    .conststring        dji_flight.o
    0x08010ff3   0x00000001   PAD
    0x08010ff4   0x00000673   Data   RO         1927    .conststring        dji_mission.o
    0x08011667   0x00000001   PAD
    0x08011668   0x00000020   Data   RO         3037    Region$$Table       anon$$obj.o
    0x08011688   0x00000004   Data   RO          104    .init_array         main.o
    0x0801168c   0x00000004   Data   RO          360    .init_array         hotpoint.o
    0x08011690   0x00000004   Data   RO          414    .init_array         receive.o
    0x08011694   0x00000000   Data   RO         2789    .init_array         mc_w.l(cpp_init.o)


    Execution Region RW_IRAM1 (Base: 0x20000000, Size: 0x00007c00, Max: 0x00020000, ABSOLUTE, COMPRESSED[0x00000d74])

    Base Addr    Size         Type   Attr      Idx    E Section Name        Object

    0x20000000   0x000004fc   Data   RW          103    .data               main.o
    0x200004fc   0x00000041   Data   RW          277    .data               activate.o
    0x2000053d   0x00000040   Data   RW          331    .data               virtualrc.o
    0x2000057d   0x00000010   Data   RW          730    .data               localnavigation.o
    0x2000058d   0x00000001   PAD
    0x2000058e   0x00000002   Data   RW          856    .data               bspusart.o
    0x20000590   0x00000004   Data   RW          929    .data               timer.o
    0x20000594   0x00000010   Data   RW         1342    .data               stm32f4xx_rcc.o
    0x200005a4   0x00000014   Data   RW         1539    .data               system_stm32f4xx.o
    0x200005b8   0x00000025   Data   RW         1575    .data               dji_api.o
    0x200005dd   0x00000003   PAD
    0x200005e0   0x0000000c   Data   RW         1609    .data               dji_app.o
    0x200005ec   0x00000600   Data   RW         1675    .data               dji_codec.o
    0x20000bec   0x0000000c   Data   RW         1860    .data               dji_link.o
    0x20000bf8   0x000001e0   Data   RW         1928    .data               dji_mission.o
    0x20000dd8   0x00000900   Data   RW         1996    .data               oled.o
    0x200016d8   0x00000004   Data   RW         2027    .data               delay.o
    0x200016dc   0x00000004   Data   RW         2915    .data               mc_w.l(stdout.o)
    0x200016e0   0x00000004   Data   RW         2955    .data               mc_w.l(errno.o)
    0x200016e4   0x00000004   Data   RW         2967    .data               mc_w.l(cpp_memory.o)
    0x200016e8   0x00000008   Data   RW         2972    .data               mc_w.l(cpp_unwinder.o)
    0x200016f0   0x00000004   Data   RW         3016    .data               mc_w.l(mvars.o)
    0x200016f4   0x00000004   Data   RW         3017    .data               mc_w.l(mvars.o)
    0x200016f8   0x0000174c   Zero   RW          101    .bss                main.o
    0x20002e44   0x00000083   Zero   RW          359    .bss                hotpoint.o
    0x20002ec7   0x00000001   PAD
    0x20002ec8   0x0000002c   Zero   RW          413    .bss                receive.o
    0x20002ef4   0x00000040   Zero   RW          729    .bss                localnavigation.o
    0x20002f34   0x000000c8   Zero   RW          855    .bss                bspusart.o
    0x20002ffc   0x00000400   Zero   RW         1794    .bss                dji_harddriver.o
    0x200033fc   0x00000400   Zero   RW         1994    .bss                oled.o
    0x200037fc   0x00000004   PAD
    0x20003800   0x00004000   Zero   RW         1563    HEAP                startup_stm32f40_41xxx.o
    0x20007800   0x00000400   Zero   RW         1562    STACK               startup_stm32f40_41xxx.o


==============================================================================

Image component sizes


      Code (inc. data)   RO Data    RW Data    ZI Data      Debug   Object Name

        52         18          0         65          0      29320   activate.o
        20          0          0          0          0        446   bsp.o
       776         32          0          2        200      28820   bspusart.o
       380          8          0          0          0       2068   can.o
        36          4          0          0          0     259072   cppforstm32.o
       260          8          0          4          0       1417   delay.o
      9676       1380        394         37          0      38783   dji_api.o
      2394        428         22         12          0      28790   dji_app.o
      3548        392        641       1536          0      36631   dji_codec.o
      4720        462        111          0          0       9612   dji_flight.o
         0          0          0          0          0      21316   dji_follow.o
        36          8         96          0       1024       2984   dji_harddriver.o
      2908        246         27          0          0      31376   dji_hotpoint.o
      4726        428         56         12          0       7661   dji_link.o
      1932        184         42          0          0       4685   dji_memory.o
       600        190       1687        480          0       3636   dji_mission.o
       976         12          0          0          0       4668   dji_virtualrc.o
       110          8         96          0          0      11359   driver.o
       240         12          4          0        131      27731   hotpoint.o
       952        108          0         16         64      44508   localnavigation.o
      2928        886       1028       1276       5964      36371   main.o
       224         20          0          0          0     272809   misc.o
       600          4          0          0          0      36352   mobilecommand.o
      1320         22       2072       2304       1024       5313   oled.o
      1144        152          4          0         44       3158   receive.o
        36          8        392          0      17408        832   startup_stm32f40_41xxx.o
      2544         38          0          0          0       8064   stm32f4xx_can.o
       604         36          0          0          0       4157   stm32f4xx_gpio.o
      1432         54          0         16          0      11344   stm32f4xx_rcc.o
      3234         60          0          0          0      22392   stm32f4xx_tim.o
      1108         34          0          0          0       7888   stm32f4xx_usart.o
       528         46          0         20          0       1819   system_stm32f4xx.o
       544         44          0          4          0      28431   timer.o
        88         12          0         64          0      22382   virtualrc.o

    ----------------------------------------------------------------------
     50682       5344       6712       5852      25864    1056195   Object Totals
         0          0         32          0          0          0   (incl. Generated)
         6          0          8          4          5          0   (incl. Padding)

    ----------------------------------------------------------------------

      Code (inc. data)   RO Data    RW Data    ZI Data      Debug   Library Member Name

         0          0       2052          0          0       4636   arm_common_tables.o
       120         12          0          0          0      16970   arm_cos_f32.o
       116         12          0          0          0        658   arm_sin_f32.o
        80         12          0          0          0        104   arm_exceptions_globs.o
        60          0          0          0          0        108   arm_exceptions_mem.o
        26          0          0          0          0         76   arm_exceptions_terminate.o
         4          0          0          0          0         68   arm_newhandler_noexceptions.o
        40          6          0          0          0         76   new.o
         6          0          0          0          0         68   pure_virt.o
       864         94         80          0          0        280   asin.o
       744        106        152          0          0        352   atan.o
       496         64          0          0          0        192   atan2.o
       200         20          0          0          0        164   cos.o
       368         46         48          0          0        200   cos_i.o
       104         16          0          0          0        496   dunder.o
        24          0          0          0          0        124   fabs.o
        48          0          0          0          0        124   fpclassify.o
       248          0          0          0          0        152   poly.o
         0          0          8          0          0          0   qnan.o
      1080        142        200          0          0        188   rred.o
       200         20          0          0          0        164   sin.o
       304         24         40          0          0        208   sin_i.o
       110          0          0          0          0        148   sqrt_full.o
        56          8          0          0          0         84   __0sscanf.o
        86          0          0          0          0          0   __dczerorl2.o
        28          0          0          0          0         68   _chval.o
       812          4          0          0          0        112   _scanf.o
       332          0          0          0          0         96   _scanf_int.o
        64          0          0          0          0         84   _sgetc.o
        32         10          0          0          0         80   cpp_init.o
         8          4          0          4          0         68   cpp_memory.o
         2          0          0          0          0         68   cpp_signal.o
        32          6          0          8          0        252   cpp_unwinder.o
        40          6         64          0          0         68   ctype_c.o
         0          0          0          0          0          0   entry.o
         0          0          0          0          0          0   entry10a.o
         0          0          0          0          0          0   entry11a.o
         8          4          0          0          0          0   entry2.o
         4          0          0          0          0          0   entry5.o
         0          0          0          0          0          0   entry7b.o
         4          0          0          0          0          0   entry8a.o
         0          0          0          0          0          0   entry8b.o
         8          4          0          0          0          0   entry9a.o
        12          6          0          4          0         68   errno.o
        30          0          0          0          0          0   handlers.o
        36          8          0          0          0         68   init.o
        10          0          0          0          0         68   isspace_c.o
         0          0          0          0          0          0   iusefp.o
        30          0          0          0          0         68   llshl.o
        36          0          0          0          0         68   llsshr.o
        32          0          0          0          0         68   llushr.o
       108         16          0          0          0         84   malloc.o
        64          0          0          0          0         76   memmovea.o
        36          0          0          0          0        108   memseta.o
         0          0          0          8          0          0   mvars.o
      2276         96          0          0          0        596   printfa.o
        40          8          0          0          0         84   scanf_char.o
         0          0          0          4          0          0   stdout.o
        28          0          0          0          0         76   strcmp.o
        14          0          0          0          0         68   strlen.o
        44          0          0          0          0         80   uidiv.o
        98          0          0          0          0         92   uldiv.o
        48          0          0          0          0         68   cdcmple.o
        48          0          0          0          0         68   cdrcmple.o
        56          0          0          0          0         88   d2f.o
       334          0          0          0          0        148   dadd.o
       222          0          0          0          0        100   ddiv.o
       186          0          0          0          0        176   depilogue.o
        62          0          0          0          0         80   dfixi.o
        48          0          0          0          0         68   dfixul.o
        34          0          0          0          0         76   dflti.o
        26          0          0          0          0         76   dfltui.o
       228          0          0          0          0         96   dmul.o
       162          0          0          0          0        100   dsqrt.o
        38          0          0          0          0         68   f2d.o
       110          0          0          0          0        168   fepilogue.o

    ----------------------------------------------------------------------
     11274        754       2648         28          0      29588   Library Totals
        20          0          4          0          0          0   (incl. Padding)

    ----------------------------------------------------------------------

      Code (inc. data)   RO Data    RW Data    ZI Data      Debug   Library Name

       236         24       2052          0          0      22264   arm_cortexM4lf_math.lib
       216         18          0          0          0        500   cpprt_w.l
      4790        532        528          0          0       2792   m_wm.l
      4410        180         64         28          0       2652   mc_w.l
      1602          0          0          0          0       1380   mf_w.l

    ----------------------------------------------------------------------
     11274        754       2648         28          0      29588   Library Totals

    ----------------------------------------------------------------------

==============================================================================


      Code (inc. data)   RO Data    RW Data    ZI Data      Debug   

     61956       6098       9360       5880      25864    1073319   Grand Totals
     61956       6098       9360       3444      25864    1073319   ELF Image Totals (compressed)
     61956       6098       9360       3444          0          0   ROM Totals

==============================================================================

    Total RO  Size (Code + RO Data)                71316 (  69.64kB)
    Total RW  Size (RW Data + ZI Data)             31744 (  31.00kB)
    Total ROM Size (Code + RO Data + RW Data)      74760 (  73.01kB)

==============================================================================

