<!doctype html public "-//w3c//dtd html 4.0 transitional//en">
<html><head>
<title>Static Call Graph - [.\Objects\Nymph.axf]</title></head>
<body><HR>
<H1>Static Call Graph for image .\Objects\Nymph.axf</H1><HR>
<BR><P>#&#060CALLGRAPH&#062# ARM Linker, 5050106: Last Updated: Sun Apr 30 22:01:13 2017
<BR><P>
<H3>Maximum Stack Usage =       1376 bytes + Unknown(Cycles, Untraceable Function Pointers)</H3><H3>
Call chain for Maximum Stack Depth:</H3>
USART3_IRQHandler &rArr; DJI::onboardSDK::CoreAPI::byteHandler(unsigned char) &rArr; DJI::onboardSDK::CoreAPI::streamHandler(DJI::onboardSDK::SDKFilter*, unsigned char) &rArr; DJI::onboardSDK::CoreAPI::checkStream(DJI::onboardSDK::SDKFilter*) &rArr; DJI::onboardSDK::CoreAPI::verifyHead(DJI::onboardSDK::SDKFilter*) &rArr; DJI::onboardSDK::CoreAPI::callApp(DJI::onboardSDK::SDKFilter*) &rArr; DJI::onboardSDK::CoreAPI::appHandler(DJI::onboardSDK::Header*) &rArr; DJI::onboardSDK::CoreAPI::recvReqData(DJI::onboardSDK::Header*) &rArr; DJI::onboardSDK::CoreAPI::broadcast(DJI::onboardSDK::Header*) &rArr; DJI::onboardSDK::CoreAPI::getFlightStatus() const &rArr; DJI::onboardSDK::CoreAPI::getBroadcastData() const &rArr; __aeabi_memcpy4
<P>
<H3>
Mutually Recursive functions
</H3> <LI><a href="#[7]">NMI_Handler</a>&nbsp;&nbsp;&nbsp;&rArr;&nbsp;&nbsp;&nbsp;<a href="#[7]">NMI_Handler</a><BR>
 <LI><a href="#[8]">HardFault_Handler</a>&nbsp;&nbsp;&nbsp;&rArr;&nbsp;&nbsp;&nbsp;<a href="#[8]">HardFault_Handler</a><BR>
 <LI><a href="#[9]">MemManage_Handler</a>&nbsp;&nbsp;&nbsp;&rArr;&nbsp;&nbsp;&nbsp;<a href="#[9]">MemManage_Handler</a><BR>
 <LI><a href="#[a]">BusFault_Handler</a>&nbsp;&nbsp;&nbsp;&rArr;&nbsp;&nbsp;&nbsp;<a href="#[a]">BusFault_Handler</a><BR>
 <LI><a href="#[b]">UsageFault_Handler</a>&nbsp;&nbsp;&nbsp;&rArr;&nbsp;&nbsp;&nbsp;<a href="#[b]">UsageFault_Handler</a><BR>
 <LI><a href="#[c]">SVC_Handler</a>&nbsp;&nbsp;&nbsp;&rArr;&nbsp;&nbsp;&nbsp;<a href="#[c]">SVC_Handler</a><BR>
 <LI><a href="#[d]">DebugMon_Handler</a>&nbsp;&nbsp;&nbsp;&rArr;&nbsp;&nbsp;&nbsp;<a href="#[d]">DebugMon_Handler</a><BR>
 <LI><a href="#[e]">PendSV_Handler</a>&nbsp;&nbsp;&nbsp;&rArr;&nbsp;&nbsp;&nbsp;<a href="#[e]">PendSV_Handler</a><BR>
 <LI><a href="#[22]">ADC_IRQHandler</a>&nbsp;&nbsp;&nbsp;&rArr;&nbsp;&nbsp;&nbsp;<a href="#[22]">ADC_IRQHandler</a><BR>
</UL>
<P>
<H3>
Function Pointers
</H3><UL>
 <LI><a href="#[22]">ADC_IRQHandler</a> from startup_stm32f40_41xxx.o(.text) referenced from startup_stm32f40_41xxx.o(RESET)
 <LI><a href="#[a]">BusFault_Handler</a> from startup_stm32f40_41xxx.o(.text) referenced from startup_stm32f40_41xxx.o(RESET)
 <LI><a href="#[24]">CAN1_RX0_IRQHandler</a> from startup_stm32f40_41xxx.o(.text) referenced from startup_stm32f40_41xxx.o(RESET)
 <LI><a href="#[25]">CAN1_RX1_IRQHandler</a> from startup_stm32f40_41xxx.o(.text) referenced from startup_stm32f40_41xxx.o(RESET)
 <LI><a href="#[26]">CAN1_SCE_IRQHandler</a> from startup_stm32f40_41xxx.o(.text) referenced from startup_stm32f40_41xxx.o(RESET)
 <LI><a href="#[23]">CAN1_TX_IRQHandler</a> from startup_stm32f40_41xxx.o(.text) referenced from startup_stm32f40_41xxx.o(RESET)
 <LI><a href="#[50]">CAN2_RX0_IRQHandler</a> from startup_stm32f40_41xxx.o(.text) referenced from startup_stm32f40_41xxx.o(RESET)
 <LI><a href="#[51]">CAN2_RX1_IRQHandler</a> from startup_stm32f40_41xxx.o(.text) referenced from startup_stm32f40_41xxx.o(RESET)
 <LI><a href="#[52]">CAN2_SCE_IRQHandler</a> from startup_stm32f40_41xxx.o(.text) referenced from startup_stm32f40_41xxx.o(RESET)
 <LI><a href="#[4f]">CAN2_TX_IRQHandler</a> from startup_stm32f40_41xxx.o(.text) referenced from startup_stm32f40_41xxx.o(RESET)
 <LI><a href="#[5f]">CRYP_IRQHandler</a> from startup_stm32f40_41xxx.o(.text) referenced from startup_stm32f40_41xxx.o(RESET)
 <LI><a href="#[5e]">DCMI_IRQHandler</a> from startup_stm32f40_41xxx.o(.text) referenced from startup_stm32f40_41xxx.o(RESET)
 <LI><a href="#[1b]">DMA1_Stream0_IRQHandler</a> from startup_stm32f40_41xxx.o(.text) referenced from startup_stm32f40_41xxx.o(RESET)
 <LI><a href="#[1c]">DMA1_Stream1_IRQHandler</a> from startup_stm32f40_41xxx.o(.text) referenced from startup_stm32f40_41xxx.o(RESET)
 <LI><a href="#[1d]">DMA1_Stream2_IRQHandler</a> from startup_stm32f40_41xxx.o(.text) referenced from startup_stm32f40_41xxx.o(RESET)
 <LI><a href="#[1e]">DMA1_Stream3_IRQHandler</a> from startup_stm32f40_41xxx.o(.text) referenced from startup_stm32f40_41xxx.o(RESET)
 <LI><a href="#[1f]">DMA1_Stream4_IRQHandler</a> from startup_stm32f40_41xxx.o(.text) referenced from startup_stm32f40_41xxx.o(RESET)
 <LI><a href="#[20]">DMA1_Stream5_IRQHandler</a> from startup_stm32f40_41xxx.o(.text) referenced from startup_stm32f40_41xxx.o(RESET)
 <LI><a href="#[21]">DMA1_Stream6_IRQHandler</a> from startup_stm32f40_41xxx.o(.text) referenced from startup_stm32f40_41xxx.o(RESET)
 <LI><a href="#[3f]">DMA1_Stream7_IRQHandler</a> from startup_stm32f40_41xxx.o(.text) referenced from startup_stm32f40_41xxx.o(RESET)
 <LI><a href="#[48]">DMA2_Stream0_IRQHandler</a> from startup_stm32f40_41xxx.o(.text) referenced from startup_stm32f40_41xxx.o(RESET)
 <LI><a href="#[49]">DMA2_Stream1_IRQHandler</a> from startup_stm32f40_41xxx.o(.text) referenced from startup_stm32f40_41xxx.o(RESET)
 <LI><a href="#[4a]">DMA2_Stream2_IRQHandler</a> from startup_stm32f40_41xxx.o(.text) referenced from startup_stm32f40_41xxx.o(RESET)
 <LI><a href="#[4b]">DMA2_Stream3_IRQHandler</a> from startup_stm32f40_41xxx.o(.text) referenced from startup_stm32f40_41xxx.o(RESET)
 <LI><a href="#[4c]">DMA2_Stream4_IRQHandler</a> from startup_stm32f40_41xxx.o(.text) referenced from startup_stm32f40_41xxx.o(RESET)
 <LI><a href="#[54]">DMA2_Stream5_IRQHandler</a> from startup_stm32f40_41xxx.o(.text) referenced from startup_stm32f40_41xxx.o(RESET)
 <LI><a href="#[55]">DMA2_Stream6_IRQHandler</a> from startup_stm32f40_41xxx.o(.text) referenced from startup_stm32f40_41xxx.o(RESET)
 <LI><a href="#[56]">DMA2_Stream7_IRQHandler</a> from startup_stm32f40_41xxx.o(.text) referenced from startup_stm32f40_41xxx.o(RESET)
 <LI><a href="#[d]">DebugMon_Handler</a> from startup_stm32f40_41xxx.o(.text) referenced from startup_stm32f40_41xxx.o(RESET)
 <LI><a href="#[4d]">ETH_IRQHandler</a> from startup_stm32f40_41xxx.o(.text) referenced from startup_stm32f40_41xxx.o(RESET)
 <LI><a href="#[4e]">ETH_WKUP_IRQHandler</a> from startup_stm32f40_41xxx.o(.text) referenced from startup_stm32f40_41xxx.o(RESET)
 <LI><a href="#[16]">EXTI0_IRQHandler</a> from startup_stm32f40_41xxx.o(.text) referenced from startup_stm32f40_41xxx.o(RESET)
 <LI><a href="#[38]">EXTI15_10_IRQHandler</a> from startup_stm32f40_41xxx.o(.text) referenced from startup_stm32f40_41xxx.o(RESET)
 <LI><a href="#[17]">EXTI1_IRQHandler</a> from startup_stm32f40_41xxx.o(.text) referenced from startup_stm32f40_41xxx.o(RESET)
 <LI><a href="#[18]">EXTI2_IRQHandler</a> from startup_stm32f40_41xxx.o(.text) referenced from startup_stm32f40_41xxx.o(RESET)
 <LI><a href="#[19]">EXTI3_IRQHandler</a> from startup_stm32f40_41xxx.o(.text) referenced from startup_stm32f40_41xxx.o(RESET)
 <LI><a href="#[1a]">EXTI4_IRQHandler</a> from startup_stm32f40_41xxx.o(.text) referenced from startup_stm32f40_41xxx.o(RESET)
 <LI><a href="#[27]">EXTI9_5_IRQHandler</a> from startup_stm32f40_41xxx.o(.text) referenced from startup_stm32f40_41xxx.o(RESET)
 <LI><a href="#[14]">FLASH_IRQHandler</a> from startup_stm32f40_41xxx.o(.text) referenced from startup_stm32f40_41xxx.o(RESET)
 <LI><a href="#[61]">FPU_IRQHandler</a> from startup_stm32f40_41xxx.o(.text) referenced from startup_stm32f40_41xxx.o(RESET)
 <LI><a href="#[40]">FSMC_IRQHandler</a> from startup_stm32f40_41xxx.o(.text) referenced from startup_stm32f40_41xxx.o(RESET)
 <LI><a href="#[60]">HASH_RNG_IRQHandler</a> from startup_stm32f40_41xxx.o(.text) referenced from startup_stm32f40_41xxx.o(RESET)
 <LI><a href="#[8]">HardFault_Handler</a> from startup_stm32f40_41xxx.o(.text) referenced from startup_stm32f40_41xxx.o(RESET)
 <LI><a href="#[30]">I2C1_ER_IRQHandler</a> from startup_stm32f40_41xxx.o(.text) referenced from startup_stm32f40_41xxx.o(RESET)
 <LI><a href="#[2f]">I2C1_EV_IRQHandler</a> from startup_stm32f40_41xxx.o(.text) referenced from startup_stm32f40_41xxx.o(RESET)
 <LI><a href="#[32]">I2C2_ER_IRQHandler</a> from startup_stm32f40_41xxx.o(.text) referenced from startup_stm32f40_41xxx.o(RESET)
 <LI><a href="#[31]">I2C2_EV_IRQHandler</a> from startup_stm32f40_41xxx.o(.text) referenced from startup_stm32f40_41xxx.o(RESET)
 <LI><a href="#[59]">I2C3_ER_IRQHandler</a> from startup_stm32f40_41xxx.o(.text) referenced from startup_stm32f40_41xxx.o(RESET)
 <LI><a href="#[58]">I2C3_EV_IRQHandler</a> from startup_stm32f40_41xxx.o(.text) referenced from startup_stm32f40_41xxx.o(RESET)
 <LI><a href="#[9]">MemManage_Handler</a> from startup_stm32f40_41xxx.o(.text) referenced from startup_stm32f40_41xxx.o(RESET)
 <LI><a href="#[7]">NMI_Handler</a> from startup_stm32f40_41xxx.o(.text) referenced from startup_stm32f40_41xxx.o(RESET)
 <LI><a href="#[53]">OTG_FS_IRQHandler</a> from startup_stm32f40_41xxx.o(.text) referenced from startup_stm32f40_41xxx.o(RESET)
 <LI><a href="#[3a]">OTG_FS_WKUP_IRQHandler</a> from startup_stm32f40_41xxx.o(.text) referenced from startup_stm32f40_41xxx.o(RESET)
 <LI><a href="#[5b]">OTG_HS_EP1_IN_IRQHandler</a> from startup_stm32f40_41xxx.o(.text) referenced from startup_stm32f40_41xxx.o(RESET)
 <LI><a href="#[5a]">OTG_HS_EP1_OUT_IRQHandler</a> from startup_stm32f40_41xxx.o(.text) referenced from startup_stm32f40_41xxx.o(RESET)
 <LI><a href="#[5d]">OTG_HS_IRQHandler</a> from startup_stm32f40_41xxx.o(.text) referenced from startup_stm32f40_41xxx.o(RESET)
 <LI><a href="#[5c]">OTG_HS_WKUP_IRQHandler</a> from startup_stm32f40_41xxx.o(.text) referenced from startup_stm32f40_41xxx.o(RESET)
 <LI><a href="#[11]">PVD_IRQHandler</a> from startup_stm32f40_41xxx.o(.text) referenced from startup_stm32f40_41xxx.o(RESET)
 <LI><a href="#[e]">PendSV_Handler</a> from startup_stm32f40_41xxx.o(.text) referenced from startup_stm32f40_41xxx.o(RESET)
 <LI><a href="#[15]">RCC_IRQHandler</a> from startup_stm32f40_41xxx.o(.text) referenced from startup_stm32f40_41xxx.o(RESET)
 <LI><a href="#[39]">RTC_Alarm_IRQHandler</a> from startup_stm32f40_41xxx.o(.text) referenced from startup_stm32f40_41xxx.o(RESET)
 <LI><a href="#[13]">RTC_WKUP_IRQHandler</a> from startup_stm32f40_41xxx.o(.text) referenced from startup_stm32f40_41xxx.o(RESET)
 <LI><a href="#[6]">Reset_Handler</a> from startup_stm32f40_41xxx.o(.text) referenced from startup_stm32f40_41xxx.o(RESET)
 <LI><a href="#[41]">SDIO_IRQHandler</a> from startup_stm32f40_41xxx.o(.text) referenced from startup_stm32f40_41xxx.o(RESET)
 <LI><a href="#[33]">SPI1_IRQHandler</a> from startup_stm32f40_41xxx.o(.text) referenced from startup_stm32f40_41xxx.o(RESET)
 <LI><a href="#[34]">SPI2_IRQHandler</a> from startup_stm32f40_41xxx.o(.text) referenced from startup_stm32f40_41xxx.o(RESET)
 <LI><a href="#[43]">SPI3_IRQHandler</a> from startup_stm32f40_41xxx.o(.text) referenced from startup_stm32f40_41xxx.o(RESET)
 <LI><a href="#[c]">SVC_Handler</a> from startup_stm32f40_41xxx.o(.text) referenced from startup_stm32f40_41xxx.o(RESET)
 <LI><a href="#[f]">SysTick_Handler</a> from timer.o(.text) referenced from startup_stm32f40_41xxx.o(RESET)
 <LI><a href="#[64]">SystemInit</a> from system_stm32f4xx.o(.text) referenced from startup_stm32f40_41xxx.o(.text)
 <LI><a href="#[12]">TAMP_STAMP_IRQHandler</a> from startup_stm32f40_41xxx.o(.text) referenced from startup_stm32f40_41xxx.o(RESET)
 <LI><a href="#[28]">TIM1_BRK_TIM9_IRQHandler</a> from startup_stm32f40_41xxx.o(.text) referenced from startup_stm32f40_41xxx.o(RESET)
 <LI><a href="#[2b]">TIM1_CC_IRQHandler</a> from startup_stm32f40_41xxx.o(.text) referenced from startup_stm32f40_41xxx.o(RESET)
 <LI><a href="#[2a]">TIM1_TRG_COM_TIM11_IRQHandler</a> from startup_stm32f40_41xxx.o(.text) referenced from startup_stm32f40_41xxx.o(RESET)
 <LI><a href="#[29]">TIM1_UP_TIM10_IRQHandler</a> from timer.o(.text) referenced from startup_stm32f40_41xxx.o(RESET)
 <LI><a href="#[2c]">TIM2_IRQHandler</a> from timer.o(.text) referenced from startup_stm32f40_41xxx.o(RESET)
 <LI><a href="#[2d]">TIM3_IRQHandler</a> from startup_stm32f40_41xxx.o(.text) referenced from startup_stm32f40_41xxx.o(RESET)
 <LI><a href="#[2e]">TIM4_IRQHandler</a> from startup_stm32f40_41xxx.o(.text) referenced from startup_stm32f40_41xxx.o(RESET)
 <LI><a href="#[42]">TIM5_IRQHandler</a> from startup_stm32f40_41xxx.o(.text) referenced from startup_stm32f40_41xxx.o(RESET)
 <LI><a href="#[46]">TIM6_DAC_IRQHandler</a> from startup_stm32f40_41xxx.o(.text) referenced from startup_stm32f40_41xxx.o(RESET)
 <LI><a href="#[47]">TIM7_IRQHandler</a> from startup_stm32f40_41xxx.o(.text) referenced from startup_stm32f40_41xxx.o(RESET)
 <LI><a href="#[3b]">TIM8_BRK_TIM12_IRQHandler</a> from startup_stm32f40_41xxx.o(.text) referenced from startup_stm32f40_41xxx.o(RESET)
 <LI><a href="#[3e]">TIM8_CC_IRQHandler</a> from startup_stm32f40_41xxx.o(.text) referenced from startup_stm32f40_41xxx.o(RESET)
 <LI><a href="#[3d]">TIM8_TRG_COM_TIM14_IRQHandler</a> from startup_stm32f40_41xxx.o(.text) referenced from startup_stm32f40_41xxx.o(RESET)
 <LI><a href="#[3c]">TIM8_UP_TIM13_IRQHandler</a> from startup_stm32f40_41xxx.o(.text) referenced from startup_stm32f40_41xxx.o(RESET)
 <LI><a href="#[44]">UART4_IRQHandler</a> from startup_stm32f40_41xxx.o(.text) referenced from startup_stm32f40_41xxx.o(RESET)
 <LI><a href="#[45]">UART5_IRQHandler</a> from startup_stm32f40_41xxx.o(.text) referenced from startup_stm32f40_41xxx.o(RESET)
 <LI><a href="#[35]">USART1_IRQHandler</a> from startup_stm32f40_41xxx.o(.text) referenced from startup_stm32f40_41xxx.o(RESET)
 <LI><a href="#[36]">USART2_IRQHandler</a> from receive.o(.text) referenced from startup_stm32f40_41xxx.o(RESET)
 <LI><a href="#[37]">USART3_IRQHandler</a> from bspusart.o(.text) referenced from startup_stm32f40_41xxx.o(RESET)
 <LI><a href="#[57]">USART6_IRQHandler</a> from startup_stm32f40_41xxx.o(.text) referenced from startup_stm32f40_41xxx.o(RESET)
 <LI><a href="#[b]">UsageFault_Handler</a> from startup_stm32f40_41xxx.o(.text) referenced from startup_stm32f40_41xxx.o(RESET)
 <LI><a href="#[10]">WWDG_IRQHandler</a> from startup_stm32f40_41xxx.o(.text) referenced from startup_stm32f40_41xxx.o(RESET)
 <LI><a href="#[63]">myRecvCallback(DJI::onboardSDK::CoreAPI*, DJI::onboardSDK::Header*, void*)</a> from localnavigation.o(.text) referenced from main.o(.text)
 <LI><a href="#[139]">aes256_decrypt_ecb(tagAES256Context*, unsigned char*)</a> from dji_codec.o(.text) referenced 2 times from dji_codec.o(.text)
 <LI><a href="#[134]">aes256_encrypt_ecb(tagAES256Context*, unsigned char*)</a> from dji_codec.o(.text) referenced from dji_codec.o(.text)
 <LI><a href="#[6c]">__default_new_handler()</a> from arm_newhandler_noexceptions.o(.text) referenced from new.o(i._Znwj)
 <LI><a href="#[6b]">[local to arm_exceptions_c]::__default_terminate_handler()</a> from arm_exceptions_globs.o(.text) referenced from arm_exceptions_globs.o(.text)
 <LI><a href="#[80]">DJI::onboardSDK::HardDriver::displayLog(const char*)</a> from dji_harddriver.o(.text) referenced from driver.o(.constdata__ZTV7STM32F4)
 <LI><a href="#[80]">DJI::onboardSDK::HardDriver::displayLog(const char*)</a> from dji_harddriver.o(.text) referenced from dji_harddriver.o(.constdata__ZTVN3DJI10onboardSDK10HardDriverE)
 <LI><a href="#[7f]">DJI::onboardSDK::HardDriver::nonBlockWait()</a> from driver.o(i._ZN3DJI10onboardSDK10HardDriver12nonBlockWaitEv) referenced from driver.o(.constdata__ZTV7STM32F4)
 <LI><a href="#[7f]">DJI::onboardSDK::HardDriver::nonBlockWait()</a> from driver.o(i._ZN3DJI10onboardSDK10HardDriver12nonBlockWaitEv) referenced from dji_harddriver.o(.constdata__ZTVN3DJI10onboardSDK10HardDriverE)
 <LI><a href="#[7d]">DJI::onboardSDK::HardDriver::freeNonBlockCBAck()</a> from driver.o(i._ZN3DJI10onboardSDK10HardDriver17freeNonBlockCBAckEv) referenced from driver.o(.constdata__ZTV7STM32F4)
 <LI><a href="#[7d]">DJI::onboardSDK::HardDriver::freeNonBlockCBAck()</a> from driver.o(i._ZN3DJI10onboardSDK10HardDriver17freeNonBlockCBAckEv) referenced from dji_harddriver.o(.constdata__ZTVN3DJI10onboardSDK10HardDriverE)
 <LI><a href="#[7c]">DJI::onboardSDK::HardDriver::lockNonBlockCBAck()</a> from driver.o(i._ZN3DJI10onboardSDK10HardDriver17lockNonBlockCBAckEv) referenced from driver.o(.constdata__ZTV7STM32F4)
 <LI><a href="#[7c]">DJI::onboardSDK::HardDriver::lockNonBlockCBAck()</a> from driver.o(i._ZN3DJI10onboardSDK10HardDriver17lockNonBlockCBAckEv) referenced from dji_harddriver.o(.constdata__ZTVN3DJI10onboardSDK10HardDriverE)
 <LI><a href="#[7b]">DJI::onboardSDK::HardDriver::freeProtocolHeader()</a> from driver.o(i._ZN3DJI10onboardSDK10HardDriver18freeProtocolHeaderEv) referenced from driver.o(.constdata__ZTV7STM32F4)
 <LI><a href="#[7b]">DJI::onboardSDK::HardDriver::freeProtocolHeader()</a> from driver.o(i._ZN3DJI10onboardSDK10HardDriver18freeProtocolHeaderEv) referenced from dji_harddriver.o(.constdata__ZTVN3DJI10onboardSDK10HardDriverE)
 <LI><a href="#[7a]">DJI::onboardSDK::HardDriver::lockProtocolHeader()</a> from driver.o(i._ZN3DJI10onboardSDK10HardDriver18lockProtocolHeaderEv) referenced from driver.o(.constdata__ZTV7STM32F4)
 <LI><a href="#[7a]">DJI::onboardSDK::HardDriver::lockProtocolHeader()</a> from driver.o(i._ZN3DJI10onboardSDK10HardDriver18lockProtocolHeaderEv) referenced from dji_harddriver.o(.constdata__ZTVN3DJI10onboardSDK10HardDriverE)
 <LI><a href="#[7e]">DJI::onboardSDK::HardDriver::notifyNonBlockCBAckRecv()</a> from driver.o(i._ZN3DJI10onboardSDK10HardDriver23notifyNonBlockCBAckRecvEv) referenced from driver.o(.constdata__ZTV7STM32F4)
 <LI><a href="#[7e]">DJI::onboardSDK::HardDriver::notifyNonBlockCBAckRecv()</a> from driver.o(i._ZN3DJI10onboardSDK10HardDriver23notifyNonBlockCBAckRecvEv) referenced from dji_harddriver.o(.constdata__ZTVN3DJI10onboardSDK10HardDriverE)
 <LI><a href="#[66]">DJI::onboardSDK::missionCallback(DJI::onboardSDK::CoreAPI*, DJI::onboardSDK::Header*, void*)</a> from dji_mission.o(.text) referenced 2 times from dji_hotpoint.o(.text)
 <LI><a href="#[156]">DJI::onboardSDK::Flight::armCallback(DJI::onboardSDK::CoreAPI*, DJI::onboardSDK::Header*, void*)</a> from dji_flight.o(.text) referenced from dji_flight.o(.text)
 <LI><a href="#[153]">DJI::onboardSDK::Flight::taskCallback(DJI::onboardSDK::CoreAPI*, DJI::onboardSDK::Header*, void*)</a> from dji_flight.o(.text) referenced from dji_flight.o(.text)
 <LI><a href="#[10f]">DJI::onboardSDK::CoreAPI::activateCallback(DJI::onboardSDK::CoreAPI*, DJI::onboardSDK::Header*, void*)</a> from dji_api.o(.text) referenced from dji_api.o(.text)
 <LI><a href="#[118]">DJI::onboardSDK::CoreAPI::setControlCallback(DJI::onboardSDK::CoreAPI*, DJI::onboardSDK::Header*, void*)</a> from dji_api.o(.text) referenced 3 times from dji_api.o(.text)
 <LI><a href="#[11c]">DJI::onboardSDK::CoreAPI::sendToMobileCallback(DJI::onboardSDK::CoreAPI*, DJI::onboardSDK::Header*, void*)</a> from dji_api.o(.text) referenced from dji_api.o(.text)
 <LI><a href="#[11d]">DJI::onboardSDK::CoreAPI::setFrequencyCallback(DJI::onboardSDK::CoreAPI*, DJI::onboardSDK::Header*, void*)</a> from dji_api.o(.text) referenced from dji_api.o(.text)
 <LI><a href="#[122]">DJI::onboardSDK::CoreAPI::getDroneVersionCallback(DJI::onboardSDK::CoreAPI*, DJI::onboardSDK::Header*, void*)</a> from dji_api.o(.text) referenced from dji_api.o(.text)
 <LI><a href="#[173]">DJI::onboardSDK::HotPoint::startCallback(DJI::onboardSDK::CoreAPI*, DJI::onboardSDK::Header*, void*)</a> from dji_hotpoint.o(.text) referenced from dji_hotpoint.o(.text)
 <LI><a href="#[73]">STM32F4::freeMemory()</a> from driver.o(i._ZN7STM32F410freeMemoryEv) referenced from driver.o(.constdata__ZTV7STM32F4)
 <LI><a href="#[72]">STM32F4::lockMemory()</a> from driver.o(i._ZN7STM32F410lockMemoryEv) referenced from driver.o(.constdata__ZTV7STM32F4)
 <LI><a href="#[6f]">STM32F4::getTimeStamp()</a> from driver.o(.text) referenced from driver.o(.constdata__ZTV7STM32F4)
 <LI><a href="#[70]">STM32F4::send(const unsigned char*, unsigned)</a> from driver.o(.text) referenced from driver.o(.constdata__ZTV7STM32F4)
 <LI><a href="#[79]">STM32F4::wait(int)</a> from driver.o(i._ZN7STM32F44waitEi) referenced from driver.o(.constdata__ZTV7STM32F4)
 <LI><a href="#[78]">STM32F4::notify()</a> from driver.o(i._ZN7STM32F46notifyEv) referenced from driver.o(.constdata__ZTV7STM32F4)
 <LI><a href="#[77]">STM32F4::freeACK()</a> from driver.o(i._ZN7STM32F47freeACKEv) referenced from driver.o(.constdata__ZTV7STM32F4)
 <LI><a href="#[75]">STM32F4::freeMSG()</a> from driver.o(i._ZN7STM32F47freeMSGEv) referenced from driver.o(.constdata__ZTV7STM32F4)
 <LI><a href="#[76]">STM32F4::lockACK()</a> from driver.o(i._ZN7STM32F47lockACKEv) referenced from driver.o(.constdata__ZTV7STM32F4)
 <LI><a href="#[74]">STM32F4::lockMSG()</a> from driver.o(i._ZN7STM32F47lockMSGEv) referenced from driver.o(.constdata__ZTV7STM32F4)
 <LI><a href="#[71]">STM32F4::readall(unsigned char*, unsigned)</a> from driver.o(i._ZN7STM32F47readallEPhj) referenced from driver.o(.constdata__ZTV7STM32F4)
 <LI><a href="#[81]">__cxa_pure_virtual</a> from pure_virt.o(i.__cxa_pure_virtual) referenced 12 times from dji_harddriver.o(.constdata__ZTVN3DJI10onboardSDK10HardDriverE)
 <LI><a href="#[65]">__main</a> from entry.o(.ARM.Collect$$$$00000000) referenced from startup_stm32f40_41xxx.o(.text)
 <LI><a href="#[84]">__sti___11_Receive_cpp_88bc3a46</a> from receive.o(.text) referenced from receive.o(.init_array)
 <LI><a href="#[83]">__sti___12_HotPoint_cpp_hotpoint</a> from hotpoint.o(.text) referenced from hotpoint.o(.init_array)
 <LI><a href="#[82]">__sti___8_main_cpp_BMP1</a> from main.o(.text) referenced from main.o(.init_array)
 <LI><a href="#[68]">_sbackspace</a> from _sgetc.o(.text) referenced from __0sscanf.o(.text)
 <LI><a href="#[69]">_scanf_char_input</a> from scanf_char.o(.text) referenced from scanf_char.o(.text)
 <LI><a href="#[67]">_sgetc</a> from _sgetc.o(.text) referenced from __0sscanf.o(.text)
 <LI><a href="#[6e]">_sputc</a> from printfa.o(i._sputc) referenced from printfa.o(i.__0sprintf)
 <LI><a href="#[6d]">fputc</a> from cppforstm32.o(.text) referenced from printfa.o(i.__0printf)
 <LI><a href="#[6a]">isspace</a> from isspace_c.o(.text) referenced from scanf_char.o(.text)
 <LI><a href="#[62]">main</a> from main.o(.text) referenced from entry9a.o(.ARM.Collect$$$$0000000B)
</UL>
<P>
<H3>
Global Symbols
</H3>
<P><STRONG><a name="[65]"></a>__main</STRONG> (Thumb, 0 bytes, Stack size unknown bytes, entry.o(.ARM.Collect$$$$00000000))
<BR>[Address Reference Count : 1]<UL><LI> startup_stm32f40_41xxx.o(.text)
</UL>
<P><STRONG><a name="[1e2]"></a>_main_stk</STRONG> (Thumb, 0 bytes, Stack size unknown bytes, entry2.o(.ARM.Collect$$$$00000001))

<P><STRONG><a name="[86]"></a>_main_scatterload</STRONG> (Thumb, 0 bytes, Stack size unknown bytes, entry5.o(.ARM.Collect$$$$00000004))
<BR><BR>[Calls]<UL><LI><a href="#[87]">&gt;&gt;</a>&nbsp;&nbsp;&nbsp;__scatterload
</UL>

<P><STRONG><a name="[1c6]"></a>__main_after_scatterload</STRONG> (Thumb, 0 bytes, Stack size unknown bytes, entry5.o(.ARM.Collect$$$$00000004))
<BR><BR>[Called By]<UL><LI><a href="#[87]">&gt;&gt;</a>&nbsp;&nbsp;&nbsp;__scatterload
</UL>

<P><STRONG><a name="[1e3]"></a>_main_clock</STRONG> (Thumb, 0 bytes, Stack size unknown bytes, entry7b.o(.ARM.Collect$$$$00000008))

<P><STRONG><a name="[88]"></a>_main_cpp_init$empty</STRONG> (Thumb, 0 bytes, Stack size unknown bytes, entry8a.o(.ARM.Collect$$$$00000009))
<BR><BR>[Stack]<UL><LI>Max Depth = 16 + Unknown Stack Size
<LI>Call Chain = _main_cpp_init$empty &rArr; __cpp_initialize__aeabi_
</UL>
<BR>[Calls]<UL><LI><a href="#[85]">&gt;&gt;</a>&nbsp;&nbsp;&nbsp;__cpp_initialize__aeabi_
</UL>

<P><STRONG><a name="[1e4]"></a>_main_cpp_init</STRONG> (Thumb, 0 bytes, Stack size unknown bytes, entry8b.o(.ARM.Collect$$$$0000000A))

<P><STRONG><a name="[1e5]"></a>_main_init</STRONG> (Thumb, 0 bytes, Stack size unknown bytes, entry9a.o(.ARM.Collect$$$$0000000B))

<P><STRONG><a name="[1e6]"></a>__rt_final_cpp</STRONG> (Thumb, 0 bytes, Stack size unknown bytes, entry10a.o(.ARM.Collect$$$$0000000D))

<P><STRONG><a name="[1e7]"></a>__rt_final_exit</STRONG> (Thumb, 0 bytes, Stack size unknown bytes, entry11a.o(.ARM.Collect$$$$0000000F))

<P><STRONG><a name="[6d]"></a>fputc</STRONG> (Thumb, 32 bytes, Stack size 16 bytes, cppforstm32.o(.text))
<BR><BR>[Stack]<UL><LI>Max Depth = 16<LI>Call Chain = fputc
</UL>
<BR>[Calls]<UL><LI><a href="#[8a]">&gt;&gt;</a>&nbsp;&nbsp;&nbsp;USART_SendData
<LI><a href="#[89]">&gt;&gt;</a>&nbsp;&nbsp;&nbsp;USART_GetFlagStatus
</UL>
<BR>[Address Reference Count : 1]<UL><LI> printfa.o(i.__0printf)
</UL>
<P><STRONG><a name="[8e]"></a>crc32(char*, unsigned)</STRONG> (Thumb, 40 bytes, Stack size 12 bytes, main.o(.text))
<BR><BR>[Stack]<UL><LI>Max Depth = 12<LI>Call Chain = crc32(char*, unsigned)
</UL>
<BR>[Called By]<UL><LI><a href="#[8b]">&gt;&gt;</a>&nbsp;&nbsp;&nbsp;nymth()
</UL>

<P><STRONG><a name="[8b]"></a>nymth()</STRONG> (Thumb, 440 bytes, Stack size 328 bytes, main.o(.text))
<BR><BR>[Stack]<UL><LI>Max Depth = 352<LI>Call Chain = nymth() &rArr; __2printf
</UL>
<BR>[Calls]<UL><LI><a href="#[8e]">&gt;&gt;</a>&nbsp;&nbsp;&nbsp;crc32(char*, unsigned)
<LI><a href="#[8d]">&gt;&gt;</a>&nbsp;&nbsp;&nbsp;strlen
<LI><a href="#[8c]">&gt;&gt;</a>&nbsp;&nbsp;&nbsp;__2printf
</UL>
<BR>[Called By]<UL><LI><a href="#[62]">&gt;&gt;</a>&nbsp;&nbsp;&nbsp;main
</UL>

<P><STRONG><a name="[8f]"></a>tiger_sniffing()</STRONG> (Thumb, 420 bytes, Stack size 24 bytes, main.o(.text))
<BR><BR>[Stack]<UL><LI>Max Depth = 392<LI>Call Chain = tiger_sniffing() &rArr; DJI::onboardSDK::CoreAPI::sendToMobile(unsigned char*, unsigned char, void(*)(DJI::onboardSDK::CoreAPI*, DJI::onboardSDK::Header*, void*), void*) &rArr; DJI::onboardSDK::CoreAPI::send(unsigned char, bool, DJI::onboardSDK::CMD_SET, unsigned char, void*, unsigned, int, int, void(*)(DJI::onboardSDK::CoreAPI*, DJI::onboardSDK::Header*, void*), void*) &rArr; DJI::onboardSDK::CoreAPI::sendInterface(DJI::onboardSDK::Command*) &rArr; DJI::onboardSDK::CoreAPI::encrypt(unsigned char*, const unsigned char*, unsigned short, unsigned char, unsigned char, unsigned char, unsigned short) &rArr; encodeData(DJI::onboardSDK::SDKFilter*, DJI::onboardSDK::Header*, void(*)(tagAES256Context*, unsigned char*)) &rArr; aes256_init(tagAES256Context*, unsigned char*) &rArr; aes_expandEncKey(unsigned char*, unsigned char*)
</UL>
<BR>[Calls]<UL><LI><a href="#[90]">&gt;&gt;</a>&nbsp;&nbsp;&nbsp;DJI::onboardSDK::CoreAPI::sendToMobile(unsigned char*, unsigned char, void(*)(DJI::onboardSDK::CoreAPI*, DJI::onboardSDK::Header*, void*), void*)
<LI><a href="#[92]">&gt;&gt;</a>&nbsp;&nbsp;&nbsp;OLED_ShowString(unsigned char, unsigned char, char*)
<LI><a href="#[93]">&gt;&gt;</a>&nbsp;&nbsp;&nbsp;OLED_ShowNum(unsigned char, unsigned char, unsigned, unsigned char, unsigned char)
<LI><a href="#[91]">&gt;&gt;</a>&nbsp;&nbsp;&nbsp;OLED_Clear()
<LI><a href="#[8c]">&gt;&gt;</a>&nbsp;&nbsp;&nbsp;__2printf
</UL>
<BR>[Called By]<UL><LI><a href="#[62]">&gt;&gt;</a>&nbsp;&nbsp;&nbsp;main
</UL>

<P><STRONG><a name="[62]"></a>main</STRONG> (Thumb, 1936 bytes, Stack size 24 bytes, main.o(.text))
<BR><BR>[Stack]<UL><LI>Max Depth = 1296<LI>Call Chain = main &rArr; TerminalCommand::terminalCommandHandler(DJI::onboardSDK::CoreAPI*, DJI::onboardSDK::Flight*) &rArr; tryHotpoint(double, float, float) &rArr; DJI::onboardSDK::HotPoint::start(void(*)(DJI::onboardSDK::CoreAPI*, DJI::onboardSDK::Header*, void*), void*) &rArr; DJI::onboardSDK::CoreAPI::send(unsigned char, bool, DJI::onboardSDK::CMD_SET, unsigned char, void*, unsigned, int, int, void(*)(DJI::onboardSDK::CoreAPI*, DJI::onboardSDK::Header*, void*), void*) &rArr; DJI::onboardSDK::CoreAPI::sendInterface(DJI::onboardSDK::Command*) &rArr; DJI::onboardSDK::CoreAPI::encrypt(unsigned char*, const unsigned char*, unsigned short, unsigned char, unsigned char, unsigned char, unsigned short) &rArr; encodeData(DJI::onboardSDK::SDKFilter*, DJI::onboardSDK::Header*, void(*)(tagAES256Context*, unsigned char*)) &rArr; aes256_init(tagAES256Context*, unsigned char*) &rArr; aes_expandEncKey(unsigned char*, unsigned char*)
</UL>
<BR>[Calls]<UL><LI><a href="#[94]">&gt;&gt;</a>&nbsp;&nbsp;&nbsp;delay_init
<LI><a href="#[a1]">&gt;&gt;</a>&nbsp;&nbsp;&nbsp;DJI::onboardSDK::CoreAPI::sendPoll()
<LI><a href="#[9c]">&gt;&gt;</a>&nbsp;&nbsp;&nbsp;DJI::onboardSDK::CoreAPI::setBroadcastCallback(void(*)(DJI::onboardSDK::CoreAPI*, DJI::onboardSDK::Header*, void*), void*)
<LI><a href="#[9b]">&gt;&gt;</a>&nbsp;&nbsp;&nbsp;DJI::onboardSDK::CoreAPI::setBroadcastFreq(unsigned char*, void(*)(DJI::onboardSDK::CoreAPI*, DJI::onboardSDK::Header*, void*), void*)
<LI><a href="#[9d]">&gt;&gt;</a>&nbsp;&nbsp;&nbsp;DJI::onboardSDK::CoreAPI::getDroneVersion(void(*)(DJI::onboardSDK::CoreAPI*, DJI::onboardSDK::Header*, void*), void*)
<LI><a href="#[90]">&gt;&gt;</a>&nbsp;&nbsp;&nbsp;DJI::onboardSDK::CoreAPI::sendToMobile(unsigned char*, unsigned char, void(*)(DJI::onboardSDK::CoreAPI*, DJI::onboardSDK::Header*, void*), void*)
<LI><a href="#[a0]">&gt;&gt;</a>&nbsp;&nbsp;&nbsp;TerminalCommand::terminalCommandHandler(DJI::onboardSDK::CoreAPI*, DJI::onboardSDK::Flight*)
<LI><a href="#[9a]">&gt;&gt;</a>&nbsp;&nbsp;&nbsp;delay_nms(unsigned short)
<LI><a href="#[95]">&gt;&gt;</a>&nbsp;&nbsp;&nbsp;OLED_Init()
<LI><a href="#[99]">&gt;&gt;</a>&nbsp;&nbsp;&nbsp;BSPinit()
<LI><a href="#[9f]">&gt;&gt;</a>&nbsp;&nbsp;&nbsp;mobileCommandHandler(DJI::onboardSDK::CoreAPI*, DJI::onboardSDK::Flight*)
<LI><a href="#[a2]">&gt;&gt;</a>&nbsp;&nbsp;&nbsp;OLED_ShowCHinese(unsigned char, unsigned char, unsigned char)
<LI><a href="#[a3]">&gt;&gt;</a>&nbsp;&nbsp;&nbsp;CAN1_Receive_Msg(unsigned char*)
<LI><a href="#[92]">&gt;&gt;</a>&nbsp;&nbsp;&nbsp;OLED_ShowString(unsigned char, unsigned char, char*)
<LI><a href="#[98]">&gt;&gt;</a>&nbsp;&nbsp;&nbsp;CAN1_Mode_Init(unsigned char, unsigned char, unsigned char, unsigned short, unsigned char)
<LI><a href="#[9e]">&gt;&gt;</a>&nbsp;&nbsp;&nbsp;User_Activate()
<LI><a href="#[93]">&gt;&gt;</a>&nbsp;&nbsp;&nbsp;OLED_ShowNum(unsigned char, unsigned char, unsigned, unsigned char, unsigned char)
<LI><a href="#[96]">&gt;&gt;</a>&nbsp;&nbsp;&nbsp;OLED_DrawBMP(unsigned char, unsigned char, unsigned char, unsigned char, unsigned char*)
<LI><a href="#[91]">&gt;&gt;</a>&nbsp;&nbsp;&nbsp;OLED_Clear()
<LI><a href="#[97]">&gt;&gt;</a>&nbsp;&nbsp;&nbsp;NVIC_PriorityGroupConfig
<LI><a href="#[8f]">&gt;&gt;</a>&nbsp;&nbsp;&nbsp;tiger_sniffing()
<LI><a href="#[8b]">&gt;&gt;</a>&nbsp;&nbsp;&nbsp;nymth()
<LI><a href="#[8a]">&gt;&gt;</a>&nbsp;&nbsp;&nbsp;USART_SendData
<LI><a href="#[89]">&gt;&gt;</a>&nbsp;&nbsp;&nbsp;USART_GetFlagStatus
<LI><a href="#[8c]">&gt;&gt;</a>&nbsp;&nbsp;&nbsp;__2printf
</UL>
<BR>[Address Reference Count : 1]<UL><LI> entry9a.o(.ARM.Collect$$$$0000000B)
</UL>
<P><STRONG><a name="[9e]"></a>User_Activate()</STRONG> (Thumb, 34 bytes, Stack size 56 bytes, activate.o(.text))
<BR><BR>[Stack]<UL><LI>Max Depth = 424<LI>Call Chain = User_Activate() &rArr; DJI::onboardSDK::CoreAPI::activate(DJI::onboardSDK::ActivateData*, void(*)(DJI::onboardSDK::CoreAPI*, DJI::onboardSDK::Header*, void*), void*) &rArr; DJI::onboardSDK::CoreAPI::send(unsigned char, bool, DJI::onboardSDK::CMD_SET, unsigned char, void*, unsigned, int, int, void(*)(DJI::onboardSDK::CoreAPI*, DJI::onboardSDK::Header*, void*), void*) &rArr; DJI::onboardSDK::CoreAPI::sendInterface(DJI::onboardSDK::Command*) &rArr; DJI::onboardSDK::CoreAPI::encrypt(unsigned char*, const unsigned char*, unsigned short, unsigned char, unsigned char, unsigned char, unsigned short) &rArr; encodeData(DJI::onboardSDK::SDKFilter*, DJI::onboardSDK::Header*, void(*)(tagAES256Context*, unsigned char*)) &rArr; aes256_init(tagAES256Context*, unsigned char*) &rArr; aes_expandEncKey(unsigned char*, unsigned char*)
</UL>
<BR>[Calls]<UL><LI><a href="#[a8]">&gt;&gt;</a>&nbsp;&nbsp;&nbsp;DJI::onboardSDK::CoreAPI::activate(DJI::onboardSDK::ActivateData*, void(*)(DJI::onboardSDK::CoreAPI*, DJI::onboardSDK::Header*, void*), void*)
</UL>
<BR>[Called By]<UL><LI><a href="#[a0]">&gt;&gt;</a>&nbsp;&nbsp;&nbsp;TerminalCommand::terminalCommandHandler(DJI::onboardSDK::CoreAPI*, DJI::onboardSDK::Flight*)
<LI><a href="#[9f]">&gt;&gt;</a>&nbsp;&nbsp;&nbsp;mobileCommandHandler(DJI::onboardSDK::CoreAPI*, DJI::onboardSDK::Flight*)
<LI><a href="#[62]">&gt;&gt;</a>&nbsp;&nbsp;&nbsp;main
</UL>

<P><STRONG><a name="[a9]"></a>VRC_TakeControl()</STRONG> (Thumb, 24 bytes, Stack size 8 bytes, virtualrc.o(.text))
<BR><BR>[Stack]<UL><LI>Max Depth = 368<LI>Call Chain = VRC_TakeControl() &rArr; DJI::onboardSDK::VirtualRC::setControl(bool, DJI::onboardSDK::VirtualRC::CutOff) &rArr; DJI::onboardSDK::CoreAPI::send(unsigned char, bool, DJI::onboardSDK::CMD_SET, unsigned char, void*, unsigned, int, int, void(*)(DJI::onboardSDK::CoreAPI*, DJI::onboardSDK::Header*, void*), void*) &rArr; DJI::onboardSDK::CoreAPI::sendInterface(DJI::onboardSDK::Command*) &rArr; DJI::onboardSDK::CoreAPI::encrypt(unsigned char*, const unsigned char*, unsigned short, unsigned char, unsigned char, unsigned char, unsigned short) &rArr; encodeData(DJI::onboardSDK::SDKFilter*, DJI::onboardSDK::Header*, void(*)(tagAES256Context*, unsigned char*)) &rArr; aes256_init(tagAES256Context*, unsigned char*) &rArr; aes_expandEncKey(unsigned char*, unsigned char*)
</UL>
<BR>[Calls]<UL><LI><a href="#[aa]">&gt;&gt;</a>&nbsp;&nbsp;&nbsp;DJI::onboardSDK::VirtualRC::setControl(bool, DJI::onboardSDK::VirtualRC::CutOff)
<LI><a href="#[ab]">&gt;&gt;</a>&nbsp;&nbsp;&nbsp;__aeabi_memcpy
</UL>
<BR>[Called By]<UL><LI><a href="#[a0]">&gt;&gt;</a>&nbsp;&nbsp;&nbsp;TerminalCommand::terminalCommandHandler(DJI::onboardSDK::CoreAPI*, DJI::onboardSDK::Flight*)
</UL>

<P><STRONG><a name="[ac]"></a>VRCResetData()</STRONG> (Thumb, 52 bytes, Stack size 8 bytes, virtualrc.o(.text))
<BR><BR>[Stack]<UL><LI>Max Depth = 368<LI>Call Chain = VRCResetData() &rArr; DJI::onboardSDK::VirtualRC::setControl(bool, DJI::onboardSDK::VirtualRC::CutOff) &rArr; DJI::onboardSDK::CoreAPI::send(unsigned char, bool, DJI::onboardSDK::CMD_SET, unsigned char, void*, unsigned, int, int, void(*)(DJI::onboardSDK::CoreAPI*, DJI::onboardSDK::Header*, void*), void*) &rArr; DJI::onboardSDK::CoreAPI::sendInterface(DJI::onboardSDK::Command*) &rArr; DJI::onboardSDK::CoreAPI::encrypt(unsigned char*, const unsigned char*, unsigned short, unsigned char, unsigned char, unsigned char, unsigned short) &rArr; encodeData(DJI::onboardSDK::SDKFilter*, DJI::onboardSDK::Header*, void(*)(tagAES256Context*, unsigned char*)) &rArr; aes256_init(tagAES256Context*, unsigned char*) &rArr; aes_expandEncKey(unsigned char*, unsigned char*)
</UL>
<BR>[Calls]<UL><LI><a href="#[aa]">&gt;&gt;</a>&nbsp;&nbsp;&nbsp;DJI::onboardSDK::VirtualRC::setControl(bool, DJI::onboardSDK::VirtualRC::CutOff)
</UL>
<BR>[Called By]<UL><LI><a href="#[a0]">&gt;&gt;</a>&nbsp;&nbsp;&nbsp;TerminalCommand::terminalCommandHandler(DJI::onboardSDK::CoreAPI*, DJI::onboardSDK::Flight*)
</UL>

<P><STRONG><a name="[ad]"></a>tryHotpoint(double, float, float)</STRONG> (Thumb, 200 bytes, Stack size 464 bytes, hotpoint.o(.text))
<BR><BR>[Stack]<UL><LI>Max Depth = 824<LI>Call Chain = tryHotpoint(double, float, float) &rArr; DJI::onboardSDK::HotPoint::start(void(*)(DJI::onboardSDK::CoreAPI*, DJI::onboardSDK::Header*, void*), void*) &rArr; DJI::onboardSDK::CoreAPI::send(unsigned char, bool, DJI::onboardSDK::CMD_SET, unsigned char, void*, unsigned, int, int, void(*)(DJI::onboardSDK::CoreAPI*, DJI::onboardSDK::Header*, void*), void*) &rArr; DJI::onboardSDK::CoreAPI::sendInterface(DJI::onboardSDK::Command*) &rArr; DJI::onboardSDK::CoreAPI::encrypt(unsigned char*, const unsigned char*, unsigned short, unsigned char, unsigned char, unsigned char, unsigned short) &rArr; encodeData(DJI::onboardSDK::SDKFilter*, DJI::onboardSDK::Header*, void(*)(tagAES256Context*, unsigned char*)) &rArr; aes256_init(tagAES256Context*, unsigned char*) &rArr; aes_expandEncKey(unsigned char*, unsigned char*)
</UL>
<BR>[Calls]<UL><LI><a href="#[b2]">&gt;&gt;</a>&nbsp;&nbsp;&nbsp;__aeabi_f2d
<LI><a href="#[ae]">&gt;&gt;</a>&nbsp;&nbsp;&nbsp;DJI::onboardSDK::CoreAPI::getBroadcastData() const
<LI><a href="#[b3]">&gt;&gt;</a>&nbsp;&nbsp;&nbsp;DJI::onboardSDK::HotPoint::setRadius(double)
<LI><a href="#[b4]">&gt;&gt;</a>&nbsp;&nbsp;&nbsp;DJI::onboardSDK::HotPoint::start(void(*)(DJI::onboardSDK::CoreAPI*, DJI::onboardSDK::Header*, void*), void*)
<LI><a href="#[b0]">&gt;&gt;</a>&nbsp;&nbsp;&nbsp;DJI::onboardSDK::HotPoint::setHotPoint(DJI::onboardSDK::GPSPositionData)
<LI><a href="#[b1]">&gt;&gt;</a>&nbsp;&nbsp;&nbsp;DJI::onboardSDK::HotPoint::setYawRate(float)
<LI><a href="#[af]">&gt;&gt;</a>&nbsp;&nbsp;&nbsp;__aeabi_memcpy4
</UL>
<BR>[Called By]<UL><LI><a href="#[a0]">&gt;&gt;</a>&nbsp;&nbsp;&nbsp;TerminalCommand::terminalCommandHandler(DJI::onboardSDK::CoreAPI*, DJI::onboardSDK::Flight*)
</UL>

<P><STRONG><a name="[b5]"></a>stopHotpoint()</STRONG> (Thumb, 14 bytes, Stack size 8 bytes, hotpoint.o(.text))
<BR><BR>[Stack]<UL><LI>Max Depth = 368<LI>Call Chain = stopHotpoint() &rArr; DJI::onboardSDK::HotPoint::stop(void(*)(DJI::onboardSDK::CoreAPI*, DJI::onboardSDK::Header*, void*), void*) &rArr; DJI::onboardSDK::CoreAPI::send(unsigned char, bool, DJI::onboardSDK::CMD_SET, unsigned char, void*, unsigned, int, int, void(*)(DJI::onboardSDK::CoreAPI*, DJI::onboardSDK::Header*, void*), void*) &rArr; DJI::onboardSDK::CoreAPI::sendInterface(DJI::onboardSDK::Command*) &rArr; DJI::onboardSDK::CoreAPI::encrypt(unsigned char*, const unsigned char*, unsigned short, unsigned char, unsigned char, unsigned char, unsigned short) &rArr; encodeData(DJI::onboardSDK::SDKFilter*, DJI::onboardSDK::Header*, void(*)(tagAES256Context*, unsigned char*)) &rArr; aes256_init(tagAES256Context*, unsigned char*) &rArr; aes_expandEncKey(unsigned char*, unsigned char*)
</UL>
<BR>[Calls]<UL><LI><a href="#[b6]">&gt;&gt;</a>&nbsp;&nbsp;&nbsp;DJI::onboardSDK::HotPoint::stop(void(*)(DJI::onboardSDK::CoreAPI*, DJI::onboardSDK::Header*, void*), void*)
</UL>
<BR>[Called By]<UL><LI><a href="#[a0]">&gt;&gt;</a>&nbsp;&nbsp;&nbsp;TerminalCommand::terminalCommandHandler(DJI::onboardSDK::CoreAPI*, DJI::onboardSDK::Flight*)
</UL>

<P><STRONG><a name="[36]"></a>USART2_IRQHandler</STRONG> (Thumb, 102 bytes, Stack size 8 bytes, receive.o(.text))
<BR><BR>[Stack]<UL><LI>Max Depth = 8<LI>Call Chain = USART2_IRQHandler
</UL>
<BR>[Calls]<UL><LI><a href="#[b8]">&gt;&gt;</a>&nbsp;&nbsp;&nbsp;USART_ReceiveData
<LI><a href="#[89]">&gt;&gt;</a>&nbsp;&nbsp;&nbsp;USART_GetFlagStatus
</UL>
<BR>[Address Reference Count : 1]<UL><LI> startup_stm32f40_41xxx.o(RESET)
</UL>
<P><STRONG><a name="[a0]"></a>TerminalCommand::terminalCommandHandler(DJI::onboardSDK::CoreAPI*, DJI::onboardSDK::Flight*)</STRONG> (Thumb, 800 bytes, Stack size 448 bytes, receive.o(.text))
<BR><BR>[Stack]<UL><LI>Max Depth = 1272<LI>Call Chain = TerminalCommand::terminalCommandHandler(DJI::onboardSDK::CoreAPI*, DJI::onboardSDK::Flight*) &rArr; tryHotpoint(double, float, float) &rArr; DJI::onboardSDK::HotPoint::start(void(*)(DJI::onboardSDK::CoreAPI*, DJI::onboardSDK::Header*, void*), void*) &rArr; DJI::onboardSDK::CoreAPI::send(unsigned char, bool, DJI::onboardSDK::CMD_SET, unsigned char, void*, unsigned, int, int, void(*)(DJI::onboardSDK::CoreAPI*, DJI::onboardSDK::Header*, void*), void*) &rArr; DJI::onboardSDK::CoreAPI::sendInterface(DJI::onboardSDK::Command*) &rArr; DJI::onboardSDK::CoreAPI::encrypt(unsigned char*, const unsigned char*, unsigned short, unsigned char, unsigned char, unsigned char, unsigned short) &rArr; encodeData(DJI::onboardSDK::SDKFilter*, DJI::onboardSDK::Header*, void(*)(tagAES256Context*, unsigned char*)) &rArr; aes256_init(tagAES256Context*, unsigned char*) &rArr; aes_expandEncKey(unsigned char*, unsigned char*)
</UL>
<BR>[Calls]<UL><LI><a href="#[bf]">&gt;&gt;</a>&nbsp;&nbsp;&nbsp;__aeabi_ui2d
<LI><a href="#[b9]">&gt;&gt;</a>&nbsp;&nbsp;&nbsp;DJI::onboardSDK::CoreAPI::setControl(bool, void(*)(DJI::onboardSDK::CoreAPI*, DJI::onboardSDK::Header*, void*), void*)
<LI><a href="#[bc]">&gt;&gt;</a>&nbsp;&nbsp;&nbsp;DJI::onboardSDK::Flight::setFlight(DJI::onboardSDK::FlightData*)
<LI><a href="#[ba]">&gt;&gt;</a>&nbsp;&nbsp;&nbsp;DJI::onboardSDK::Flight::setArm(bool, void(*)(DJI::onboardSDK::CoreAPI*, DJI::onboardSDK::Header*, void*), void*)
<LI><a href="#[be]">&gt;&gt;</a>&nbsp;&nbsp;&nbsp;DJI::onboardSDK::Flight::task(DJI::onboardSDK::Flight::TASK, void(*)(DJI::onboardSDK::CoreAPI*, DJI::onboardSDK::Header*, void*), void*)
<LI><a href="#[c0]">&gt;&gt;</a>&nbsp;&nbsp;&nbsp;startLocalNavExample()
<LI><a href="#[c1]">&gt;&gt;</a>&nbsp;&nbsp;&nbsp;stopLocalNavExample()
<LI><a href="#[bd]">&gt;&gt;</a>&nbsp;&nbsp;&nbsp;TIM_Cmd
<LI><a href="#[bb]">&gt;&gt;</a>&nbsp;&nbsp;&nbsp;hex2Float(unsigned char, unsigned char)
<LI><a href="#[b2]">&gt;&gt;</a>&nbsp;&nbsp;&nbsp;__aeabi_f2d
<LI><a href="#[ae]">&gt;&gt;</a>&nbsp;&nbsp;&nbsp;DJI::onboardSDK::CoreAPI::getBroadcastData() const
<LI><a href="#[b5]">&gt;&gt;</a>&nbsp;&nbsp;&nbsp;stopHotpoint()
<LI><a href="#[ad]">&gt;&gt;</a>&nbsp;&nbsp;&nbsp;tryHotpoint(double, float, float)
<LI><a href="#[ac]">&gt;&gt;</a>&nbsp;&nbsp;&nbsp;VRCResetData()
<LI><a href="#[a9]">&gt;&gt;</a>&nbsp;&nbsp;&nbsp;VRC_TakeControl()
<LI><a href="#[9d]">&gt;&gt;</a>&nbsp;&nbsp;&nbsp;DJI::onboardSDK::CoreAPI::getDroneVersion(void(*)(DJI::onboardSDK::CoreAPI*, DJI::onboardSDK::Header*, void*), void*)
<LI><a href="#[9e]">&gt;&gt;</a>&nbsp;&nbsp;&nbsp;User_Activate()
<LI><a href="#[af]">&gt;&gt;</a>&nbsp;&nbsp;&nbsp;__aeabi_memcpy4
<LI><a href="#[8c]">&gt;&gt;</a>&nbsp;&nbsp;&nbsp;__2printf
</UL>
<BR>[Called By]<UL><LI><a href="#[62]">&gt;&gt;</a>&nbsp;&nbsp;&nbsp;main
</UL>

<P><STRONG><a name="[70]"></a>STM32F4::send(const unsigned char*, unsigned)</STRONG> (Thumb, 58 bytes, Stack size 24 bytes, driver.o(.text))
<BR><BR>[Stack]<UL><LI>Max Depth = 24<LI>Call Chain = STM32F4::send(const unsigned char*, unsigned)
</UL>
<BR>[Calls]<UL><LI><a href="#[8a]">&gt;&gt;</a>&nbsp;&nbsp;&nbsp;USART_SendData
<LI><a href="#[89]">&gt;&gt;</a>&nbsp;&nbsp;&nbsp;USART_GetFlagStatus
</UL>
<BR>[Address Reference Count : 1]<UL><LI> driver.o(.constdata__ZTV7STM32F4)
</UL>
<P><STRONG><a name="[6f]"></a>STM32F4::getTimeStamp()</STRONG> (Thumb, 10 bytes, Stack size 0 bytes, driver.o(.text))
<BR>[Address Reference Count : 1]<UL><LI> driver.o(.constdata__ZTV7STM32F4)
</UL>
<P><STRONG><a name="[9f]"></a>mobileCommandHandler(DJI::onboardSDK::CoreAPI*, DJI::onboardSDK::Flight*)</STRONG> (Thumb, 596 bytes, Stack size 24 bytes, mobilecommand.o(.text))
<BR><BR>[Stack]<UL><LI>Max Depth = 448<LI>Call Chain = mobileCommandHandler(DJI::onboardSDK::CoreAPI*, DJI::onboardSDK::Flight*) &rArr; User_Activate() &rArr; DJI::onboardSDK::CoreAPI::activate(DJI::onboardSDK::ActivateData*, void(*)(DJI::onboardSDK::CoreAPI*, DJI::onboardSDK::Header*, void*), void*) &rArr; DJI::onboardSDK::CoreAPI::send(unsigned char, bool, DJI::onboardSDK::CMD_SET, unsigned char, void*, unsigned, int, int, void(*)(DJI::onboardSDK::CoreAPI*, DJI::onboardSDK::Header*, void*), void*) &rArr; DJI::onboardSDK::CoreAPI::sendInterface(DJI::onboardSDK::Command*) &rArr; DJI::onboardSDK::CoreAPI::encrypt(unsigned char*, const unsigned char*, unsigned short, unsigned char, unsigned char, unsigned char, unsigned short) &rArr; encodeData(DJI::onboardSDK::SDKFilter*, DJI::onboardSDK::Header*, void(*)(tagAES256Context*, unsigned char*)) &rArr; aes256_init(tagAES256Context*, unsigned char*) &rArr; aes_expandEncKey(unsigned char*, unsigned char*)
</UL>
<BR>[Calls]<UL><LI><a href="#[b9]">&gt;&gt;</a>&nbsp;&nbsp;&nbsp;DJI::onboardSDK::CoreAPI::setControl(bool, void(*)(DJI::onboardSDK::CoreAPI*, DJI::onboardSDK::Header*, void*), void*)
<LI><a href="#[ba]">&gt;&gt;</a>&nbsp;&nbsp;&nbsp;DJI::onboardSDK::Flight::setArm(bool, void(*)(DJI::onboardSDK::CoreAPI*, DJI::onboardSDK::Header*, void*), void*)
<LI><a href="#[be]">&gt;&gt;</a>&nbsp;&nbsp;&nbsp;DJI::onboardSDK::Flight::task(DJI::onboardSDK::Flight::TASK, void(*)(DJI::onboardSDK::CoreAPI*, DJI::onboardSDK::Header*, void*), void*)
<LI><a href="#[c0]">&gt;&gt;</a>&nbsp;&nbsp;&nbsp;startLocalNavExample()
<LI><a href="#[c1]">&gt;&gt;</a>&nbsp;&nbsp;&nbsp;stopLocalNavExample()
<LI><a href="#[90]">&gt;&gt;</a>&nbsp;&nbsp;&nbsp;DJI::onboardSDK::CoreAPI::sendToMobile(unsigned char*, unsigned char, void(*)(DJI::onboardSDK::CoreAPI*, DJI::onboardSDK::Header*, void*), void*)
<LI><a href="#[9a]">&gt;&gt;</a>&nbsp;&nbsp;&nbsp;delay_nms(unsigned short)
<LI><a href="#[9e]">&gt;&gt;</a>&nbsp;&nbsp;&nbsp;User_Activate()
<LI><a href="#[c2]">&gt;&gt;</a>&nbsp;&nbsp;&nbsp;DJI::onboardSDK::CoreAPI::getSimpleACK() const
</UL>
<BR>[Called By]<UL><LI><a href="#[62]">&gt;&gt;</a>&nbsp;&nbsp;&nbsp;main
</UL>

<P><STRONG><a name="[c7]"></a>updateCurveFollowing()</STRONG> (Thumb, 278 bytes, Stack size 72 bytes, localnavigation.o(.text))
<BR><BR>[Stack]<UL><LI>Max Depth = 880<LI>Call Chain = updateCurveFollowing() &rArr; DJI::onboardSDK::Flight::setMovementControl(unsigned char, float, float, float, float) &rArr; DJI::onboardSDK::CoreAPI::send(unsigned char, bool, DJI::onboardSDK::CMD_SET, unsigned char, void*, unsigned, int, int, void(*)(DJI::onboardSDK::CoreAPI*, DJI::onboardSDK::Header*, void*), void*) &rArr; DJI::onboardSDK::CoreAPI::sendInterface(DJI::onboardSDK::Command*) &rArr; DJI::onboardSDK::CoreAPI::encrypt(unsigned char*, const unsigned char*, unsigned short, unsigned char, unsigned char, unsigned char, unsigned short) &rArr; encodeData(DJI::onboardSDK::SDKFilter*, DJI::onboardSDK::Header*, void(*)(tagAES256Context*, unsigned char*)) &rArr; aes256_init(tagAES256Context*, unsigned char*) &rArr; aes_expandEncKey(unsigned char*, unsigned char*)
</UL>
<BR>[Calls]<UL><LI><a href="#[c9]">&gt;&gt;</a>&nbsp;&nbsp;&nbsp;arm_sin_f32
<LI><a href="#[c4]">&gt;&gt;</a>&nbsp;&nbsp;&nbsp;arm_cos_f32
<LI><a href="#[c8]">&gt;&gt;</a>&nbsp;&nbsp;&nbsp;DJI::onboardSDK::Flight::setMovementControl(unsigned char, float, float, float, float)
<LI><a href="#[c5]">&gt;&gt;</a>&nbsp;&nbsp;&nbsp;gps_convert_ned(DJI::onboardSDK::PositionData, DJI::onboardSDK::PositionData)
<LI><a href="#[af]">&gt;&gt;</a>&nbsp;&nbsp;&nbsp;__aeabi_memcpy4
<LI><a href="#[ab]">&gt;&gt;</a>&nbsp;&nbsp;&nbsp;__aeabi_memcpy
</UL>
<BR>[Called By]<UL><LI><a href="#[63]">&gt;&gt;</a>&nbsp;&nbsp;&nbsp;myRecvCallback(DJI::onboardSDK::CoreAPI*, DJI::onboardSDK::Header*, void*)
</UL>

<P><STRONG><a name="[63]"></a>myRecvCallback(DJI::onboardSDK::CoreAPI*, DJI::onboardSDK::Header*, void*)</STRONG> (Thumb, 192 bytes, Stack size 440 bytes, localnavigation.o(.text))
<BR><BR>[Stack]<UL><LI>Max Depth = 1320<LI>Call Chain = myRecvCallback(DJI::onboardSDK::CoreAPI*, DJI::onboardSDK::Header*, void*) &rArr; updateCurveFollowing() &rArr; DJI::onboardSDK::Flight::setMovementControl(unsigned char, float, float, float, float) &rArr; DJI::onboardSDK::CoreAPI::send(unsigned char, bool, DJI::onboardSDK::CMD_SET, unsigned char, void*, unsigned, int, int, void(*)(DJI::onboardSDK::CoreAPI*, DJI::onboardSDK::Header*, void*), void*) &rArr; DJI::onboardSDK::CoreAPI::sendInterface(DJI::onboardSDK::Command*) &rArr; DJI::onboardSDK::CoreAPI::encrypt(unsigned char*, const unsigned char*, unsigned short, unsigned char, unsigned char, unsigned char, unsigned short) &rArr; encodeData(DJI::onboardSDK::SDKFilter*, DJI::onboardSDK::Header*, void(*)(tagAES256Context*, unsigned char*)) &rArr; aes256_init(tagAES256Context*, unsigned char*) &rArr; aes_expandEncKey(unsigned char*, unsigned char*)
</UL>
<BR>[Calls]<UL><LI><a href="#[ae]">&gt;&gt;</a>&nbsp;&nbsp;&nbsp;DJI::onboardSDK::CoreAPI::getBroadcastData() const
<LI><a href="#[ca]">&gt;&gt;</a>&nbsp;&nbsp;&nbsp;DJI::onboardSDK::CoreAPI::getFlightStatus() const
<LI><a href="#[c7]">&gt;&gt;</a>&nbsp;&nbsp;&nbsp;updateCurveFollowing()
<LI><a href="#[af]">&gt;&gt;</a>&nbsp;&nbsp;&nbsp;__aeabi_memcpy4
<LI><a href="#[ab]">&gt;&gt;</a>&nbsp;&nbsp;&nbsp;__aeabi_memcpy
<LI><a href="#[8c]">&gt;&gt;</a>&nbsp;&nbsp;&nbsp;__2printf
</UL>
<BR>[Address Reference Count : 1]<UL><LI> main.o(.text)
</UL>
<P><STRONG><a name="[c0]"></a>startLocalNavExample()</STRONG> (Thumb, 84 bytes, Stack size 8 bytes, localnavigation.o(.text))
<BR><BR>[Stack]<UL><LI>Max Depth = 32<LI>Call Chain = startLocalNavExample() &rArr; __2printf
</UL>
<BR>[Calls]<UL><LI><a href="#[8c]">&gt;&gt;</a>&nbsp;&nbsp;&nbsp;__2printf
</UL>
<BR>[Called By]<UL><LI><a href="#[a0]">&gt;&gt;</a>&nbsp;&nbsp;&nbsp;TerminalCommand::terminalCommandHandler(DJI::onboardSDK::CoreAPI*, DJI::onboardSDK::Flight*)
<LI><a href="#[9f]">&gt;&gt;</a>&nbsp;&nbsp;&nbsp;mobileCommandHandler(DJI::onboardSDK::CoreAPI*, DJI::onboardSDK::Flight*)
</UL>

<P><STRONG><a name="[c1]"></a>stopLocalNavExample()</STRONG> (Thumb, 18 bytes, Stack size 0 bytes, localnavigation.o(.text))
<BR><BR>[Called By]<UL><LI><a href="#[a0]">&gt;&gt;</a>&nbsp;&nbsp;&nbsp;TerminalCommand::terminalCommandHandler(DJI::onboardSDK::CoreAPI*, DJI::onboardSDK::Flight*)
<LI><a href="#[9f]">&gt;&gt;</a>&nbsp;&nbsp;&nbsp;mobileCommandHandler(DJI::onboardSDK::CoreAPI*, DJI::onboardSDK::Flight*)
</UL>

<P><STRONG><a name="[cb]"></a>USART2_Gpio_Config()</STRONG> (Thumb, 66 bytes, Stack size 16 bytes, bspusart.o(.text))
<BR><BR>[Stack]<UL><LI>Max Depth = 36<LI>Call Chain = USART2_Gpio_Config() &rArr; GPIO_PinAFConfig
</UL>
<BR>[Calls]<UL><LI><a href="#[cc]">&gt;&gt;</a>&nbsp;&nbsp;&nbsp;RCC_AHB1PeriphClockCmd
<LI><a href="#[ce]">&gt;&gt;</a>&nbsp;&nbsp;&nbsp;GPIO_PinAFConfig
<LI><a href="#[cd]">&gt;&gt;</a>&nbsp;&nbsp;&nbsp;GPIO_Init
</UL>
<BR>[Called By]<UL><LI><a href="#[d1]">&gt;&gt;</a>&nbsp;&nbsp;&nbsp;USART2_Config()
</UL>

<P><STRONG><a name="[cf]"></a>USART3_Gpio_Config()</STRONG> (Thumb, 68 bytes, Stack size 16 bytes, bspusart.o(.text))
<BR><BR>[Stack]<UL><LI>Max Depth = 36<LI>Call Chain = USART3_Gpio_Config() &rArr; GPIO_PinAFConfig
</UL>
<BR>[Calls]<UL><LI><a href="#[cc]">&gt;&gt;</a>&nbsp;&nbsp;&nbsp;RCC_AHB1PeriphClockCmd
<LI><a href="#[ce]">&gt;&gt;</a>&nbsp;&nbsp;&nbsp;GPIO_PinAFConfig
<LI><a href="#[cd]">&gt;&gt;</a>&nbsp;&nbsp;&nbsp;GPIO_Init
</UL>
<BR>[Called By]<UL><LI><a href="#[d8]">&gt;&gt;</a>&nbsp;&nbsp;&nbsp;USART3_Config()
</UL>

<P><STRONG><a name="[d0]"></a>USART1_Gpio_Config()</STRONG> (Thumb, 68 bytes, Stack size 16 bytes, bspusart.o(.text))
<BR><BR>[Stack]<UL><LI>Max Depth = 36<LI>Call Chain = USART1_Gpio_Config() &rArr; GPIO_PinAFConfig
</UL>
<BR>[Calls]<UL><LI><a href="#[cc]">&gt;&gt;</a>&nbsp;&nbsp;&nbsp;RCC_AHB1PeriphClockCmd
<LI><a href="#[ce]">&gt;&gt;</a>&nbsp;&nbsp;&nbsp;GPIO_PinAFConfig
<LI><a href="#[cd]">&gt;&gt;</a>&nbsp;&nbsp;&nbsp;GPIO_Init
</UL>
<BR>[Called By]<UL><LI><a href="#[d6]">&gt;&gt;</a>&nbsp;&nbsp;&nbsp;USART1_Config()
</UL>

<P><STRONG><a name="[d1]"></a>USART2_Config()</STRONG> (Thumb, 88 bytes, Stack size 24 bytes, bspusart.o(.text))
<BR><BR>[Stack]<UL><LI>Max Depth = 92<LI>Call Chain = USART2_Config() &rArr; USART_Init &rArr; RCC_GetClocksFreq
</UL>
<BR>[Calls]<UL><LI><a href="#[89]">&gt;&gt;</a>&nbsp;&nbsp;&nbsp;USART_GetFlagStatus
<LI><a href="#[d3]">&gt;&gt;</a>&nbsp;&nbsp;&nbsp;USART_Init
<LI><a href="#[d4]">&gt;&gt;</a>&nbsp;&nbsp;&nbsp;USART_ITConfig
<LI><a href="#[d5]">&gt;&gt;</a>&nbsp;&nbsp;&nbsp;USART_Cmd
<LI><a href="#[d2]">&gt;&gt;</a>&nbsp;&nbsp;&nbsp;RCC_APB1PeriphClockCmd
<LI><a href="#[cb]">&gt;&gt;</a>&nbsp;&nbsp;&nbsp;USART2_Gpio_Config()
</UL>
<BR>[Called By]<UL><LI><a href="#[db]">&gt;&gt;</a>&nbsp;&nbsp;&nbsp;UsartConfig()
</UL>

<P><STRONG><a name="[d6]"></a>USART1_Config()</STRONG> (Thumb, 88 bytes, Stack size 24 bytes, bspusart.o(.text))
<BR><BR>[Stack]<UL><LI>Max Depth = 92<LI>Call Chain = USART1_Config() &rArr; USART_Init &rArr; RCC_GetClocksFreq
</UL>
<BR>[Calls]<UL><LI><a href="#[89]">&gt;&gt;</a>&nbsp;&nbsp;&nbsp;USART_GetFlagStatus
<LI><a href="#[d3]">&gt;&gt;</a>&nbsp;&nbsp;&nbsp;USART_Init
<LI><a href="#[d4]">&gt;&gt;</a>&nbsp;&nbsp;&nbsp;USART_ITConfig
<LI><a href="#[d5]">&gt;&gt;</a>&nbsp;&nbsp;&nbsp;USART_Cmd
<LI><a href="#[d7]">&gt;&gt;</a>&nbsp;&nbsp;&nbsp;RCC_APB2PeriphClockCmd
<LI><a href="#[d0]">&gt;&gt;</a>&nbsp;&nbsp;&nbsp;USART1_Gpio_Config()
</UL>
<BR>[Called By]<UL><LI><a href="#[db]">&gt;&gt;</a>&nbsp;&nbsp;&nbsp;UsartConfig()
</UL>

<P><STRONG><a name="[d8]"></a>USART3_Config()</STRONG> (Thumb, 88 bytes, Stack size 24 bytes, bspusart.o(.text))
<BR><BR>[Stack]<UL><LI>Max Depth = 92<LI>Call Chain = USART3_Config() &rArr; USART_Init &rArr; RCC_GetClocksFreq
</UL>
<BR>[Calls]<UL><LI><a href="#[89]">&gt;&gt;</a>&nbsp;&nbsp;&nbsp;USART_GetFlagStatus
<LI><a href="#[d3]">&gt;&gt;</a>&nbsp;&nbsp;&nbsp;USART_Init
<LI><a href="#[d4]">&gt;&gt;</a>&nbsp;&nbsp;&nbsp;USART_ITConfig
<LI><a href="#[d5]">&gt;&gt;</a>&nbsp;&nbsp;&nbsp;USART_Cmd
<LI><a href="#[d2]">&gt;&gt;</a>&nbsp;&nbsp;&nbsp;RCC_APB1PeriphClockCmd
<LI><a href="#[cf]">&gt;&gt;</a>&nbsp;&nbsp;&nbsp;USART3_Gpio_Config()
</UL>
<BR>[Called By]<UL><LI><a href="#[db]">&gt;&gt;</a>&nbsp;&nbsp;&nbsp;UsartConfig()
</UL>

<P><STRONG><a name="[d9]"></a>USARTxNVIC_Config()</STRONG> (Thumb, 102 bytes, Stack size 16 bytes, bspusart.o(.text))
<BR><BR>[Stack]<UL><LI>Max Depth = 32<LI>Call Chain = USARTxNVIC_Config() &rArr; NVIC_Init
</UL>
<BR>[Calls]<UL><LI><a href="#[97]">&gt;&gt;</a>&nbsp;&nbsp;&nbsp;NVIC_PriorityGroupConfig
<LI><a href="#[da]">&gt;&gt;</a>&nbsp;&nbsp;&nbsp;NVIC_Init
</UL>
<BR>[Called By]<UL><LI><a href="#[db]">&gt;&gt;</a>&nbsp;&nbsp;&nbsp;UsartConfig()
</UL>

<P><STRONG><a name="[db]"></a>UsartConfig()</STRONG> (Thumb, 20 bytes, Stack size 8 bytes, bspusart.o(.text))
<BR><BR>[Stack]<UL><LI>Max Depth = 100<LI>Call Chain = UsartConfig() &rArr; USART3_Config() &rArr; USART_Init &rArr; RCC_GetClocksFreq
</UL>
<BR>[Calls]<UL><LI><a href="#[d9]">&gt;&gt;</a>&nbsp;&nbsp;&nbsp;USARTxNVIC_Config()
<LI><a href="#[d8]">&gt;&gt;</a>&nbsp;&nbsp;&nbsp;USART3_Config()
<LI><a href="#[d6]">&gt;&gt;</a>&nbsp;&nbsp;&nbsp;USART1_Config()
<LI><a href="#[d1]">&gt;&gt;</a>&nbsp;&nbsp;&nbsp;USART2_Config()
</UL>
<BR>[Called By]<UL><LI><a href="#[99]">&gt;&gt;</a>&nbsp;&nbsp;&nbsp;BSPinit()
</UL>

<P><STRONG><a name="[dc]"></a>USART1_IRQHandler()</STRONG> (Thumb, 122 bytes, Stack size 8 bytes, bspusart.o(.text), UNUSED)
<BR><BR>[Calls]<UL><LI><a href="#[b8]">&gt;&gt;</a>&nbsp;&nbsp;&nbsp;USART_ReceiveData
<LI><a href="#[dd]">&gt;&gt;</a>&nbsp;&nbsp;&nbsp;USART_GetITStatus
</UL>

<P><STRONG><a name="[37]"></a>USART3_IRQHandler</STRONG> (Thumb, 34 bytes, Stack size 8 bytes, bspusart.o(.text))
<BR><BR>[Stack]<UL><LI>Max Depth = 1376<LI>Call Chain = USART3_IRQHandler &rArr; DJI::onboardSDK::CoreAPI::byteHandler(unsigned char) &rArr; DJI::onboardSDK::CoreAPI::streamHandler(DJI::onboardSDK::SDKFilter*, unsigned char) &rArr; DJI::onboardSDK::CoreAPI::checkStream(DJI::onboardSDK::SDKFilter*) &rArr; DJI::onboardSDK::CoreAPI::verifyHead(DJI::onboardSDK::SDKFilter*) &rArr; DJI::onboardSDK::CoreAPI::callApp(DJI::onboardSDK::SDKFilter*) &rArr; DJI::onboardSDK::CoreAPI::appHandler(DJI::onboardSDK::Header*) &rArr; DJI::onboardSDK::CoreAPI::recvReqData(DJI::onboardSDK::Header*) &rArr; DJI::onboardSDK::CoreAPI::broadcast(DJI::onboardSDK::Header*) &rArr; DJI::onboardSDK::CoreAPI::getFlightStatus() const &rArr; DJI::onboardSDK::CoreAPI::getBroadcastData() const &rArr; __aeabi_memcpy4
</UL>
<BR>[Calls]<UL><LI><a href="#[b8]">&gt;&gt;</a>&nbsp;&nbsp;&nbsp;USART_ReceiveData
<LI><a href="#[89]">&gt;&gt;</a>&nbsp;&nbsp;&nbsp;USART_GetFlagStatus
<LI><a href="#[de]">&gt;&gt;</a>&nbsp;&nbsp;&nbsp;DJI::onboardSDK::CoreAPI::byteHandler(unsigned char)
</UL>
<BR>[Address Reference Count : 1]<UL><LI> startup_stm32f40_41xxx.o(RESET)
</UL>
<P><STRONG><a name="[99]"></a>BSPinit()</STRONG> (Thumb, 20 bytes, Stack size 8 bytes, bsp.o(.text))
<BR><BR>[Stack]<UL><LI>Max Depth = 108<LI>Call Chain = BSPinit() &rArr; UsartConfig() &rArr; USART3_Config() &rArr; USART_Init &rArr; RCC_GetClocksFreq
</UL>
<BR>[Calls]<UL><LI><a href="#[df]">&gt;&gt;</a>&nbsp;&nbsp;&nbsp;SystickConfig()
<LI><a href="#[e1]">&gt;&gt;</a>&nbsp;&nbsp;&nbsp;Timer2Config()
<LI><a href="#[e0]">&gt;&gt;</a>&nbsp;&nbsp;&nbsp;Timer1Config()
<LI><a href="#[db]">&gt;&gt;</a>&nbsp;&nbsp;&nbsp;UsartConfig()
</UL>
<BR>[Called By]<UL><LI><a href="#[62]">&gt;&gt;</a>&nbsp;&nbsp;&nbsp;main
</UL>

<P><STRONG><a name="[e0]"></a>Timer1Config()</STRONG> (Thumb, 110 bytes, Stack size 24 bytes, timer.o(.text))
<BR><BR>[Stack]<UL><LI>Max Depth = 40<LI>Call Chain = Timer1Config() &rArr; NVIC_Init
</UL>
<BR>[Calls]<UL><LI><a href="#[bd]">&gt;&gt;</a>&nbsp;&nbsp;&nbsp;TIM_Cmd
<LI><a href="#[e2]">&gt;&gt;</a>&nbsp;&nbsp;&nbsp;TIM_TimeBaseInit
<LI><a href="#[e4]">&gt;&gt;</a>&nbsp;&nbsp;&nbsp;TIM_ITConfig
<LI><a href="#[e3]">&gt;&gt;</a>&nbsp;&nbsp;&nbsp;TIM_ClearFlag
<LI><a href="#[d7]">&gt;&gt;</a>&nbsp;&nbsp;&nbsp;RCC_APB2PeriphClockCmd
<LI><a href="#[da]">&gt;&gt;</a>&nbsp;&nbsp;&nbsp;NVIC_Init
</UL>
<BR>[Called By]<UL><LI><a href="#[99]">&gt;&gt;</a>&nbsp;&nbsp;&nbsp;BSPinit()
</UL>

<P><STRONG><a name="[e1]"></a>Timer2Config()</STRONG> (Thumb, 114 bytes, Stack size 24 bytes, timer.o(.text))
<BR><BR>[Stack]<UL><LI>Max Depth = 40<LI>Call Chain = Timer2Config() &rArr; NVIC_Init
</UL>
<BR>[Calls]<UL><LI><a href="#[bd]">&gt;&gt;</a>&nbsp;&nbsp;&nbsp;TIM_Cmd
<LI><a href="#[e2]">&gt;&gt;</a>&nbsp;&nbsp;&nbsp;TIM_TimeBaseInit
<LI><a href="#[e4]">&gt;&gt;</a>&nbsp;&nbsp;&nbsp;TIM_ITConfig
<LI><a href="#[e3]">&gt;&gt;</a>&nbsp;&nbsp;&nbsp;TIM_ClearFlag
<LI><a href="#[d2]">&gt;&gt;</a>&nbsp;&nbsp;&nbsp;RCC_APB1PeriphClockCmd
<LI><a href="#[da]">&gt;&gt;</a>&nbsp;&nbsp;&nbsp;NVIC_Init
</UL>
<BR>[Called By]<UL><LI><a href="#[99]">&gt;&gt;</a>&nbsp;&nbsp;&nbsp;BSPinit()
</UL>

<P><STRONG><a name="[df]"></a>SystickConfig()</STRONG> (Thumb, 92 bytes, Stack size 12 bytes, timer.o(.text))
<BR><BR>[Stack]<UL><LI>Max Depth = 12<LI>Call Chain = SystickConfig()
</UL>
<BR>[Called By]<UL><LI><a href="#[99]">&gt;&gt;</a>&nbsp;&nbsp;&nbsp;BSPinit()
</UL>

<P><STRONG><a name="[9a]"></a>delay_nms(unsigned short)</STRONG> (Thumb, 30 bytes, Stack size 0 bytes, timer.o(.text))
<BR><BR>[Called By]<UL><LI><a href="#[9f]">&gt;&gt;</a>&nbsp;&nbsp;&nbsp;mobileCommandHandler(DJI::onboardSDK::CoreAPI*, DJI::onboardSDK::Flight*)
<LI><a href="#[62]">&gt;&gt;</a>&nbsp;&nbsp;&nbsp;main
</UL>

<P><STRONG><a name="[f]"></a>SysTick_Handler</STRONG> (Thumb, 34 bytes, Stack size 0 bytes, timer.o(.text))
<BR>[Address Reference Count : 1]<UL><LI> startup_stm32f40_41xxx.o(RESET)
</UL>
<P><STRONG><a name="[29]"></a>TIM1_UP_TIM10_IRQHandler</STRONG> (Thumb, 60 bytes, Stack size 120 bytes, timer.o(.text))
<BR><BR>[Stack]<UL><LI>Max Depth = 488<LI>Call Chain = TIM1_UP_TIM10_IRQHandler &rArr; DJI::onboardSDK::VirtualRC::sendData(DJI::onboardSDK::VirtualRCData) &rArr; DJI::onboardSDK::CoreAPI::send(unsigned char, bool, DJI::onboardSDK::CMD_SET, unsigned char, void*, unsigned, int, int, void(*)(DJI::onboardSDK::CoreAPI*, DJI::onboardSDK::Header*, void*), void*) &rArr; DJI::onboardSDK::CoreAPI::sendInterface(DJI::onboardSDK::Command*) &rArr; DJI::onboardSDK::CoreAPI::encrypt(unsigned char*, const unsigned char*, unsigned short, unsigned char, unsigned char, unsigned char, unsigned short) &rArr; encodeData(DJI::onboardSDK::SDKFilter*, DJI::onboardSDK::Header*, void(*)(tagAES256Context*, unsigned char*)) &rArr; aes256_init(tagAES256Context*, unsigned char*) &rArr; aes_expandEncKey(unsigned char*, unsigned char*)
</UL>
<BR>[Calls]<UL><LI><a href="#[e6]">&gt;&gt;</a>&nbsp;&nbsp;&nbsp;DJI::onboardSDK::VirtualRC::sendData(DJI::onboardSDK::VirtualRCData)
<LI><a href="#[e5]">&gt;&gt;</a>&nbsp;&nbsp;&nbsp;TIM_GetITStatus
<LI><a href="#[e3]">&gt;&gt;</a>&nbsp;&nbsp;&nbsp;TIM_ClearFlag
<LI><a href="#[ab]">&gt;&gt;</a>&nbsp;&nbsp;&nbsp;__aeabi_memcpy
</UL>
<BR>[Address Reference Count : 1]<UL><LI> startup_stm32f40_41xxx.o(RESET)
</UL>
<P><STRONG><a name="[2c]"></a>TIM2_IRQHandler</STRONG> (Thumb, 60 bytes, Stack size 8 bytes, timer.o(.text))
<BR><BR>[Stack]<UL><LI>Max Depth = 360<LI>Call Chain = TIM2_IRQHandler &rArr; DJI::onboardSDK::Flight::setFlight(DJI::onboardSDK::FlightData*) &rArr; DJI::onboardSDK::CoreAPI::send(unsigned char, bool, DJI::onboardSDK::CMD_SET, unsigned char, void*, unsigned, int, int, void(*)(DJI::onboardSDK::CoreAPI*, DJI::onboardSDK::Header*, void*), void*) &rArr; DJI::onboardSDK::CoreAPI::sendInterface(DJI::onboardSDK::Command*) &rArr; DJI::onboardSDK::CoreAPI::encrypt(unsigned char*, const unsigned char*, unsigned short, unsigned char, unsigned char, unsigned char, unsigned short) &rArr; encodeData(DJI::onboardSDK::SDKFilter*, DJI::onboardSDK::Header*, void(*)(tagAES256Context*, unsigned char*)) &rArr; aes256_init(tagAES256Context*, unsigned char*) &rArr; aes_expandEncKey(unsigned char*, unsigned char*)
</UL>
<BR>[Calls]<UL><LI><a href="#[bc]">&gt;&gt;</a>&nbsp;&nbsp;&nbsp;DJI::onboardSDK::Flight::setFlight(DJI::onboardSDK::FlightData*)
<LI><a href="#[bd]">&gt;&gt;</a>&nbsp;&nbsp;&nbsp;TIM_Cmd
<LI><a href="#[e5]">&gt;&gt;</a>&nbsp;&nbsp;&nbsp;TIM_GetITStatus
<LI><a href="#[e3]">&gt;&gt;</a>&nbsp;&nbsp;&nbsp;TIM_ClearFlag
</UL>
<BR>[Address Reference Count : 1]<UL><LI> startup_stm32f40_41xxx.o(RESET)
</UL>
<P><STRONG><a name="[97]"></a>NVIC_PriorityGroupConfig</STRONG> (Thumb, 10 bytes, Stack size 0 bytes, misc.o(.text))
<BR><BR>[Called By]<UL><LI><a href="#[62]">&gt;&gt;</a>&nbsp;&nbsp;&nbsp;main
<LI><a href="#[d9]">&gt;&gt;</a>&nbsp;&nbsp;&nbsp;USARTxNVIC_Config()
</UL>

<P><STRONG><a name="[da]"></a>NVIC_Init</STRONG> (Thumb, 106 bytes, Stack size 16 bytes, misc.o(.text))
<BR><BR>[Stack]<UL><LI>Max Depth = 16<LI>Call Chain = NVIC_Init
</UL>
<BR>[Called By]<UL><LI><a href="#[e1]">&gt;&gt;</a>&nbsp;&nbsp;&nbsp;Timer2Config()
<LI><a href="#[e0]">&gt;&gt;</a>&nbsp;&nbsp;&nbsp;Timer1Config()
<LI><a href="#[d9]">&gt;&gt;</a>&nbsp;&nbsp;&nbsp;USARTxNVIC_Config()
</UL>

<P><STRONG><a name="[1e8]"></a>NVIC_SetVectorTable</STRONG> (Thumb, 14 bytes, Stack size 0 bytes, misc.o(.text), UNUSED)

<P><STRONG><a name="[1e9]"></a>NVIC_SystemLPConfig</STRONG> (Thumb, 34 bytes, Stack size 0 bytes, misc.o(.text), UNUSED)

<P><STRONG><a name="[1af]"></a>SysTick_CLKSourceConfig</STRONG> (Thumb, 40 bytes, Stack size 0 bytes, misc.o(.text))
<BR><BR>[Called By]<UL><LI><a href="#[94]">&gt;&gt;</a>&nbsp;&nbsp;&nbsp;delay_init
</UL>

<P><STRONG><a name="[e7]"></a>CAN_DeInit</STRONG> (Thumb, 50 bytes, Stack size 8 bytes, stm32f4xx_can.o(.text), UNUSED)
<BR><BR>[Calls]<UL><LI><a href="#[e8]">&gt;&gt;</a>&nbsp;&nbsp;&nbsp;RCC_APB1PeriphResetCmd
</UL>

<P><STRONG><a name="[19e]"></a>CAN_Init</STRONG> (Thumb, 276 bytes, Stack size 12 bytes, stm32f4xx_can.o(.text))
<BR><BR>[Stack]<UL><LI>Max Depth = 12<LI>Call Chain = CAN_Init
</UL>
<BR>[Called By]<UL><LI><a href="#[98]">&gt;&gt;</a>&nbsp;&nbsp;&nbsp;CAN1_Mode_Init(unsigned char, unsigned char, unsigned char, unsigned short, unsigned char)
</UL>

<P><STRONG><a name="[19f]"></a>CAN_FilterInit</STRONG> (Thumb, 258 bytes, Stack size 8 bytes, stm32f4xx_can.o(.text))
<BR><BR>[Stack]<UL><LI>Max Depth = 8<LI>Call Chain = CAN_FilterInit
</UL>
<BR>[Called By]<UL><LI><a href="#[98]">&gt;&gt;</a>&nbsp;&nbsp;&nbsp;CAN1_Mode_Init(unsigned char, unsigned char, unsigned char, unsigned short, unsigned char)
</UL>

<P><STRONG><a name="[1ea]"></a>CAN_StructInit</STRONG> (Thumb, 32 bytes, Stack size 0 bytes, stm32f4xx_can.o(.text), UNUSED)

<P><STRONG><a name="[1eb]"></a>CAN_SlaveStartBank</STRONG> (Thumb, 48 bytes, Stack size 0 bytes, stm32f4xx_can.o(.text), UNUSED)

<P><STRONG><a name="[1ec]"></a>CAN_DBGFreeze</STRONG> (Thumb, 22 bytes, Stack size 0 bytes, stm32f4xx_can.o(.text), UNUSED)

<P><STRONG><a name="[1ed]"></a>CAN_TTComModeCmd</STRONG> (Thumb, 118 bytes, Stack size 0 bytes, stm32f4xx_can.o(.text), UNUSED)

<P><STRONG><a name="[1a1]"></a>CAN_Transmit</STRONG> (Thumb, 304 bytes, Stack size 8 bytes, stm32f4xx_can.o(.text), UNUSED)
<BR><BR>[Called By]<UL><LI><a href="#[1a0]">&gt;&gt;</a>&nbsp;&nbsp;&nbsp;CAN1_Send_Msg(unsigned char*, unsigned char)
</UL>

<P><STRONG><a name="[1a2]"></a>CAN_TransmitStatus</STRONG> (Thumb, 138 bytes, Stack size 8 bytes, stm32f4xx_can.o(.text), UNUSED)
<BR><BR>[Called By]<UL><LI><a href="#[1a0]">&gt;&gt;</a>&nbsp;&nbsp;&nbsp;CAN1_Send_Msg(unsigned char*, unsigned char)
</UL>

<P><STRONG><a name="[1ee]"></a>CAN_CancelTransmit</STRONG> (Thumb, 48 bytes, Stack size 0 bytes, stm32f4xx_can.o(.text), UNUSED)

<P><STRONG><a name="[1a4]"></a>CAN_Receive</STRONG> (Thumb, 240 bytes, Stack size 8 bytes, stm32f4xx_can.o(.text))
<BR><BR>[Stack]<UL><LI>Max Depth = 8<LI>Call Chain = CAN_Receive
</UL>
<BR>[Called By]<UL><LI><a href="#[a3]">&gt;&gt;</a>&nbsp;&nbsp;&nbsp;CAN1_Receive_Msg(unsigned char*)
</UL>

<P><STRONG><a name="[1ef]"></a>CAN_FIFORelease</STRONG> (Thumb, 22 bytes, Stack size 0 bytes, stm32f4xx_can.o(.text), UNUSED)

<P><STRONG><a name="[1a3]"></a>CAN_MessagePending</STRONG> (Thumb, 30 bytes, Stack size 0 bytes, stm32f4xx_can.o(.text))
<BR><BR>[Called By]<UL><LI><a href="#[a3]">&gt;&gt;</a>&nbsp;&nbsp;&nbsp;CAN1_Receive_Msg(unsigned char*)
</UL>

<P><STRONG><a name="[1f0]"></a>CAN_OperatingModeRequest</STRONG> (Thumb, 162 bytes, Stack size 8 bytes, stm32f4xx_can.o(.text), UNUSED)

<P><STRONG><a name="[1f1]"></a>CAN_Sleep</STRONG> (Thumb, 30 bytes, Stack size 0 bytes, stm32f4xx_can.o(.text), UNUSED)

<P><STRONG><a name="[1f2]"></a>CAN_WakeUp</STRONG> (Thumb, 48 bytes, Stack size 0 bytes, stm32f4xx_can.o(.text), UNUSED)

<P><STRONG><a name="[1f3]"></a>CAN_GetLastErrorCode</STRONG> (Thumb, 12 bytes, Stack size 0 bytes, stm32f4xx_can.o(.text), UNUSED)

<P><STRONG><a name="[1f4]"></a>CAN_GetReceiveErrorCounter</STRONG> (Thumb, 10 bytes, Stack size 0 bytes, stm32f4xx_can.o(.text), UNUSED)

<P><STRONG><a name="[1f5]"></a>CAN_GetLSBTransmitErrorCounter</STRONG> (Thumb, 12 bytes, Stack size 0 bytes, stm32f4xx_can.o(.text), UNUSED)

<P><STRONG><a name="[1f6]"></a>CAN_ITConfig</STRONG> (Thumb, 18 bytes, Stack size 0 bytes, stm32f4xx_can.o(.text), UNUSED)

<P><STRONG><a name="[1f7]"></a>CAN_GetFlagStatus</STRONG> (Thumb, 120 bytes, Stack size 8 bytes, stm32f4xx_can.o(.text), UNUSED)

<P><STRONG><a name="[1f8]"></a>CAN_ClearFlag</STRONG> (Thumb, 52 bytes, Stack size 0 bytes, stm32f4xx_can.o(.text), UNUSED)

<P><STRONG><a name="[e9]"></a>CAN_GetITStatus</STRONG> (Thumb, 310 bytes, Stack size 16 bytes, stm32f4xx_can.o(.text), UNUSED)
<BR><BR>[Calls]<UL><LI><a href="#[ea]">&gt;&gt;</a>&nbsp;&nbsp;&nbsp;CheckITStatus
</UL>

<P><STRONG><a name="[1f9]"></a>CAN_ClearITPendingBit</STRONG> (Thumb, 162 bytes, Stack size 0 bytes, stm32f4xx_can.o(.text), UNUSED)

<P><STRONG><a name="[eb]"></a>GPIO_DeInit</STRONG> (Thumb, 220 bytes, Stack size 8 bytes, stm32f4xx_gpio.o(.text), UNUSED)
<BR><BR>[Calls]<UL><LI><a href="#[ec]">&gt;&gt;</a>&nbsp;&nbsp;&nbsp;RCC_AHB1PeriphResetCmd
</UL>

<P><STRONG><a name="[cd]"></a>GPIO_Init</STRONG> (Thumb, 144 bytes, Stack size 20 bytes, stm32f4xx_gpio.o(.text))
<BR><BR>[Stack]<UL><LI>Max Depth = 20<LI>Call Chain = GPIO_Init
</UL>
<BR>[Called By]<UL><LI><a href="#[95]">&gt;&gt;</a>&nbsp;&nbsp;&nbsp;OLED_Init()
<LI><a href="#[98]">&gt;&gt;</a>&nbsp;&nbsp;&nbsp;CAN1_Mode_Init(unsigned char, unsigned char, unsigned char, unsigned short, unsigned char)
<LI><a href="#[d0]">&gt;&gt;</a>&nbsp;&nbsp;&nbsp;USART1_Gpio_Config()
<LI><a href="#[cf]">&gt;&gt;</a>&nbsp;&nbsp;&nbsp;USART3_Gpio_Config()
<LI><a href="#[cb]">&gt;&gt;</a>&nbsp;&nbsp;&nbsp;USART2_Gpio_Config()
</UL>

<P><STRONG><a name="[1fa]"></a>GPIO_StructInit</STRONG> (Thumb, 18 bytes, Stack size 0 bytes, stm32f4xx_gpio.o(.text), UNUSED)

<P><STRONG><a name="[1fb]"></a>GPIO_PinLockConfig</STRONG> (Thumb, 34 bytes, Stack size 8 bytes, stm32f4xx_gpio.o(.text), UNUSED)

<P><STRONG><a name="[1fc]"></a>GPIO_ReadInputDataBit</STRONG> (Thumb, 18 bytes, Stack size 0 bytes, stm32f4xx_gpio.o(.text), UNUSED)

<P><STRONG><a name="[1fd]"></a>GPIO_ReadInputData</STRONG> (Thumb, 8 bytes, Stack size 0 bytes, stm32f4xx_gpio.o(.text), UNUSED)

<P><STRONG><a name="[1fe]"></a>GPIO_ReadOutputDataBit</STRONG> (Thumb, 18 bytes, Stack size 0 bytes, stm32f4xx_gpio.o(.text), UNUSED)

<P><STRONG><a name="[1ff]"></a>GPIO_ReadOutputData</STRONG> (Thumb, 8 bytes, Stack size 0 bytes, stm32f4xx_gpio.o(.text), UNUSED)

<P><STRONG><a name="[1a6]"></a>GPIO_SetBits</STRONG> (Thumb, 4 bytes, Stack size 0 bytes, stm32f4xx_gpio.o(.text))
<BR><BR>[Called By]<UL><LI><a href="#[95]">&gt;&gt;</a>&nbsp;&nbsp;&nbsp;OLED_Init()
<LI><a href="#[1a5]">&gt;&gt;</a>&nbsp;&nbsp;&nbsp;OLED_WR_Byte(unsigned char, unsigned char)
</UL>

<P><STRONG><a name="[1a7]"></a>GPIO_ResetBits</STRONG> (Thumb, 4 bytes, Stack size 0 bytes, stm32f4xx_gpio.o(.text))
<BR><BR>[Called By]<UL><LI><a href="#[95]">&gt;&gt;</a>&nbsp;&nbsp;&nbsp;OLED_Init()
<LI><a href="#[1a5]">&gt;&gt;</a>&nbsp;&nbsp;&nbsp;OLED_WR_Byte(unsigned char, unsigned char)
</UL>

<P><STRONG><a name="[200]"></a>GPIO_WriteBit</STRONG> (Thumb, 10 bytes, Stack size 0 bytes, stm32f4xx_gpio.o(.text), UNUSED)

<P><STRONG><a name="[201]"></a>GPIO_Write</STRONG> (Thumb, 4 bytes, Stack size 0 bytes, stm32f4xx_gpio.o(.text), UNUSED)

<P><STRONG><a name="[202]"></a>GPIO_ToggleBits</STRONG> (Thumb, 8 bytes, Stack size 0 bytes, stm32f4xx_gpio.o(.text), UNUSED)

<P><STRONG><a name="[ce]"></a>GPIO_PinAFConfig</STRONG> (Thumb, 70 bytes, Stack size 20 bytes, stm32f4xx_gpio.o(.text))
<BR><BR>[Stack]<UL><LI>Max Depth = 20<LI>Call Chain = GPIO_PinAFConfig
</UL>
<BR>[Called By]<UL><LI><a href="#[98]">&gt;&gt;</a>&nbsp;&nbsp;&nbsp;CAN1_Mode_Init(unsigned char, unsigned char, unsigned char, unsigned short, unsigned char)
<LI><a href="#[d0]">&gt;&gt;</a>&nbsp;&nbsp;&nbsp;USART1_Gpio_Config()
<LI><a href="#[cf]">&gt;&gt;</a>&nbsp;&nbsp;&nbsp;USART3_Gpio_Config()
<LI><a href="#[cb]">&gt;&gt;</a>&nbsp;&nbsp;&nbsp;USART2_Gpio_Config()
</UL>

<P><STRONG><a name="[203]"></a>RCC_DeInit</STRONG> (Thumb, 68 bytes, Stack size 0 bytes, stm32f4xx_rcc.o(.text), UNUSED)

<P><STRONG><a name="[204]"></a>RCC_HSEConfig</STRONG> (Thumb, 14 bytes, Stack size 0 bytes, stm32f4xx_rcc.o(.text), UNUSED)

<P><STRONG><a name="[ee]"></a>RCC_GetFlagStatus</STRONG> (Thumb, 60 bytes, Stack size 8 bytes, stm32f4xx_rcc.o(.text), UNUSED)
<BR><BR>[Called By]<UL><LI><a href="#[ed]">&gt;&gt;</a>&nbsp;&nbsp;&nbsp;RCC_WaitForHSEStartUp
</UL>

<P><STRONG><a name="[ed]"></a>RCC_WaitForHSEStartUp</STRONG> (Thumb, 56 bytes, Stack size 16 bytes, stm32f4xx_rcc.o(.text), UNUSED)
<BR><BR>[Calls]<UL><LI><a href="#[ee]">&gt;&gt;</a>&nbsp;&nbsp;&nbsp;RCC_GetFlagStatus
</UL>

<P><STRONG><a name="[205]"></a>RCC_AdjustHSICalibrationValue</STRONG> (Thumb, 20 bytes, Stack size 0 bytes, stm32f4xx_rcc.o(.text), UNUSED)

<P><STRONG><a name="[206]"></a>RCC_HSICmd</STRONG> (Thumb, 6 bytes, Stack size 0 bytes, stm32f4xx_rcc.o(.text), UNUSED)

<P><STRONG><a name="[207]"></a>RCC_LSEConfig</STRONG> (Thumb, 46 bytes, Stack size 0 bytes, stm32f4xx_rcc.o(.text), UNUSED)

<P><STRONG><a name="[208]"></a>RCC_LSICmd</STRONG> (Thumb, 6 bytes, Stack size 0 bytes, stm32f4xx_rcc.o(.text), UNUSED)

<P><STRONG><a name="[209]"></a>RCC_PLLConfig</STRONG> (Thumb, 32 bytes, Stack size 16 bytes, stm32f4xx_rcc.o(.text), UNUSED)

<P><STRONG><a name="[20a]"></a>RCC_PLLCmd</STRONG> (Thumb, 6 bytes, Stack size 0 bytes, stm32f4xx_rcc.o(.text), UNUSED)

<P><STRONG><a name="[20b]"></a>RCC_PLLI2SConfig</STRONG> (Thumb, 14 bytes, Stack size 0 bytes, stm32f4xx_rcc.o(.text), UNUSED)

<P><STRONG><a name="[20c]"></a>RCC_PLLI2SCmd</STRONG> (Thumb, 6 bytes, Stack size 0 bytes, stm32f4xx_rcc.o(.text), UNUSED)

<P><STRONG><a name="[20d]"></a>RCC_ClockSecuritySystemCmd</STRONG> (Thumb, 6 bytes, Stack size 0 bytes, stm32f4xx_rcc.o(.text), UNUSED)

<P><STRONG><a name="[20e]"></a>RCC_MCO1Config</STRONG> (Thumb, 28 bytes, Stack size 0 bytes, stm32f4xx_rcc.o(.text), UNUSED)

<P><STRONG><a name="[20f]"></a>RCC_MCO2Config</STRONG> (Thumb, 28 bytes, Stack size 0 bytes, stm32f4xx_rcc.o(.text), UNUSED)

<P><STRONG><a name="[210]"></a>RCC_SYSCLKConfig</STRONG> (Thumb, 20 bytes, Stack size 0 bytes, stm32f4xx_rcc.o(.text), UNUSED)

<P><STRONG><a name="[211]"></a>RCC_GetSYSCLKSource</STRONG> (Thumb, 12 bytes, Stack size 0 bytes, stm32f4xx_rcc.o(.text), UNUSED)

<P><STRONG><a name="[212]"></a>RCC_HCLKConfig</STRONG> (Thumb, 20 bytes, Stack size 0 bytes, stm32f4xx_rcc.o(.text), UNUSED)

<P><STRONG><a name="[213]"></a>RCC_PCLK1Config</STRONG> (Thumb, 20 bytes, Stack size 0 bytes, stm32f4xx_rcc.o(.text), UNUSED)

<P><STRONG><a name="[214]"></a>RCC_PCLK2Config</STRONG> (Thumb, 22 bytes, Stack size 0 bytes, stm32f4xx_rcc.o(.text), UNUSED)

<P><STRONG><a name="[102]"></a>RCC_GetClocksFreq</STRONG> (Thumb, 222 bytes, Stack size 20 bytes, stm32f4xx_rcc.o(.text))
<BR><BR>[Stack]<UL><LI>Max Depth = 20<LI>Call Chain = RCC_GetClocksFreq
</UL>
<BR>[Called By]<UL><LI><a href="#[d3]">&gt;&gt;</a>&nbsp;&nbsp;&nbsp;USART_Init
</UL>

<P><STRONG><a name="[215]"></a>RCC_RTCCLKConfig</STRONG> (Thumb, 54 bytes, Stack size 0 bytes, stm32f4xx_rcc.o(.text), UNUSED)

<P><STRONG><a name="[216]"></a>RCC_RTCCLKCmd</STRONG> (Thumb, 8 bytes, Stack size 0 bytes, stm32f4xx_rcc.o(.text), UNUSED)

<P><STRONG><a name="[217]"></a>RCC_BackupResetCmd</STRONG> (Thumb, 8 bytes, Stack size 0 bytes, stm32f4xx_rcc.o(.text), UNUSED)

<P><STRONG><a name="[218]"></a>RCC_I2SCLKConfig</STRONG> (Thumb, 6 bytes, Stack size 0 bytes, stm32f4xx_rcc.o(.text), UNUSED)

<P><STRONG><a name="[219]"></a>RCC_TIMCLKPresConfig</STRONG> (Thumb, 6 bytes, Stack size 0 bytes, stm32f4xx_rcc.o(.text), UNUSED)

<P><STRONG><a name="[cc]"></a>RCC_AHB1PeriphClockCmd</STRONG> (Thumb, 34 bytes, Stack size 0 bytes, stm32f4xx_rcc.o(.text))
<BR><BR>[Called By]<UL><LI><a href="#[95]">&gt;&gt;</a>&nbsp;&nbsp;&nbsp;OLED_Init()
<LI><a href="#[98]">&gt;&gt;</a>&nbsp;&nbsp;&nbsp;CAN1_Mode_Init(unsigned char, unsigned char, unsigned char, unsigned short, unsigned char)
<LI><a href="#[d0]">&gt;&gt;</a>&nbsp;&nbsp;&nbsp;USART1_Gpio_Config()
<LI><a href="#[cf]">&gt;&gt;</a>&nbsp;&nbsp;&nbsp;USART3_Gpio_Config()
<LI><a href="#[cb]">&gt;&gt;</a>&nbsp;&nbsp;&nbsp;USART2_Gpio_Config()
</UL>

<P><STRONG><a name="[21a]"></a>RCC_AHB2PeriphClockCmd</STRONG> (Thumb, 34 bytes, Stack size 0 bytes, stm32f4xx_rcc.o(.text), UNUSED)

<P><STRONG><a name="[21b]"></a>RCC_AHB3PeriphClockCmd</STRONG> (Thumb, 34 bytes, Stack size 0 bytes, stm32f4xx_rcc.o(.text), UNUSED)

<P><STRONG><a name="[d2]"></a>RCC_APB1PeriphClockCmd</STRONG> (Thumb, 34 bytes, Stack size 0 bytes, stm32f4xx_rcc.o(.text))
<BR><BR>[Called By]<UL><LI><a href="#[98]">&gt;&gt;</a>&nbsp;&nbsp;&nbsp;CAN1_Mode_Init(unsigned char, unsigned char, unsigned char, unsigned short, unsigned char)
<LI><a href="#[e1]">&gt;&gt;</a>&nbsp;&nbsp;&nbsp;Timer2Config()
<LI><a href="#[d8]">&gt;&gt;</a>&nbsp;&nbsp;&nbsp;USART3_Config()
<LI><a href="#[d1]">&gt;&gt;</a>&nbsp;&nbsp;&nbsp;USART2_Config()
</UL>

<P><STRONG><a name="[d7]"></a>RCC_APB2PeriphClockCmd</STRONG> (Thumb, 34 bytes, Stack size 0 bytes, stm32f4xx_rcc.o(.text))
<BR><BR>[Called By]<UL><LI><a href="#[e0]">&gt;&gt;</a>&nbsp;&nbsp;&nbsp;Timer1Config()
<LI><a href="#[d6]">&gt;&gt;</a>&nbsp;&nbsp;&nbsp;USART1_Config()
</UL>

<P><STRONG><a name="[ec]"></a>RCC_AHB1PeriphResetCmd</STRONG> (Thumb, 84 bytes, Stack size 0 bytes, stm32f4xx_rcc.o(.text), UNUSED)
<BR><BR>[Called By]<UL><LI><a href="#[eb]">&gt;&gt;</a>&nbsp;&nbsp;&nbsp;GPIO_DeInit
</UL>

<P><STRONG><a name="[21c]"></a>RCC_AHB2PeriphResetCmd</STRONG> (Thumb, 26 bytes, Stack size 0 bytes, stm32f4xx_rcc.o(.text), UNUSED)

<P><STRONG><a name="[21d]"></a>RCC_AHB3PeriphResetCmd</STRONG> (Thumb, 34 bytes, Stack size 0 bytes, stm32f4xx_rcc.o(.text), UNUSED)

<P><STRONG><a name="[e8]"></a>RCC_APB1PeriphResetCmd</STRONG> (Thumb, 34 bytes, Stack size 0 bytes, stm32f4xx_rcc.o(.text), UNUSED)
<BR><BR>[Called By]<UL><LI><a href="#[e7]">&gt;&gt;</a>&nbsp;&nbsp;&nbsp;CAN_DeInit
<LI><a href="#[101]">&gt;&gt;</a>&nbsp;&nbsp;&nbsp;USART_DeInit
<LI><a href="#[ef]">&gt;&gt;</a>&nbsp;&nbsp;&nbsp;TIM_DeInit
</UL>

<P><STRONG><a name="[f0]"></a>RCC_APB2PeriphResetCmd</STRONG> (Thumb, 34 bytes, Stack size 0 bytes, stm32f4xx_rcc.o(.text), UNUSED)
<BR><BR>[Called By]<UL><LI><a href="#[101]">&gt;&gt;</a>&nbsp;&nbsp;&nbsp;USART_DeInit
<LI><a href="#[ef]">&gt;&gt;</a>&nbsp;&nbsp;&nbsp;TIM_DeInit
</UL>

<P><STRONG><a name="[21e]"></a>RCC_AHB1PeriphClockLPModeCmd</STRONG> (Thumb, 34 bytes, Stack size 0 bytes, stm32f4xx_rcc.o(.text), UNUSED)

<P><STRONG><a name="[21f]"></a>RCC_AHB2PeriphClockLPModeCmd</STRONG> (Thumb, 34 bytes, Stack size 0 bytes, stm32f4xx_rcc.o(.text), UNUSED)

<P><STRONG><a name="[220]"></a>RCC_AHB3PeriphClockLPModeCmd</STRONG> (Thumb, 34 bytes, Stack size 0 bytes, stm32f4xx_rcc.o(.text), UNUSED)

<P><STRONG><a name="[221]"></a>RCC_APB1PeriphClockLPModeCmd</STRONG> (Thumb, 34 bytes, Stack size 0 bytes, stm32f4xx_rcc.o(.text), UNUSED)

<P><STRONG><a name="[222]"></a>RCC_APB2PeriphClockLPModeCmd</STRONG> (Thumb, 34 bytes, Stack size 0 bytes, stm32f4xx_rcc.o(.text), UNUSED)

<P><STRONG><a name="[223]"></a>RCC_ITConfig</STRONG> (Thumb, 34 bytes, Stack size 0 bytes, stm32f4xx_rcc.o(.text), UNUSED)

<P><STRONG><a name="[224]"></a>RCC_ClearFlag</STRONG> (Thumb, 18 bytes, Stack size 0 bytes, stm32f4xx_rcc.o(.text), UNUSED)

<P><STRONG><a name="[225]"></a>RCC_GetITStatus</STRONG> (Thumb, 22 bytes, Stack size 0 bytes, stm32f4xx_rcc.o(.text), UNUSED)

<P><STRONG><a name="[226]"></a>RCC_ClearITPendingBit</STRONG> (Thumb, 8 bytes, Stack size 0 bytes, stm32f4xx_rcc.o(.text), UNUSED)

<P><STRONG><a name="[ef]"></a>TIM_DeInit</STRONG> (Thumb, 346 bytes, Stack size 8 bytes, stm32f4xx_tim.o(.text), UNUSED)
<BR><BR>[Calls]<UL><LI><a href="#[e8]">&gt;&gt;</a>&nbsp;&nbsp;&nbsp;RCC_APB1PeriphResetCmd
<LI><a href="#[f0]">&gt;&gt;</a>&nbsp;&nbsp;&nbsp;RCC_APB2PeriphResetCmd
</UL>

<P><STRONG><a name="[e2]"></a>TIM_TimeBaseInit</STRONG> (Thumb, 104 bytes, Stack size 0 bytes, stm32f4xx_tim.o(.text))
<BR><BR>[Called By]<UL><LI><a href="#[e1]">&gt;&gt;</a>&nbsp;&nbsp;&nbsp;Timer2Config()
<LI><a href="#[e0]">&gt;&gt;</a>&nbsp;&nbsp;&nbsp;Timer1Config()
</UL>

<P><STRONG><a name="[227]"></a>TIM_TimeBaseStructInit</STRONG> (Thumb, 18 bytes, Stack size 0 bytes, stm32f4xx_tim.o(.text), UNUSED)

<P><STRONG><a name="[228]"></a>TIM_PrescalerConfig</STRONG> (Thumb, 6 bytes, Stack size 0 bytes, stm32f4xx_tim.o(.text), UNUSED)

<P><STRONG><a name="[229]"></a>TIM_CounterModeConfig</STRONG> (Thumb, 18 bytes, Stack size 0 bytes, stm32f4xx_tim.o(.text), UNUSED)

<P><STRONG><a name="[22a]"></a>TIM_SetCounter</STRONG> (Thumb, 4 bytes, Stack size 0 bytes, stm32f4xx_tim.o(.text), UNUSED)

<P><STRONG><a name="[22b]"></a>TIM_SetAutoreload</STRONG> (Thumb, 4 bytes, Stack size 0 bytes, stm32f4xx_tim.o(.text), UNUSED)

<P><STRONG><a name="[22c]"></a>TIM_GetCounter</STRONG> (Thumb, 6 bytes, Stack size 0 bytes, stm32f4xx_tim.o(.text), UNUSED)

<P><STRONG><a name="[22d]"></a>TIM_GetPrescaler</STRONG> (Thumb, 6 bytes, Stack size 0 bytes, stm32f4xx_tim.o(.text), UNUSED)

<P><STRONG><a name="[22e]"></a>TIM_UpdateDisableConfig</STRONG> (Thumb, 24 bytes, Stack size 0 bytes, stm32f4xx_tim.o(.text), UNUSED)

<P><STRONG><a name="[22f]"></a>TIM_UpdateRequestConfig</STRONG> (Thumb, 24 bytes, Stack size 0 bytes, stm32f4xx_tim.o(.text), UNUSED)

<P><STRONG><a name="[230]"></a>TIM_ARRPreloadConfig</STRONG> (Thumb, 24 bytes, Stack size 0 bytes, stm32f4xx_tim.o(.text), UNUSED)

<P><STRONG><a name="[231]"></a>TIM_SelectOnePulseMode</STRONG> (Thumb, 18 bytes, Stack size 0 bytes, stm32f4xx_tim.o(.text), UNUSED)

<P><STRONG><a name="[232]"></a>TIM_SetClockDivision</STRONG> (Thumb, 18 bytes, Stack size 0 bytes, stm32f4xx_tim.o(.text), UNUSED)

<P><STRONG><a name="[bd]"></a>TIM_Cmd</STRONG> (Thumb, 24 bytes, Stack size 0 bytes, stm32f4xx_tim.o(.text))
<BR><BR>[Called By]<UL><LI><a href="#[a0]">&gt;&gt;</a>&nbsp;&nbsp;&nbsp;TerminalCommand::terminalCommandHandler(DJI::onboardSDK::CoreAPI*, DJI::onboardSDK::Flight*)
<LI><a href="#[2c]">&gt;&gt;</a>&nbsp;&nbsp;&nbsp;TIM2_IRQHandler
<LI><a href="#[e1]">&gt;&gt;</a>&nbsp;&nbsp;&nbsp;Timer2Config()
<LI><a href="#[e0]">&gt;&gt;</a>&nbsp;&nbsp;&nbsp;Timer1Config()
</UL>

<P><STRONG><a name="[233]"></a>TIM_OC1Init</STRONG> (Thumb, 114 bytes, Stack size 16 bytes, stm32f4xx_tim.o(.text), UNUSED)

[...]
<LI><a href="#[150]">&gt;&gt;</a>&nbsp;&nbsp;&nbsp;DJI::onboardSDK::CoreAPI::storeData(DJI::onboardSDK::SDKFilter*, unsigned char)
</UL>

<P><STRONG><a name="[2c4]"></a>__c89sprintf</STRONG> (Thumb, 0 bytes, Stack size 24 bytes, printfa.o(i.__0sprintf), UNUSED)

<P><STRONG><a name="[2c5]"></a>sprintf</STRONG> (Thumb, 0 bytes, Stack size 24 bytes, printfa.o(i.__0sprintf), UNUSED)

<P><STRONG><a name="[1d3]"></a>__ARM_fpclassify</STRONG> (Thumb, 48 bytes, Stack size 8 bytes, fpclassify.o(i.__ARM_fpclassify), UNUSED)
<BR><BR>[Called By]<UL><LI><a href="#[15f]">&gt;&gt;</a>&nbsp;&nbsp;&nbsp;__hardfp_asin
<LI><a href="#[1dc]">&gt;&gt;</a>&nbsp;&nbsp;&nbsp;__kernel_sin
<LI><a href="#[1d8]">&gt;&gt;</a>&nbsp;&nbsp;&nbsp;__hardfp_atan
</UL>

<P><STRONG><a name="[81]"></a>__cxa_pure_virtual</STRONG> (Thumb, 6 bytes, Stack size 0 bytes, pure_virt.o(i.__cxa_pure_virtual))
<BR><BR>[Calls]<UL><LI><a href="#[1cf]">&gt;&gt;</a>&nbsp;&nbsp;&nbsp;__rt_SIGPVFN
</UL>
<BR>[Address Reference Count : 1]<UL><LI> dji_harddriver.o(.constdata__ZTVN3DJI10onboardSDK10HardDriverE)
</UL>
<P><STRONG><a name="[15f]"></a>__hardfp_asin</STRONG> (Thumb, 770 bytes, Stack size 88 bytes, asin.o(i.__hardfp_asin), UNUSED)
<BR><BR>[Calls]<UL><LI><a href="#[171]">&gt;&gt;</a>&nbsp;&nbsp;&nbsp;__aeabi_dsub
<LI><a href="#[15c]">&gt;&gt;</a>&nbsp;&nbsp;&nbsp;__aeabi_dmul
<LI><a href="#[15b]">&gt;&gt;</a>&nbsp;&nbsp;&nbsp;__aeabi_dadd
<LI><a href="#[1ba]">&gt;&gt;</a>&nbsp;&nbsp;&nbsp;__aeabi_drsub
<LI><a href="#[1c0]">&gt;&gt;</a>&nbsp;&nbsp;&nbsp;__aeabi_ddiv
<LI><a href="#[1d1]">&gt;&gt;</a>&nbsp;&nbsp;&nbsp;__set_errno
<LI><a href="#[1d7]">&gt;&gt;</a>&nbsp;&nbsp;&nbsp;sqrt
<LI><a href="#[1d5]">&gt;&gt;</a>&nbsp;&nbsp;&nbsp;__kernel_poly
<LI><a href="#[1d3]">&gt;&gt;</a>&nbsp;&nbsp;&nbsp;__ARM_fpclassify
<LI><a href="#[1d6]">&gt;&gt;</a>&nbsp;&nbsp;&nbsp;fabs
<LI><a href="#[1d4]">&gt;&gt;</a>&nbsp;&nbsp;&nbsp;__mathlib_dbl_underflow
<LI><a href="#[1d2]">&gt;&gt;</a>&nbsp;&nbsp;&nbsp;__mathlib_dbl_invalid
<LI><a href="#[1d0]">&gt;&gt;</a>&nbsp;&nbsp;&nbsp;__mathlib_dbl_infnan
</UL>
<BR>[Called By]<UL><LI><a href="#[16d]">&gt;&gt;</a>&nbsp;&nbsp;&nbsp;DJI::onboardSDK::Flight::toEulerianAngle(DJI::onboardSDK::QuaternionData)
<LI><a href="#[15a]">&gt;&gt;</a>&nbsp;&nbsp;&nbsp;DJI::onboardSDK::Flight::toEulerAngle(DJI::onboardSDK::QuaternionData)
</UL>

<P><STRONG><a name="[1d8]"></a>__hardfp_atan</STRONG> (Thumb, 622 bytes, Stack size 48 bytes, atan.o(i.__hardfp_atan), UNUSED)
<BR><BR>[Calls]<UL><LI><a href="#[171]">&gt;&gt;</a>&nbsp;&nbsp;&nbsp;__aeabi_dsub
<LI><a href="#[15c]">&gt;&gt;</a>&nbsp;&nbsp;&nbsp;__aeabi_dmul
<LI><a href="#[15b]">&gt;&gt;</a>&nbsp;&nbsp;&nbsp;__aeabi_dadd
<LI><a href="#[1ba]">&gt;&gt;</a>&nbsp;&nbsp;&nbsp;__aeabi_drsub
<LI><a href="#[1c0]">&gt;&gt;</a>&nbsp;&nbsp;&nbsp;__aeabi_ddiv
<LI><a href="#[1d5]">&gt;&gt;</a>&nbsp;&nbsp;&nbsp;__kernel_poly
<LI><a href="#[1d3]">&gt;&gt;</a>&nbsp;&nbsp;&nbsp;__ARM_fpclassify
<LI><a href="#[1d6]">&gt;&gt;</a>&nbsp;&nbsp;&nbsp;fabs
<LI><a href="#[1d4]">&gt;&gt;</a>&nbsp;&nbsp;&nbsp;__mathlib_dbl_underflow
<LI><a href="#[1d0]">&gt;&gt;</a>&nbsp;&nbsp;&nbsp;__mathlib_dbl_infnan
</UL>
<BR>[Called By]<UL><LI><a href="#[1da]">&gt;&gt;</a>&nbsp;&nbsp;&nbsp;atan
</UL>

<P><STRONG><a name="[160]"></a>__hardfp_atan2</STRONG> (Thumb, 432 bytes, Stack size 48 bytes, atan2.o(i.__hardfp_atan2), UNUSED)
<BR><BR>[Calls]<UL><LI><a href="#[171]">&gt;&gt;</a>&nbsp;&nbsp;&nbsp;__aeabi_dsub
<LI><a href="#[1ba]">&gt;&gt;</a>&nbsp;&nbsp;&nbsp;__aeabi_drsub
<LI><a href="#[1c0]">&gt;&gt;</a>&nbsp;&nbsp;&nbsp;__aeabi_ddiv
<LI><a href="#[1d6]">&gt;&gt;</a>&nbsp;&nbsp;&nbsp;fabs
<LI><a href="#[1d9]">&gt;&gt;</a>&nbsp;&nbsp;&nbsp;__mathlib_dbl_infnan2
<LI><a href="#[1da]">&gt;&gt;</a>&nbsp;&nbsp;&nbsp;atan
</UL>
<BR>[Called By]<UL><LI><a href="#[16d]">&gt;&gt;</a>&nbsp;&nbsp;&nbsp;DJI::onboardSDK::Flight::toEulerianAngle(DJI::onboardSDK::QuaternionData)
<LI><a href="#[15a]">&gt;&gt;</a>&nbsp;&nbsp;&nbsp;DJI::onboardSDK::Flight::toEulerAngle(DJI::onboardSDK::QuaternionData)
</UL>

<P><STRONG><a name="[16f]"></a>__hardfp_cos</STRONG> (Thumb, 180 bytes, Stack size 32 bytes, cos.o(i.__hardfp_cos), UNUSED)
<BR><BR>[Calls]<UL><LI><a href="#[1d1]">&gt;&gt;</a>&nbsp;&nbsp;&nbsp;__set_errno
<LI><a href="#[1dc]">&gt;&gt;</a>&nbsp;&nbsp;&nbsp;__kernel_sin
<LI><a href="#[1db]">&gt;&gt;</a>&nbsp;&nbsp;&nbsp;__ieee754_rem_pio2
<LI><a href="#[1d2]">&gt;&gt;</a>&nbsp;&nbsp;&nbsp;__mathlib_dbl_invalid
<LI><a href="#[1d0]">&gt;&gt;</a>&nbsp;&nbsp;&nbsp;__mathlib_dbl_infnan
<LI><a href="#[1dd]">&gt;&gt;</a>&nbsp;&nbsp;&nbsp;__kernel_cos
</UL>
<BR>[Called By]<UL><LI><a href="#[16e]">&gt;&gt;</a>&nbsp;&nbsp;&nbsp;DJI::onboardSDK::Flight::toQuaternion(DJI::EulerianAngle)
</UL>

<P><STRONG><a name="[170]"></a>__hardfp_sin</STRONG> (Thumb, 180 bytes, Stack size 32 bytes, sin.o(i.__hardfp_sin), UNUSED)
<BR><BR>[Calls]<UL><LI><a href="#[1d1]">&gt;&gt;</a>&nbsp;&nbsp;&nbsp;__set_errno
<LI><a href="#[1dc]">&gt;&gt;</a>&nbsp;&nbsp;&nbsp;__kernel_sin
<LI><a href="#[1db]">&gt;&gt;</a>&nbsp;&nbsp;&nbsp;__ieee754_rem_pio2
<LI><a href="#[1d2]">&gt;&gt;</a>&nbsp;&nbsp;&nbsp;__mathlib_dbl_invalid
<LI><a href="#[1d0]">&gt;&gt;</a>&nbsp;&nbsp;&nbsp;__mathlib_dbl_infnan
<LI><a href="#[1dd]">&gt;&gt;</a>&nbsp;&nbsp;&nbsp;__kernel_cos
</UL>
<BR>[Called By]<UL><LI><a href="#[16e]">&gt;&gt;</a>&nbsp;&nbsp;&nbsp;DJI::onboardSDK::Flight::toQuaternion(DJI::EulerianAngle)
</UL>

<P><STRONG><a name="[1db]"></a>__ieee754_rem_pio2</STRONG> (Thumb, 938 bytes, Stack size 120 bytes, rred.o(i.__ieee754_rem_pio2), UNUSED)
<BR><BR>[Calls]<UL><LI><a href="#[bf]">&gt;&gt;</a>&nbsp;&nbsp;&nbsp;__aeabi_ui2d
<LI><a href="#[171]">&gt;&gt;</a>&nbsp;&nbsp;&nbsp;__aeabi_dsub
<LI><a href="#[15c]">&gt;&gt;</a>&nbsp;&nbsp;&nbsp;__aeabi_dmul
<LI><a href="#[15b]">&gt;&gt;</a>&nbsp;&nbsp;&nbsp;__aeabi_dadd
<LI><a href="#[1ba]">&gt;&gt;</a>&nbsp;&nbsp;&nbsp;__aeabi_drsub
<LI><a href="#[1c9]">&gt;&gt;</a>&nbsp;&nbsp;&nbsp;__aeabi_i2d
<LI><a href="#[1d6]">&gt;&gt;</a>&nbsp;&nbsp;&nbsp;fabs
<LI><a href="#[1ca]">&gt;&gt;</a>&nbsp;&nbsp;&nbsp;__aeabi_d2iz
</UL>
<BR>[Called By]<UL><LI><a href="#[170]">&gt;&gt;</a>&nbsp;&nbsp;&nbsp;__hardfp_sin
<LI><a href="#[16f]">&gt;&gt;</a>&nbsp;&nbsp;&nbsp;__hardfp_cos
</UL>

<P><STRONG><a name="[1dd]"></a>__kernel_cos</STRONG> (Thumb, 322 bytes, Stack size 64 bytes, cos_i.o(i.__kernel_cos), UNUSED)
<BR><BR>[Calls]<UL><LI><a href="#[171]">&gt;&gt;</a>&nbsp;&nbsp;&nbsp;__aeabi_dsub
<LI><a href="#[15c]">&gt;&gt;</a>&nbsp;&nbsp;&nbsp;__aeabi_dmul
<LI><a href="#[1ba]">&gt;&gt;</a>&nbsp;&nbsp;&nbsp;__aeabi_drsub
<LI><a href="#[1d5]">&gt;&gt;</a>&nbsp;&nbsp;&nbsp;__kernel_poly
<LI><a href="#[1ca]">&gt;&gt;</a>&nbsp;&nbsp;&nbsp;__aeabi_d2iz
</UL>
<BR>[Called By]<UL><LI><a href="#[170]">&gt;&gt;</a>&nbsp;&nbsp;&nbsp;__hardfp_sin
<LI><a href="#[16f]">&gt;&gt;</a>&nbsp;&nbsp;&nbsp;__hardfp_cos
</UL>

<P><STRONG><a name="[1d5]"></a>__kernel_poly</STRONG> (Thumb, 248 bytes, Stack size 24 bytes, poly.o(i.__kernel_poly), UNUSED)
<BR><BR>[Calls]<UL><LI><a href="#[15c]">&gt;&gt;</a>&nbsp;&nbsp;&nbsp;__aeabi_dmul
<LI><a href="#[15b]">&gt;&gt;</a>&nbsp;&nbsp;&nbsp;__aeabi_dadd
</UL>
<BR>[Called By]<UL><LI><a href="#[15f]">&gt;&gt;</a>&nbsp;&nbsp;&nbsp;__hardfp_asin
<LI><a href="#[1dc]">&gt;&gt;</a>&nbsp;&nbsp;&nbsp;__kernel_sin
<LI><a href="#[1dd]">&gt;&gt;</a>&nbsp;&nbsp;&nbsp;__kernel_cos
<LI><a href="#[1d8]">&gt;&gt;</a>&nbsp;&nbsp;&nbsp;__hardfp_atan
</UL>

<P><STRONG><a name="[1dc]"></a>__kernel_sin</STRONG> (Thumb, 280 bytes, Stack size 72 bytes, sin_i.o(i.__kernel_sin), UNUSED)
<BR><BR>[Calls]<UL><LI><a href="#[171]">&gt;&gt;</a>&nbsp;&nbsp;&nbsp;__aeabi_dsub
<LI><a href="#[15c]">&gt;&gt;</a>&nbsp;&nbsp;&nbsp;__aeabi_dmul
<LI><a href="#[15b]">&gt;&gt;</a>&nbsp;&nbsp;&nbsp;__aeabi_dadd
<LI><a href="#[1ba]">&gt;&gt;</a>&nbsp;&nbsp;&nbsp;__aeabi_drsub
<LI><a href="#[1d5]">&gt;&gt;</a>&nbsp;&nbsp;&nbsp;__kernel_poly
<LI><a href="#[1d3]">&gt;&gt;</a>&nbsp;&nbsp;&nbsp;__ARM_fpclassify
<LI><a href="#[1d4]">&gt;&gt;</a>&nbsp;&nbsp;&nbsp;__mathlib_dbl_underflow
</UL>
<BR>[Called By]<UL><LI><a href="#[170]">&gt;&gt;</a>&nbsp;&nbsp;&nbsp;__hardfp_sin
<LI><a href="#[16f]">&gt;&gt;</a>&nbsp;&nbsp;&nbsp;__hardfp_cos
</UL>

<P><STRONG><a name="[1d0]"></a>__mathlib_dbl_infnan</STRONG> (Thumb, 20 bytes, Stack size 8 bytes, dunder.o(i.__mathlib_dbl_infnan), UNUSED)
<BR><BR>[Calls]<UL><LI><a href="#[15b]">&gt;&gt;</a>&nbsp;&nbsp;&nbsp;__aeabi_dadd
</UL>
<BR>[Called By]<UL><LI><a href="#[170]">&gt;&gt;</a>&nbsp;&nbsp;&nbsp;__hardfp_sin
<LI><a href="#[16f]">&gt;&gt;</a>&nbsp;&nbsp;&nbsp;__hardfp_cos
<LI><a href="#[15f]">&gt;&gt;</a>&nbsp;&nbsp;&nbsp;__hardfp_asin
<LI><a href="#[1d8]">&gt;&gt;</a>&nbsp;&nbsp;&nbsp;__hardfp_atan
</UL>

<P><STRONG><a name="[1d9]"></a>__mathlib_dbl_infnan2</STRONG> (Thumb, 20 bytes, Stack size 8 bytes, dunder.o(i.__mathlib_dbl_infnan2), UNUSED)
<BR><BR>[Calls]<UL><LI><a href="#[15b]">&gt;&gt;</a>&nbsp;&nbsp;&nbsp;__aeabi_dadd
</UL>
<BR>[Called By]<UL><LI><a href="#[160]">&gt;&gt;</a>&nbsp;&nbsp;&nbsp;__hardfp_atan2
</UL>

<P><STRONG><a name="[1d2]"></a>__mathlib_dbl_invalid</STRONG> (Thumb, 24 bytes, Stack size 8 bytes, dunder.o(i.__mathlib_dbl_invalid), UNUSED)
<BR><BR>[Calls]<UL><LI><a href="#[1c0]">&gt;&gt;</a>&nbsp;&nbsp;&nbsp;__aeabi_ddiv
</UL>
<BR>[Called By]<UL><LI><a href="#[170]">&gt;&gt;</a>&nbsp;&nbsp;&nbsp;__hardfp_sin
<LI><a href="#[16f]">&gt;&gt;</a>&nbsp;&nbsp;&nbsp;__hardfp_cos
<LI><a href="#[15f]">&gt;&gt;</a>&nbsp;&nbsp;&nbsp;__hardfp_asin
</UL>

<P><STRONG><a name="[1d4]"></a>__mathlib_dbl_underflow</STRONG> (Thumb, 24 bytes, Stack size 8 bytes, dunder.o(i.__mathlib_dbl_underflow), UNUSED)
<BR><BR>[Calls]<UL><LI><a href="#[15c]">&gt;&gt;</a>&nbsp;&nbsp;&nbsp;__aeabi_dmul
</UL>
<BR>[Called By]<UL><LI><a href="#[15f]">&gt;&gt;</a>&nbsp;&nbsp;&nbsp;__hardfp_asin
<LI><a href="#[1dc]">&gt;&gt;</a>&nbsp;&nbsp;&nbsp;__kernel_sin
<LI><a href="#[1d8]">&gt;&gt;</a>&nbsp;&nbsp;&nbsp;__hardfp_atan
</UL>

<P><STRONG><a name="[2c6]"></a>__scatterload_copy</STRONG> (Thumb, 14 bytes, Stack size unknown bytes, handlers.o(i.__scatterload_copy), UNUSED)

<P><STRONG><a name="[2c7]"></a>__scatterload_null</STRONG> (Thumb, 2 bytes, Stack size unknown bytes, handlers.o(i.__scatterload_null), UNUSED)

<P><STRONG><a name="[2c8]"></a>__scatterload_zeroinit</STRONG> (Thumb, 14 bytes, Stack size unknown bytes, handlers.o(i.__scatterload_zeroinit), UNUSED)

<P><STRONG><a name="[1d1]"></a>__set_errno</STRONG> (Thumb, 6 bytes, Stack size 0 bytes, errno.o(i.__set_errno), UNUSED)
<BR><BR>[Called By]<UL><LI><a href="#[170]">&gt;&gt;</a>&nbsp;&nbsp;&nbsp;__hardfp_sin
<LI><a href="#[16f]">&gt;&gt;</a>&nbsp;&nbsp;&nbsp;__hardfp_cos
<LI><a href="#[15f]">&gt;&gt;</a>&nbsp;&nbsp;&nbsp;__hardfp_asin
<LI><a href="#[1d7]">&gt;&gt;</a>&nbsp;&nbsp;&nbsp;sqrt
</UL>

<P><STRONG><a name="[1da]"></a>atan</STRONG> (Thumb, 16 bytes, Stack size 8 bytes, atan.o(i.atan), UNUSED)
<BR><BR>[Calls]<UL><LI><a href="#[1d8]">&gt;&gt;</a>&nbsp;&nbsp;&nbsp;__hardfp_atan
</UL>
<BR>[Called By]<UL><LI><a href="#[160]">&gt;&gt;</a>&nbsp;&nbsp;&nbsp;__hardfp_atan2
</UL>

<P><STRONG><a name="[1d6]"></a>fabs</STRONG> (Thumb, 24 bytes, Stack size 8 bytes, fabs.o(i.fabs), UNUSED)
<BR><BR>[Called By]<UL><LI><a href="#[160]">&gt;&gt;</a>&nbsp;&nbsp;&nbsp;__hardfp_atan2
<LI><a href="#[15f]">&gt;&gt;</a>&nbsp;&nbsp;&nbsp;__hardfp_asin
<LI><a href="#[1db]">&gt;&gt;</a>&nbsp;&nbsp;&nbsp;__ieee754_rem_pio2
<LI><a href="#[1d8]">&gt;&gt;</a>&nbsp;&nbsp;&nbsp;__hardfp_atan
</UL>

<P><STRONG><a name="[1c4]"></a>malloc</STRONG> (Thumb, 92 bytes, Stack size 20 bytes, malloc.o(i.malloc))
<BR><BR>[Stack]<UL><LI>Max Depth = 20<LI>Call Chain = malloc
</UL>
<BR>[Called By]<UL><LI><a href="#[a4]">&gt;&gt;</a>&nbsp;&nbsp;&nbsp;operator new(unsigned)
<LI><a href="#[1c5]">&gt;&gt;</a>&nbsp;&nbsp;&nbsp;__ARM_exceptions_buffer_init
<LI><a href="#[1c2]">&gt;&gt;</a>&nbsp;&nbsp;&nbsp;__cxa_get_globals
</UL>

<P><STRONG><a name="[1d7]"></a>sqrt</STRONG> (Thumb, 110 bytes, Stack size 32 bytes, sqrt_full.o(i.sqrt), UNUSED)
<BR><BR>[Calls]<UL><LI><a href="#[1d1]">&gt;&gt;</a>&nbsp;&nbsp;&nbsp;__set_errno
<LI><a href="#[1c8]">&gt;&gt;</a>&nbsp;&nbsp;&nbsp;_dsqrt
</UL>
<BR>[Called By]<UL><LI><a href="#[15f]">&gt;&gt;</a>&nbsp;&nbsp;&nbsp;__hardfp_asin
</UL>
<P>
<H3>
Local Symbols
</H3>
<P><STRONG><a name="[82]"></a>__sti___8_main_cpp_BMP1</STRONG> (Thumb, 64 bytes, Stack size 16 bytes, main.o(.text))
<BR><BR>[Stack]<UL><LI>Max Depth = 96<LI>Call Chain = __sti___8_main_cpp_BMP1 &rArr; DJI::onboardSDK::CoreAPI::CoreAPI(DJI::onboardSDK::HardDriver*, bool, void(*)(DJI::onboardSDK::CoreAPI*, DJI::onboardSDK::Header*, void*), void*) &rArr; DJI::onboardSDK::CoreAPI::init(DJI::onboardSDK::HardDriver*, DJI::onboardSDK::CallBackHandler, bool) &rArr; DJI::onboardSDK::CoreAPI::setup()
</UL>
<BR>[Calls]<UL><LI><a href="#[a7]">&gt;&gt;</a>&nbsp;&nbsp;&nbsp;DJI::onboardSDK::VirtualRC::VirtualRC(DJI::onboardSDK::CoreAPI*)
<LI><a href="#[a5]">&gt;&gt;</a>&nbsp;&nbsp;&nbsp;DJI::onboardSDK::CoreAPI::CoreAPI(DJI::onboardSDK::HardDriver*, bool, void(*)(DJI::onboardSDK::CoreAPI*, DJI::onboardSDK::Header*, void*), void*)
<LI><a href="#[a6]">&gt;&gt;</a>&nbsp;&nbsp;&nbsp;DJI::onboardSDK::Flight::Flight(DJI::onboardSDK::CoreAPI*)
<LI><a href="#[a4]">&gt;&gt;</a>&nbsp;&nbsp;&nbsp;operator new(unsigned)
</UL>
<BR>[Address Reference Count : 1]<UL><LI> main.o(.init_array)
</UL>
<P><STRONG><a name="[83]"></a>__sti___12_HotPoint_cpp_hotpoint</STRONG> (Thumb, 14 bytes, Stack size 8 bytes, hotpoint.o(.text))
<BR><BR>[Stack]<UL><LI>Max Depth = 696<LI>Call Chain = __sti___12_HotPoint_cpp_hotpoint &rArr; DJI::onboardSDK::HotPoint::HotPoint(DJI::onboardSDK::CoreAPI*) &rArr; DJI::onboardSDK::HotPoint::initData() &rArr; DJI::onboardSDK::CoreAPI::getBroadcastData() const &rArr; __aeabi_memcpy4
</UL>
<BR>[Calls]<UL><LI><a href="#[b7]">&gt;&gt;</a>&nbsp;&nbsp;&nbsp;DJI::onboardSDK::HotPoint::HotPoint(DJI::onboardSDK::CoreAPI*)
</UL>
<BR>[Address Reference Count : 1]<UL><LI> hotpoint.o(.init_array)
</UL>
<P><STRONG><a name="[bb]"></a>hex2Float(unsigned char, unsigned char)</STRONG> (Thumb, 86 bytes, Stack size 0 bytes, receive.o(.text))
<BR><BR>[Called By]<UL><LI><a href="#[a0]">&gt;&gt;</a>&nbsp;&nbsp;&nbsp;TerminalCommand::terminalCommandHandler(DJI::onboardSDK::CoreAPI*, DJI::onboardSDK::Flight*)
</UL>

<P><STRONG><a name="[84]"></a>__sti___11_Receive_cpp_88bc3a46</STRONG> (Thumb, 14 bytes, Stack size 0 bytes, receive.o(.text))
<BR>[Address Reference Count : 1]<UL><LI> receive.o(.init_array)
</UL>
<P><STRONG><a name="[c3]"></a>gps_convert_ned_rad(float&, float&, float, float, float, float)</STRONG> (Thumb, 84 bytes, Stack size 40 bytes, localnavigation.o(.text))
<BR><BR>[Stack]<UL><LI>Max Depth = 40<LI>Call Chain = gps_convert_ned_rad(float&, float&, float, float, float, float)
</UL>
<BR>[Calls]<UL><LI><a href="#[c4]">&gt;&gt;</a>&nbsp;&nbsp;&nbsp;arm_cos_f32
</UL>
<BR>[Called By]<UL><LI><a href="#[c5]">&gt;&gt;</a>&nbsp;&nbsp;&nbsp;gps_convert_ned(DJI::onboardSDK::PositionData, DJI::onboardSDK::PositionData)
</UL>

<P><STRONG><a name="[c5]"></a>gps_convert_ned(DJI::onboardSDK::PositionData, DJI::onboardSDK::PositionData)</STRONG> (Thumb, 188 bytes, Stack size 48 bytes, localnavigation.o(.text))
<BR><BR>[Stack]<UL><LI>Max Depth = 88<LI>Call Chain = gps_convert_ned(DJI::onboardSDK::PositionData, DJI::onboardSDK::PositionData) &rArr; gps_convert_ned_rad(float&, float&, float, float, float, float)
</UL>
<BR>[Calls]<UL><LI><a href="#[c6]">&gt;&gt;</a>&nbsp;&nbsp;&nbsp;__aeabi_d2f
<LI><a href="#[c3]">&gt;&gt;</a>&nbsp;&nbsp;&nbsp;gps_convert_ned_rad(float&, float&, float, float, float, float)
</UL>
<BR>[Called By]<UL><LI><a href="#[c7]">&gt;&gt;</a>&nbsp;&nbsp;&nbsp;updateCurveFollowing()
</UL>

<P><STRONG><a name="[ea]"></a>CheckITStatus</STRONG> (Thumb, 18 bytes, Stack size 0 bytes, stm32f4xx_can.o(.text), UNUSED)
<BR><BR>[Called By]<UL><LI><a href="#[e9]">&gt;&gt;</a>&nbsp;&nbsp;&nbsp;CAN_GetITStatus
</UL>

<P><STRONG><a name="[f8]"></a>TI4_Config</STRONG> (Thumb, 80 bytes, Stack size 20 bytes, stm32f4xx_tim.o(.text), UNUSED)
<BR><BR>[Called By]<UL><LI><a href="#[f1]">&gt;&gt;</a>&nbsp;&nbsp;&nbsp;TIM_ICInit
</UL>

<P><STRONG><a name="[f6]"></a>TI3_Config</STRONG> (Thumb, 72 bytes, Stack size 20 bytes, stm32f4xx_tim.o(.text), UNUSED)
<BR><BR>[Called By]<UL><LI><a href="#[f1]">&gt;&gt;</a>&nbsp;&nbsp;&nbsp;TIM_ICInit
</UL>

<P><STRONG><a name="[f4]"></a>TI2_Config</STRONG> (Thumb, 90 bytes, Stack size 20 bytes, stm32f4xx_tim.o(.text), UNUSED)
<BR><BR>[Called By]<UL><LI><a href="#[fd]">&gt;&gt;</a>&nbsp;&nbsp;&nbsp;TIM_TIxExternalClockConfig
<LI><a href="#[fa]">&gt;&gt;</a>&nbsp;&nbsp;&nbsp;TIM_PWMIConfig
<LI><a href="#[f1]">&gt;&gt;</a>&nbsp;&nbsp;&nbsp;TIM_ICInit
</UL>

<P><STRONG><a name="[f2]"></a>TI1_Config</STRONG> (Thumb, 58 bytes, Stack size 20 bytes, stm32f4xx_tim.o(.text), UNUSED)
<BR><BR>[Called By]<UL><LI><a href="#[fd]">&gt;&gt;</a>&nbsp;&nbsp;&nbsp;TIM_TIxExternalClockConfig
<LI><a href="#[fa]">&gt;&gt;</a>&nbsp;&nbsp;&nbsp;TIM_PWMIConfig
<LI><a href="#[f1]">&gt;&gt;</a>&nbsp;&nbsp;&nbsp;TIM_ICInit
</UL>

<P><STRONG><a name="[103]"></a>SetSysClock</STRONG> (Thumb, 220 bytes, Stack size 12 bytes, system_stm32f4xx.o(.text))
<BR><BR>[Stack]<UL><LI>Max Depth = 12<LI>Call Chain = SetSysClock
</UL>
<BR>[Called By]<UL><LI><a href="#[64]">&gt;&gt;</a>&nbsp;&nbsp;&nbsp;SystemInit
</UL>

<P><STRONG><a name="[1de]"></a>_fp_digits</STRONG> (Thumb, 334 bytes, Stack size 56 bytes, printfa.o(i._fp_digits), UNUSED)
<BR><BR>[Calls]<UL><LI><a href="#[15c]">&gt;&gt;</a>&nbsp;&nbsp;&nbsp;__aeabi_dmul
<LI><a href="#[15b]">&gt;&gt;</a>&nbsp;&nbsp;&nbsp;__aeabi_dadd
<LI><a href="#[15d]">&gt;&gt;</a>&nbsp;&nbsp;&nbsp;__aeabi_cdrcmple
<LI><a href="#[1c0]">&gt;&gt;</a>&nbsp;&nbsp;&nbsp;__aeabi_ddiv
<LI><a href="#[1bd]">&gt;&gt;</a>&nbsp;&nbsp;&nbsp;__aeabi_uldivmod
<LI><a href="#[1c1]">&gt;&gt;</a>&nbsp;&nbsp;&nbsp;__aeabi_d2ulz
</UL>
<BR>[Called By]<UL><LI><a href="#[1cd]">&gt;&gt;</a>&nbsp;&nbsp;&nbsp;_printf_core
</UL>

<P><STRONG><a name="[1cd]"></a>_printf_core</STRONG> (Thumb, 1744 bytes, Stack size 136 bytes, printfa.o(i._printf_core), UNUSED)
<BR><BR>[Calls]<UL><LI><a href="#[1bd]">&gt;&gt;</a>&nbsp;&nbsp;&nbsp;__aeabi_uldivmod
<LI><a href="#[1e1]">&gt;&gt;</a>&nbsp;&nbsp;&nbsp;__aeabi_uidivmod
<LI><a href="#[1df]">&gt;&gt;</a>&nbsp;&nbsp;&nbsp;_printf_pre_padding
<LI><a href="#[1e0]">&gt;&gt;</a>&nbsp;&nbsp;&nbsp;_printf_post_padding
<LI><a href="#[1de]">&gt;&gt;</a>&nbsp;&nbsp;&nbsp;_fp_digits
</UL>
<BR>[Called By]<UL><LI><a href="#[1ce]">&gt;&gt;</a>&nbsp;&nbsp;&nbsp;__0sprintf
<LI><a href="#[1cc]">&gt;&gt;</a>&nbsp;&nbsp;&nbsp;__0printf
</UL>

<P><STRONG><a name="[1e0]"></a>_printf_post_padding</STRONG> (Thumb, 36 bytes, Stack size 24 bytes, printfa.o(i._printf_post_padding), UNUSED)
<BR><BR>[Called By]<UL><LI><a href="#[1cd]">&gt;&gt;</a>&nbsp;&nbsp;&nbsp;_printf_core
</UL>

<P><STRONG><a name="[1df]"></a>_printf_pre_padding</STRONG> (Thumb, 46 bytes, Stack size 24 bytes, printfa.o(i._printf_pre_padding), UNUSED)
<BR><BR>[Called By]<UL><LI><a href="#[1cd]">&gt;&gt;</a>&nbsp;&nbsp;&nbsp;_printf_core
</UL>

<P><STRONG><a name="[6e]"></a>_sputc</STRONG> (Thumb, 10 bytes, Stack size 0 bytes, printfa.o(i._sputc))
<BR><BR>[Called By]<UL><LI><a href="#[1ce]">&gt;&gt;</a>&nbsp;&nbsp;&nbsp;__0sprintf
</UL>
<BR>[Address Reference Count : 1]<UL><LI> printfa.o(i.__0sprintf)
</UL>
<P><STRONG><a name="[69]"></a>_scanf_char_input</STRONG> (Thumb, 12 bytes, Stack size 0 bytes, scanf_char.o(.text))
<BR>[Address Reference Count : 1]<UL><LI> scanf_char.o(.text)
</UL>
<P><STRONG><a name="[6b]"></a>[local to arm_exceptions_c]::__default_terminate_handler()</STRONG> (Thumb, 6 bytes, Stack size 8 bytes, arm_exceptions_globs.o(.text))
<BR><BR>[Stack]<UL><LI>Max Depth = 8<LI>Call Chain = [local to arm_exceptions_c]::__default_terminate_handler()
</UL>
<BR>[Address Reference Count : 1]<UL><LI> arm_exceptions_globs.o(.text)
</UL><P>
<H3>
Undefined Global Symbols
</H3><HR></body></html>
